10-15 19:17:33.510 17658 17708 D xm      : @BLOB 0x3a 0x52 0x4e 0x45 0x54 0x2b 0x30 0x30 0x30 0x39 0x34 0x38 0x3b
10-15 19:17:33.510 17658 17708 D xm      : @lp7522_weight 948
10-15 19:17:33.510 17658 17708 D xm      : @notify_weight 847-th send '847@0@948'
10-15 19:17:34.582 17658 17708 D xm      : @BLOB 0x3a 0x52 0x4e 0x45 0x54 0x2b 0x30 0x30 0x30 0x39 0x34 0x38 0x3b
10-15 19:17:34.582 17658 17708 D xm      : @lp7522_weight 948
10-15 19:17:34.582 17658 17708 D xm      : @notify_weight 848-th send '848@0@948'
10-15 19:17:35.654 17658 17708 D xm      : @BLOB 0x3a 0x52 0x4e 0x45 0x54 0x2b 0x30 0x30 0x30 0x39 0x34 0x38 0x3b
10-15 19:17:35.654 17658 17708 D xm      : @lp7522_weight 948
10-15 19:17:35.654 17658 17708 D xm      : @notify_weight 849-th send '849@0@948'
10-15 19:17:36.727 17658 17708 D xm      : @BLOB 0x3a 0x52 0x4e 0x45 0x54 0x2b 0x30 0x30 0x30 0x39 0x34 0x38 0x3b
10-15 19:17:36.728 17658 17708 D xm      : @lp7522_weight 948
10-15 19:17:36.728 17658 17708 D xm      : @notify_weight 850-th send '850@0@948'
10-15 19:17:37.799 17658 17708 D xm      : @BLOB 0x3a 0x52 0x4e 0x45 0x54 0x2b 0x30 0x30 0x30 0x39 0x34 0x38 0x3b
10-15 19:17:37.799 17658 17708 D xm      : @lp7522_weight 948
10-15 19:17:37.799 17658 17708 D xm      : @notify_weight 851-th send '851@0@948'
10-15 19:17:38.871 17658 17708 D xm      : @BLOB 0x3a 0x52 0x4e 0x45 0x54 0x2b 0x30 0x30 0x30 0x39 0x34 0x38 0x3b
10-15 19:17:38.871 17658 17708 D xm      : @lp7522_weight 948
10-15 19:17:38.871 17658 17708 D xm      : @notify_weight 852-th send '852@0@948'
10-15 19:17:39.943 17658 17708 D xm      : @BLOB 0x3a 0x52 0x4e 0x45 0x54 0x2b 0x30 0x30 0x30 0x39 0x34 0x38 0x3b
10-15 19:17:39.943 17658 17708 D xm      : @lp7522_weight 948
10-15 19:17:39.943 17658 17708 D xm      : @notify_weight 853-th send '853@0@948'
10-15 19:17:40.934 17658 17658 D AlarmPingSender: Sending Ping at:1602760660934
10-15 19:17:40.936 17658 17658 D AlarmPingSender: Schedule next alarm at 1602760690956
10-15 19:17:40.936 17658 17658 D AlarmPingSender: Alarm scheule using setExactAndAllowWhileIdle, next: 30020
10-15 19:17:40.962 17658 17703 I weightfood: MqttControl: thread:427 mqtt public topic:device/reportStatus/weight/1419b209dab4544a msg:AliveData(deviceId=1419b209dab4544a, pid=20558, storeId=75636558, position=a, report_status=0, report_time=1602760660961, version_code=24, version_name=1.0.24-qa)  
10-15 19:17:41.014 17658 17708 D xm      : @BLOB 0x3a 0x52 0x4e 0x45 0x54 0x2b 0x30 0x30 0x30 0x39 0x34 0x38 0x3b
10-15 19:17:41.014 17658 17708 D xm      : @lp7522_weight 948
10-15 19:17:41.014 17658 17708 D xm      : @notify_weight 854-th send '854@0@948'
10-15 19:17:42.086 17658 17708 D xm      : @BLOB 0x3a 0x52 0x4e 0x45 0x54 0x2b 0x30 0x30 0x30 0x39 0x34 0x38 0x3b
10-15 19:17:42.086 17658 17708 D xm      : @lp7522_weight 948
10-15 19:17:42.086 17658 17708 D xm      : @notify_weight 855-th send '855@0@948'
10-15 19:17:43.160 17658 17708 D xm      : @BLOB 0x3a 0x52 0x4e 0x45 0x54 0x2b 0x30 0x30 0x30 0x39 0x34 0x38 0x3b
10-15 19:17:43.160 17658 17708 D xm      : @lp7522_weight 948
10-15 19:17:43.160 17658 17708 D xm      : @notify_weight 856-th send '856@0@948'
10-15 19:17:44.231 17658 17708 D xm      : @BLOB 0x3a 0x52 0x4e 0x45 0x54 0x2b 0x30 0x30 0x30 0x39 0x34 0x38 0x3b
10-15 19:17:44.232 17658 17708 D xm      : @lp7522_weight 948
10-15 19:17:44.232 17658 17708 D xm      : @notify_weight 857-th send '857@0@948'
10-15 19:17:45.304 17658 17708 D xm      : @BLOB 0x3a 0x52 0x4e 0x45 0x54 0x2b 0x30 0x30 0x30 0x39 0x34 0x38 0x3b
10-15 19:17:45.304 17658 17708 D xm      : @lp7522_weight 948
10-15 19:17:45.304 17658 17708 D xm      : @notify_weight 858-th send '858@0@948'
10-15 19:17:46.343  3135 17763 D NetworkMonitor/NetworkAgentInfo [Ethernet () - 101]: PROBE_DNS connectivitycheck.gstatic.com 3ms OK 203.208.39.226
10-15 19:17:46.344  3135 17762 D NetworkMonitor/NetworkAgentInfo [Ethernet () - 101]: PROBE_DNS www.google.com 6ms OK 108.160.167.174
10-15 19:17:46.375 17658 17708 D xm      : @BLOB 0x3a 0x52 0x4e 0x45 0x54 0x2b 0x30 0x30 0x30 0x39 0x34 0x38 0x3b
10-15 19:17:46.375 17658 17708 D xm      : @lp7522_weight 948
10-15 19:17:46.376 17658 17708 D xm      : @notify_weight 859-th send '859@0@948'
10-15 19:17:46.471  3135 17763 D NetworkMonitor/NetworkAgentInfo [Ethernet () - 101]: PROBE_HTTP http://connectivitycheck.gstatic.com/generate_204 time=126ms ret=204 request={User-Agent=[Mozilla/5.0 (X11; Linux x86_64) AppleWebKit/537.36 (KHTML, like Gecko) Chrome/60.0.3112.32 Safari/537.36]} headers={null=[HTTP/1.1 204 No Content], Content-Length=[0], Date=[Thu, 15 Oct 2020 11:17:47 GMT], X-Android-Received-Millis=[1602760666470], X-Android-Response-Source=[NETWORK 204], X-Android-Selected-Protocol=[http/1.1], X-Android-Sent-Millis=[1602760666382]}
10-15 19:17:47.447 17658 17708 D xm      : @BLOB 0x3a 0x52 0x4e 0x45 0x54 0x2b 0x30 0x30 0x30 0x39 0x34 0x38 0x3b
10-15 19:17:47.447 17658 17708 D xm      : @lp7522_weight 948
10-15 19:17:47.447 17658 17708 D xm      : @notify_weight 860-th send '860@0@948'
10-15 19:17:48.519 17658 17708 D xm      : @BLOB 0x3a 0x52 0x4e 0x45 0x54 0x2b 0x30 0x30 0x30 0x39 0x34 0x38 0x3b
10-15 19:17:48.519 17658 17708 D xm      : @lp7522_weight 948
10-15 19:17:48.519 17658 17708 D xm      : @notify_weight 861-th send '861@0@948'
10-15 19:17:49.593 17658 17708 D xm      : @BLOB 0x3a 0x52 0x4e 0x45 0x54 0x2b 0x30 0x30 0x30 0x39 0x34 0x38 0x3b
10-15 19:17:49.593 17658 17708 D xm      : @lp7522_weight 948
10-15 19:17:49.593 17658 17708 D xm      : @notify_weight 862-th send '862@0@948'
10-15 19:17:50.664 17658 17708 D xm      : @BLOB 0x3a 0x52 0x4e 0x45 0x54 0x2b 0x30 0x30 0x30 0x39 0x34 0x38 0x3b
10-15 19:17:50.665 17658 17708 D xm      : @lp7522_weight 948
10-15 19:17:50.665 17658 17708 D xm      : @notify_weight 863-th send '863@0@948'
10-15 19:17:51.736 17658 17708 D xm      : @BLOB 0x3a 0x52 0x4e 0x45 0x54 0x2b 0x30 0x30 0x30 0x39 0x34 0x38 0x3b
10-15 19:17:51.736 17658 17708 D xm      : @lp7522_weight 948
10-15 19:17:51.736 17658 17708 D xm      : @notify_weight 864-th send '864@0@948'
10-15 19:17:52.808 17658 17708 D xm      : @BLOB 0x3a 0x52 0x4e 0x45 0x54 0x2b 0x30 0x30 0x30 0x39 0x34 0x38 0x3b
10-15 19:17:52.808 17658 17708 D xm      : @lp7522_weight 948
10-15 19:17:52.808 17658 17708 D xm      : @notify_weight 865-th send '865@0@948'
10-15 19:17:53.880 17658 17708 D xm      : @BLOB 0x3a 0x52 0x4e 0x45 0x54 0x2b 0x30 0x30 0x30 0x39 0x34 0x38 0x3b
10-15 19:17:53.880 17658 17708 D xm      : @lp7522_weight 948
10-15 19:17:53.880 17658 17708 D xm      : @notify_weight 866-th send '866@0@948'
10-15 19:17:54.954 17658 17708 D xm      : @BLOB 0x3a 0x52 0x4e 0x45 0x54 0x2b 0x30 0x30 0x30 0x39 0x34 0x38 0x3b
10-15 19:17:54.954 17658 17708 D xm      : @lp7522_weight 948
10-15 19:17:54.954 17658 17708 D xm      : @notify_weight 867-th send '867@0@948'
10-15 19:17:56.025 17658 17708 D xm      : @BLOB 0x3a 0x52 0x4e 0x45 0x54 0x2b 0x30 0x30 0x30 0x39 0x34 0x38 0x3b
10-15 19:17:56.025 17658 17708 D xm      : @lp7522_weight 948
10-15 19:17:56.025 17658 17708 D xm      : @notify_weight 868-th send '868@0@948'
10-15 19:17:56.359  3135 17762 D NetworkMonitor/NetworkAgentInfo [Ethernet () - 101]: PROBE_HTTPS https://www.google.com/generate_204 Probe failed with exception java.net.SocketTimeoutException: failed to connect to /108.160.167.174 (port 443) from /192.168.10.171 (port 33326) after 10000ms
10-15 19:17:57.097 17658 17708 D xm      : @BLOB 0x3a 0x52 0x4e 0x45 0x54 0x2b 0x30 0x30 0x30 0x39 0x34 0x38 0x3b
10-15 19:17:57.097 17658 17708 D xm      : @lp7522_weight 948
10-15 19:17:57.097 17658 17708 D xm      : @notify_weight 869-th send '869@0@948'
10-15 19:17:58.169 17658 17708 D xm      : @BLOB 0x3a 0x52 0x4e 0x45 0x54 0x2b 0x30 0x30 0x30 0x39 0x34 0x38 0x3b
10-15 19:17:58.169 17658 17708 D xm      : @lp7522_weight 948
10-15 19:17:58.169 17658 17708 D xm      : @notify_weight 870-th send '870@0@948'
10-15 19:17:59.241 17658 17708 D xm      : @BLOB 0x3a 0x52 0x4e 0x45 0x54 0x2b 0x30 0x30 0x30 0x39 0x34 0x38 0x3b
10-15 19:17:59.241 17658 17708 D xm      : @lp7522_weight 948
10-15 19:17:59.241 17658 17708 D xm      : @notify_weight 871-th send '871@0@948'
10-15 19:17:59.354  3135  4720 D NetworkMonitor/NetworkAgentInfo [Ethernet () - 101]: PROBE_FALLBACK http://www.google.com/gen_204 Probe failed with exception java.net.SocketTimeoutException: failed to connect to /108.160.167.174 (port 80) from /192.168.10.171 (port 44066) after 10000ms
10-15 19:17:59.355  3135  3240 D ConnectivityService: NetworkAgentInfo [Ethernet () - 101] validation failed
10-15 19:18:00.312 17658 17708 D xm      : @BLOB 0x3a 0x52 0x4e 0x45 0x54 0x2b 0x30 0x30 0x30 0x39 0x34 0x38 0x3b
10-15 19:18:00.312 17658 17708 D xm      : @lp7522_weight 948
10-15 19:18:00.312 17658 17708 D xm      : @notify_weight 872-th send '872@0@948'
10-15 19:18:01.386 17658 17708 D xm      : @BLOB 0x3a 0x52 0x4e 0x45 0x54 0x2b 0x30 0x30 0x30 0x39 0x34 0x38 0x3b
10-15 19:18:01.386 17658 17708 D xm      : @lp7522_weight 948
10-15 19:18:01.386 17658 17708 D xm      : @notify_weight 873-th send '873@0@948'
10-15 19:18:02.459 17658 17708 D xm      : @BLOB 0x3a 0x52 0x4e 0x45 0x54 0x2b 0x30 0x30 0x30 0x39 0x34 0x38 0x3b
10-15 19:18:02.459 17658 17708 D xm      : @lp7522_weight 948
10-15 19:18:02.459 17658 17708 D xm      : @notify_weight 874-th send '874@0@948'
10-15 19:18:03.530 17658 17708 D xm      : @BLOB 0x3a 0x52 0x4e 0x45 0x54 0x2b 0x30 0x30 0x30 0x39 0x34 0x38 0x3b
10-15 19:18:03.530 17658 17708 D xm      : @lp7522_weight 948
10-15 19:18:03.530 17658 17708 D xm      : @notify_weight 875-th send '875@0@948'
10-15 19:18:04.601 17658 17708 D xm      : @BLOB 0x3a 0x52 0x4e 0x45 0x54 0x2b 0x30 0x30 0x30 0x39 0x34 0x38 0x3b
10-15 19:18:04.601 17658 17708 D xm      : @lp7522_weight 948
10-15 19:18:04.601 17658 17708 D xm      : @notify_weight 876-th send '876@0@948'
10-15 19:18:05.673 17658 17708 D xm      : @BLOB 0x3a 0x52 0x4e 0x45 0x54 0x2b 0x30 0x30 0x30 0x39 0x34 0x38 0x3b
10-15 19:18:05.673 17658 17708 D xm      : @lp7522_weight 948
10-15 19:18:05.673 17658 17708 D xm      : @notify_weight 877-th send '877@0@948'
10-15 19:18:06.745 17658 17708 D xm      : @BLOB 0x3a 0x52 0x4e 0x45 0x54 0x2b 0x30 0x30 0x30 0x39 0x34 0x38 0x3b
10-15 19:18:06.745 17658 17708 D xm      : @lp7522_weight 948
10-15 19:18:06.745 17658 17708 D xm      : @notify_weight 878-th send '878@0@948'
10-15 19:18:07.819 17658 17708 D xm      : @BLOB 0x3a 0x52 0x4e 0x45 0x54 0x2b 0x30 0x30 0x30 0x39 0x34 0x38 0x3b
10-15 19:18:07.819 17658 17708 D xm      : @lp7522_weight 948
10-15 19:18:07.819 17658 17708 D xm      : @notify_weight 879-th send '879@0@948'
10-15 19:18:08.890 17658 17708 D xm      : @BLOB 0x3a 0x52 0x4e 0x45 0x54 0x2b 0x30 0x30 0x30 0x39 0x34 0x38 0x3b
10-15 19:18:08.890 17658 17708 D xm      : @lp7522_weight 948
10-15 19:18:08.890 17658 17708 D xm      : @notify_weight 880-th send '880@0@948'
10-15 19:18:09.962 17658 17708 D xm      : @BLOB 0x3a 0x52 0x4e 0x45 0x54 0x2b 0x30 0x30 0x30 0x39 0x34 0x38 0x3b
10-15 19:18:09.962 17658 17708 D xm      : @lp7522_weight 948
10-15 19:18:09.962 17658 17708 D xm      : @notify_weight 881-th send '881@0@948'
10-15 19:18:10.958 17658 17658 D AlarmPingSender: Sending Ping at:1602760690958
10-15 19:18:10.959 17658 17658 D AlarmPingSender: Schedule next alarm at 1602760720975
10-15 19:18:10.959 17658 17658 D AlarmPingSender: Alarm scheule using setExactAndAllowWhileIdle, next: 30016
10-15 19:18:10.982 17658 17703 I weightfood: MqttControl: thread:427 mqtt public topic:device/reportStatus/weight/1419b209dab4544a msg:AliveData(deviceId=1419b209dab4544a, pid=20558, storeId=75636558, position=a, report_status=0, report_time=1602760690981, version_code=24, version_name=1.0.24-qa)  
10-15 19:18:11.034 17658 17708 D xm      : @BLOB 0x3a 0x52 0x4e 0x45 0x54 0x2b 0x30 0x30 0x30 0x39 0x34 0x38 0x3b
10-15 19:18:11.034 17658 17708 D xm      : @lp7522_weight 948
10-15 19:18:11.034 17658 17708 D xm      : @notify_weight 882-th send '882@0@948'
10-15 19:18:12.105 17658 17708 D xm      : @BLOB 0x3a 0x52 0x4e 0x45 0x54 0x2b 0x30 0x30 0x30 0x39 0x34 0x38 0x3b
10-15 19:18:12.105 17658 17708 D xm      : @lp7522_weight 948
10-15 19:18:12.105 17658 17708 D xm      : @notify_weight 883-th send '883@0@948'
10-15 19:18:13.179 17658 17708 D xm      : @BLOB 0x3a 0x52 0x4e 0x45 0x54 0x2b 0x30 0x30 0x30 0x39 0x34 0x38 0x3b
10-15 19:18:13.179 17658 17708 D xm      : @lp7522_weight 948
10-15 19:18:13.179 17658 17708 D xm      : @notify_weight 884-th send '884@0@948'
10-15 19:18:14.251 17658 17708 D xm      : @BLOB 0x3a 0x52 0x4e 0x45 0x54 0x2b 0x30 0x30 0x30 0x39 0x34 0x38 0x3b
10-15 19:18:14.251 17658 17708 D xm      : @lp7522_weight 948
10-15 19:18:14.251 17658 17708 D xm      : @notify_weight 885-th send '885@0@948'
10-15 19:18:15.323 17658 17708 D xm      : @BLOB 0x3a 0x52 0x4e 0x45 0x54 0x2b 0x30 0x30 0x30 0x39 0x34 0x38 0x3b
10-15 19:18:15.323 17658 17708 D xm      : @lp7522_weight 948
10-15 19:18:15.323 17658 17708 D xm      : @notify_weight 886-th send '886@0@948'
10-15 19:18:16.395 17658 17708 D xm      : @BLOB 0x3a 0x52 0x4e 0x45 0x54 0x2b 0x30 0x30 0x30 0x39 0x34 0x38 0x3b
10-15 19:18:16.395 17658 17708 D xm      : @lp7522_weight 948
10-15 19:18:16.395 17658 17708 D xm      : @notify_weight 887-th send '887@0@948'
10-15 19:18:17.467 17658 17708 D xm      : @BLOB 0x3a 0x52 0x4e 0x45 0x54 0x2b 0x30 0x30 0x30 0x39 0x34 0x38 0x3b
10-15 19:18:17.467 17658 17708 D xm      : @lp7522_weight 948
10-15 19:18:17.467 17658 17708 D xm      : @notify_weight 888-th send '888@0@948'
10-15 19:18:18.538 17658 17708 D xm      : @BLOB 0x3a 0x52 0x4e 0x45 0x54 0x2b 0x30 0x30 0x30 0x39 0x34 0x38 0x3b
10-15 19:18:18.538 17658 17708 D xm      : @lp7522_weight 948
10-15 19:18:18.538 17658 17708 D xm      : @notify_weight 889-th send '889@0@948'
10-15 19:18:19.612 17658 17708 D xm      : @BLOB 0x3a 0x52 0x4e 0x45 0x54 0x2b 0x30 0x30 0x30 0x39 0x34 0x38 0x3b
10-15 19:18:19.612 17658 17708 D xm      : @lp7522_weight 948
10-15 19:18:19.612 17658 17708 D xm      : @notify_weight 890-th send '890@0@948'
10-15 19:18:20.683 17658 17708 D xm      : @BLOB 0x3a 0x52 0x4e 0x45 0x54 0x2b 0x30 0x30 0x30 0x39 0x34 0x38 0x3b
10-15 19:18:20.683 17658 17708 D xm      : @lp7522_weight 948
10-15 19:18:20.684 17658 17708 D xm      : @notify_weight 891-th send '891@0@948'
10-15 19:18:21.756 17658 17708 D xm      : @BLOB 0x3a 0x52 0x4e 0x45 0x54 0x2b 0x30 0x30 0x30 0x39 0x34 0x38 0x3b
10-15 19:18:21.756 17658 17708 D xm      : @lp7522_weight 948
10-15 19:18:21.756 17658 17708 D xm      : @notify_weight 892-th send '892@0@948'
10-15 19:18:22.827 17658 17708 D xm      : @BLOB 0x3a 0x52 0x4e 0x45 0x54 0x2b 0x30 0x30 0x30 0x39 0x34 0x38 0x3b
10-15 19:18:22.827 17658 17708 D xm      : @lp7522_weight 948
10-15 19:18:22.828 17658 17708 D xm      : @notify_weight 893-th send '893@0@948'
10-15 19:18:23.899 17658 17708 D xm      : @BLOB 0x3a 0x52 0x4e 0x45 0x54 0x2b 0x30 0x30 0x30 0x39 0x34 0x38 0x3b
10-15 19:18:23.899 17658 17708 D xm      : @lp7522_weight 948
10-15 19:18:23.899 17658 17708 D xm      : @notify_weight 894-th send '894@0@948'
10-15 19:18:24.971 17658 17708 D xm      : @BLOB 0x3a 0x52 0x4e 0x45 0x54 0x2b 0x30 0x30 0x30 0x39 0x34 0x38 0x3b
10-15 19:18:24.971 17658 17708 D xm      : @lp7522_weight 948
10-15 19:18:24.971 17658 17708 D xm      : @notify_weight 895-th send '895@0@948'
10-15 19:18:26.045 17658 17708 D xm      : @BLOB 0x3a 0x52 0x4e 0x45 0x54 0x2b 0x30 0x30 0x30 0x39 0x34 0x38 0x3b
10-15 19:18:26.045 17658 17708 D xm      : @lp7522_weight 948
10-15 19:18:26.045 17658 17708 D xm      : @notify_weight 896-th send '896@0@948'
10-15 19:18:27.117 17658 17708 D xm      : @BLOB 0x3a 0x52 0x4e 0x45 0x54 0x2b 0x30 0x30 0x30 0x39 0x34 0x38 0x3b
10-15 19:18:27.117 17658 17708 D xm      : @lp7522_weight 948
10-15 19:18:27.117 17658 17708 D xm      : @notify_weight 897-th send '897@0@948'
10-15 19:18:28.188 17658 17708 D xm      : @BLOB 0x3a 0x52 0x4e 0x45 0x54 0x2b 0x30 0x30 0x30 0x39 0x34 0x38 0x3b
10-15 19:18:28.188 17658 17708 D xm      : @lp7522_weight 948
10-15 19:18:28.188 17658 17708 D xm      : @notify_weight 898-th send '898@0@948'
10-15 19:18:29.260 17658 17708 D xm      : @BLOB 0x3a 0x52 0x4e 0x45 0x54 0x2b 0x30 0x30 0x30 0x39 0x34 0x38 0x3b
10-15 19:18:29.260 17658 17708 D xm      : @lp7522_weight 948
10-15 19:18:29.260 17658 17708 D xm      : @notify_weight 899-th send '899@0@948'
10-15 19:18:30.332 17658 17708 D xm      : @BLOB 0x3a 0x52 0x4e 0x45 0x54 0x2b 0x30 0x30 0x30 0x39 0x34 0x38 0x3b
10-15 19:18:30.332 17658 17708 D xm      : @lp7522_weight 948
10-15 19:18:30.332 17658 17708 D xm      : @notify_weight 900-th send '900@0@948'
10-15 19:18:31.239  3135  3144 I system_server: Background concurrent copying GC freed 182627(5MB) AllocSpace objects, 0(0B) LOS objects, 42% free, 7MB/12MB, paused 214us total 104.975ms
10-15 19:18:31.406 17658 17708 D xm      : @BLOB 0x3a 0x52 0x4e 0x45 0x54 0x2b 0x30 0x30 0x30 0x39 0x34 0x38 0x3b
10-15 19:18:31.406 17658 17708 D xm      : @lp7522_weight 948
10-15 19:18:31.406 17658 17708 D xm      : @notify_weight 901-th send '901@0@948'
10-15 19:18:32.477 17658 17708 D xm      : @BLOB 0x3a 0x52 0x4e 0x45 0x54 0x2b 0x30 0x30 0x30 0x39 0x34 0x38 0x3b
10-15 19:18:32.477 17658 17708 D xm      : @lp7522_weight 948
10-15 19:18:32.478 17658 17708 D xm      : @notify_weight 902-th send '902@0@948'
10-15 19:18:33.549 17658 17708 D xm      : @BLOB 0x3a 0x52 0x4e 0x45 0x54 0x2b 0x30 0x30 0x30 0x39 0x34 0x38 0x3b
10-15 19:18:33.549 17658 17708 D xm      : @lp7522_weight 948
10-15 19:18:33.549 17658 17708 D xm      : @notify_weight 903-th send '903@0@948'
10-15 19:18:34.621 17658 17708 D xm      : @BLOB 0x3a 0x52 0x4e 0x45 0x54 0x2b 0x30 0x30 0x30 0x39 0x34 0x38 0x3b
10-15 19:18:34.621 17658 17708 D xm      : @lp7522_weight 948
10-15 19:18:34.621 17658 17708 D xm      : @notify_weight 904-th send '904@0@948'
10-15 19:18:35.693 17658 17708 D xm      : @BLOB 0x3a 0x52 0x4e 0x45 0x54 0x2b 0x30 0x30 0x30 0x39 0x34 0x38 0x3b
10-15 19:18:35.693 17658 17708 D xm      : @lp7522_weight 948
10-15 19:18:35.693 17658 17708 D xm      : @notify_weight 905-th send '905@0@948'
10-15 19:18:36.764 17658 17708 D xm      : @BLOB 0x3a 0x52 0x4e 0x45 0x54 0x2b 0x30 0x30 0x30 0x39 0x34 0x38 0x3b
10-15 19:18:36.764 17658 17708 D xm      : @lp7522_weight 948
10-15 19:18:36.764 17658 17708 D xm      : @notify_weight 906-th send '906@0@948'
10-15 19:18:37.838 17658 17708 D xm      : @BLOB 0x3a 0x52 0x4e 0x45 0x54 0x2b 0x30 0x30 0x30 0x39 0x34 0x38 0x3b
10-15 19:18:37.838 17658 17708 D xm      : @lp7522_weight 948
10-15 19:18:37.838 17658 17708 D xm      : @notify_weight 907-th send '907@0@948'
10-15 19:18:38.910 17658 17708 D xm      : @BLOB 0x3a 0x52 0x4e 0x45 0x54 0x2b 0x30 0x30 0x30 0x39 0x34 0x38 0x3b
10-15 19:18:38.910 17658 17708 D xm      : @lp7522_weight 948
10-15 19:18:38.910 17658 17708 D xm      : @notify_weight 908-th send '908@0@948'
10-15 19:18:39.982 17658 17708 D xm      : @BLOB 0x3a 0x52 0x4e 0x45 0x54 0x2b 0x30 0x30 0x30 0x39 0x34 0x38 0x3b
10-15 19:18:39.982 17658 17708 D xm      : @lp7522_weight 948
10-15 19:18:39.982 17658 17708 D xm      : @notify_weight 909-th send '909@0@948'
10-15 19:18:40.977 17658 17658 D AlarmPingSender: Sending Ping at:1602760720977
10-15 19:18:40.979 17658 17658 D AlarmPingSender: Schedule next alarm at 1602760750994
10-15 19:18:40.979 17658 17658 D AlarmPingSender: Alarm scheule using setExactAndAllowWhileIdle, next: 30015
10-15 19:18:41.002 17658 17703 I weightfood: MqttControl: thread:427 mqtt public topic:device/reportStatus/weight/1419b209dab4544a msg:AliveData(deviceId=1419b209dab4544a, pid=20558, storeId=75636558, position=a, report_status=0, report_time=1602760721001, version_code=24, version_name=1.0.24-qa)  
10-15 19:18:41.053 17658 17708 D xm      : @BLOB 0x3a 0x52 0x4e 0x45 0x54 0x2b 0x30 0x30 0x30 0x39 0x34 0x38 0x3b
10-15 19:18:41.053 17658 17708 D xm      : @lp7522_weight 948
10-15 19:18:41.053 17658 17708 D xm      : @notify_weight 910-th send '910@0@948'
10-15 19:18:42.125 17658 17708 D xm      : @BLOB 0x3a 0x52 0x4e 0x45 0x54 0x2b 0x30 0x30 0x30 0x39 0x34 0x38 0x3b
10-15 19:18:42.125 17658 17708 D xm      : @lp7522_weight 948
10-15 19:18:42.125 17658 17708 D xm      : @notify_weight 911-th send '911@0@948'
10-15 19:18:43.199 17658 17708 D xm      : @BLOB 0x3a 0x52 0x4e 0x45 0x54 0x2b 0x30 0x30 0x30 0x39 0x34 0x38 0x3b
10-15 19:18:43.199 17658 17708 D xm      : @lp7522_weight 948
10-15 19:18:43.199 17658 17708 D xm      : @notify_weight 912-th send '912@0@948'
10-15 19:18:44.271 17658 17708 D xm      : @BLOB 0x3a 0x52 0x4e 0x45 0x54 0x2b 0x30 0x30 0x30 0x39 0x34 0x38 0x3b
10-15 19:18:44.271 17658 17708 D xm      : @lp7522_weight 948
10-15 19:18:44.271 17658 17708 D xm      : @notify_weight 913-th send '913@0@948'
10-15 19:18:45.343 17658 17708 D xm      : @BLOB 0x3a 0x52 0x4e 0x45 0x54 0x2b 0x30 0x30 0x30 0x39 0x34 0x38 0x3b
10-15 19:18:45.343 17658 17708 D xm      : @lp7522_weight 948
10-15 19:18:45.343 17658 17708 D xm      : @notify_weight 914-th send '914@0@948'
10-15 19:18:46.414 17658 17708 D xm      : @BLOB 0x3a 0x52 0x4e 0x45 0x54 0x2b 0x30 0x30 0x30 0x39 0x34 0x38 0x3b
10-15 19:18:46.415 17658 17708 D xm      : @lp7522_weight 948
10-15 19:18:46.415 17658 17708 D xm      : @notify_weight 915-th send '915@0@948'
10-15 19:18:47.486 17658 17708 D xm      : @BLOB 0x3a 0x52 0x4e 0x45 0x54 0x2b 0x30 0x30 0x30 0x39 0x34 0x38 0x3b
10-15 19:18:47.486 17658 17708 D xm      : @lp7522_weight 948
10-15 19:18:47.486 17658 17708 D xm      : @notify_weight 916-th send '916@0@948'
10-15 19:18:48.558 17658 17708 D xm      : @BLOB 0x3a 0x52 0x4e 0x45 0x54 0x2b 0x30 0x30 0x30 0x39 0x34 0x38 0x3b
10-15 19:18:48.558 17658 17708 D xm      : @lp7522_weight 948
10-15 19:18:48.558 17658 17708 D xm      : @notify_weight 917-th send '917@0@948'
10-15 19:18:49.632 17658 17708 D xm      : @BLOB 0x3a 0x52 0x4e 0x45 0x54 0x2b 0x30 0x30 0x30 0x39 0x34 0x38 0x3b
10-15 19:18:49.632 17658 17708 D xm      : @lp7522_weight 948
10-15 19:18:49.632 17658 17708 D xm      : @notify_weight 918-th send '918@0@948'
10-15 19:18:50.704 17658 17708 D xm      : @BLOB 0x3a 0x52 0x4e 0x45 0x54 0x2b 0x30 0x30 0x30 0x39 0x34 0x38 0x3b
10-15 19:18:50.704 17658 17708 D xm      : @lp7522_weight 948
10-15 19:18:50.704 17658 17708 D xm      : @notify_weight 919-th send '919@0@948'
10-15 19:18:51.776 17658 17708 D xm      : @BLOB 0x3a 0x52 0x4e 0x45 0x54 0x2b 0x30 0x30 0x30 0x39 0x34 0x38 0x3b
10-15 19:18:51.776 17658 17708 D xm      : @lp7522_weight 948
10-15 19:18:51.776 17658 17708 D xm      : @notify_weight 920-th send '920@0@948'
10-15 19:18:52.847 17658 17708 D xm      : @BLOB 0x3a 0x52 0x4e 0x45 0x54 0x2b 0x30 0x30 0x30 0x39 0x34 0x38 0x3b
10-15 19:18:52.847 17658 17708 D xm      : @lp7522_weight 948
10-15 19:18:52.847 17658 17708 D xm      : @notify_weight 921-th send '921@0@948'
10-15 19:18:53.919 17658 17708 D xm      : @BLOB 0x3a 0x52 0x4e 0x45 0x54 0x2b 0x30 0x30 0x30 0x39 0x34 0x38 0x3b
10-15 19:18:53.919 17658 17708 D xm      : @lp7522_weight 948
10-15 19:18:53.919 17658 17708 D xm      : @notify_weight 922-th send '922@0@948'
10-15 19:18:54.991 17658 17708 D xm      : @BLOB 0x3a 0x52 0x4e 0x45 0x54 0x2b 0x30 0x30 0x30 0x39 0x34 0x38 0x3b
10-15 19:18:54.991 17658 17708 D xm      : @lp7522_weight 948
10-15 19:18:54.991 17658 17708 D xm      : @notify_weight 923-th send '923@0@948'
10-15 19:18:56.065 17658 17708 D xm      : @BLOB 0x3a 0x52 0x4e 0x45 0x54 0x2b 0x30 0x30 0x30 0x39 0x34 0x38 0x3b
10-15 19:18:56.065 17658 17708 D xm      : @lp7522_weight 948
10-15 19:18:56.065 17658 17708 D xm      : @notify_weight 924-th send '924@0@948'
10-15 19:18:57.136 17658 17708 D xm      : @BLOB 0x3a 0x52 0x4e 0x45 0x54 0x2b 0x30 0x30 0x30 0x39 0x34 0x38 0x3b
10-15 19:18:57.136 17658 17708 D xm      : @lp7522_weight 948
10-15 19:18:57.137 17658 17708 D xm      : @notify_weight 925-th send '925@0@948'
10-15 19:18:58.208 17658 17708 D xm      : @BLOB 0x3a 0x52 0x4e 0x45 0x54 0x2b 0x30 0x30 0x30 0x39 0x34 0x38 0x3b
10-15 19:18:58.208 17658 17708 D xm      : @lp7522_weight 948
10-15 19:18:58.208 17658 17708 D xm      : @notify_weight 926-th send '926@0@948'
10-15 19:18:58.791 17658 17709 D xm      : @BLOB 0x42 0xac 0xcb 0xd5 0x50 0x1 0x4 0xe0 0 0x28 0 0 0 0 0
10-15 19:18:58.895 17658 17708 D xm      : @BLOB 0x3a 0x52 0x4e 0x45 0x54 0x2b 0x30 0x30 0x30 0x39 0x34 0x38 0x3b
10-15 19:18:58.895 17658 17708 D xm      : @lp7522_weight 948
10-15 19:18:58.896 17658 17708 D xm      : @notify_weight 927-th send '927@0@948'
10-15 19:18:58.896 17658 17709 D xm      : callback @JNI_CALL_BEGIN
10-15 19:18:58.897 17658 17709 I weightfood: JniControl:   callback status : 0  rfid:42accbd5500104e0 block: 00000028
10-15 19:18:58.898 17658 17709 D xm      : callback @JNI_CALL_END
10-15 19:18:58.899 17658 17701 I weightfood: JniControl: current state = 0 , handleEnter data:RfidWeightInfo(rfid=00000028)
10-15 19:18:58.899 17658 17701 I weightfood: JniControl: handleEnter same rfid ,  mLastConsumerData:null
10-15 19:18:58.899 17658 17701 D xm      : (WEIGH)set work mode to WORKING
10-15 19:18:58.899 17658 17701 I weightfood: JniControl: setState = 1
10-15 19:18:58.900 17658 17701 I weightfood: JniControl: getUserInfo rfid: 00000028, mRequestId:11
10-15 19:18:58.900 17658 17658 I weightfood: : 收到事件 NotifyData(type=2, data=00000028, time=0)
10-15 19:18:58.901 17658 17701 I weightfood: HttpUtil: post =====> isUseLongTimeConnect:false http://tc.iot.weimobqa.com/device/pallet/into/induction {"palletId":"00000028","pid":"20558","storeId":"75636558"}  
10-15 19:18:58.903 17658 17701 I weightfood: JniControl: handleEnter mCleanWeight:526  mEnterWeight:948
10-15 19:18:58.905 17658 17701 I weightfood: JniControl: compareWeight weight:948 mCompareCount:1 mEnterWeight:948 mLastCompareWeight:948
10-15 19:18:58.927  3017  3588 D SurfaceFlinger: duplicate layer name: changing com.xiaomeng.weightfoodpay/com.xiaomeng.weightfood.activity.MainActivity to com.xiaomeng.weightfoodpay/com.xiaomeng.weightfood.activity.MainActivity#1
10-15 19:18:59.024 17658 17708 D xm      : @BLOB 0x3a 0x52 0x4e 0x45 0x54 0x2b 0x30 0x30 0x30 0x39 0x34 0x38 0x3b
10-15 19:18:59.024 17658 17708 D xm      : @lp7522_weight 948
10-15 19:18:59.024 17658 17708 D xm      : @notify_weight 928-th send '928@40@948'
10-15 19:18:59.048 17658 17776 I weightfood: CustomResponseHandler: onSuccess :{"returnCode":"000000","returnMsg":null,"logBizData":null,"processResult":true,"responseVo":{"cardType":101,"memberStatus":101,"overdrawLimitAmount":5.00,"memberInfoDto":{"phone":"18621678052","nickname":"凯丽凯丽","headImg":"https://image-c-dev.weimobwmc.com/qa-gateway/5cf6a78120b8490f8d8217d31b335335.jpg?o2oApiId=441985","availableAmount":735.97,"currentExpenseAdmount":0.00},"palletOrderTokenId":"68dd56123f5448979a1da35d2aee4281"},"errT":null,"monitorTrackId":"346db7aa-f595-48c5-960f-70c50334f500","timestamp":"1602760739727","globalTicket":"960c1d5b12694d5e8faf81c59b5053b1","successForMornitor":true}
10-15 19:18:59.053 17658 17776 I weightfood: JniControl: onSuccess : UserInfo(memberInfoDto=UserDetailInfo(nickname=凯丽凯丽, userId=null, headImg=https://image-c-dev.weimobwmc.com/qa-gateway/5cf6a78120b8490f8d8217d31b335335.jpg?o2oApiId=441985, availableAmount=735.97, currentExpenseAdmount=0.0, rfid=null, msg=null), memberStatus=101, cardType=101, overdrawLimitAmount=5.0, palletOrderTokenId=68dd56123f5448979a1da35d2aee4281, rfid=null)
10-15 19:18:59.056 17658 17701 I weightfood: JniControl: handleUserSuccess: 11   11
10-15 19:18:59.056 17658 17701 I weightfood:  processAcount availableAmount :735.97 + 5.0 , currentExpenseAdmount:0.0
10-15 19:18:59.057 17658 17701 I weightfood: JniControl: setState = 2
10-15 19:18:59.098 17658 17709 D xm      : (RFID)card has gone? 1
10-15 19:18:59.109 17658 17701 I weightfood: JniControl: compareWeight weight:948 mCompareCount:2 mEnterWeight:948 mLastCompareWeight:948
10-15 19:18:59.152 17658 17708 D xm      : @BLOB 0x3a 0x52 0x4e 0x45 0x54 0x2b 0x30 0x30 0x30 0x39 0x34 0x38 0x3b
10-15 19:18:59.152 17658 17708 D xm      : @lp7522_weight 948
10-15 19:18:59.152 17658 17708 D xm      : @notify_weight 929-th send '929@40@948'
10-15 19:18:59.189 17658 17709 D xm      : @BLOB 0x42 0xac 0xcb 0xd5 0x50 0x1 0x4 0xe0 0 0x28 0 0 0 0 0
10-15 19:18:59.189 17658 17709 D xm      : (RFID)uid: 42accbd5500104e0, block: 0x00000028
10-15 19:18:59.281 17658 17708 D xm      : @BLOB 0x3a 0x52 0x4e 0x45 0x54 0x2b 0x30 0x30 0x30 0x39 0x35 0x30 0x3b
10-15 19:18:59.281 17658 17708 D xm      : @lp7522_weight 950
10-15 19:18:59.281 17658 17708 D xm      : @notify_weight 930-th send '930@40@950'
10-15 19:18:59.311 17658 17701 I weightfood: JniControl: compareWeight weight:948 mCompareCount:3 mEnterWeight:948 mLastCompareWeight:948
10-15 19:18:59.311 17658 17701 I weightfood: JniControl: 稳定点达到，开始结算
10-15 19:18:59.311 17658 17701 I weightfood: JniControl: settle  weight:948 - mInitWeight:0  - mCleanWeight:526  mAutoSettle:true
10-15 19:18:59.311 17658 17701 I weightfood: JniControl: notifyExit rfid:00000028  result:422  needSaveOrder:true
10-15 19:18:59.314 17658 17701 I weightfood: FileUtil:  save success
10-15 19:18:59.314 17658 17701 I weightfood: JniControl: saveOrderToLocal success...
10-15 19:18:59.318 17658 17658 I weightfood: OrderService: onStartCommand: upload
10-15 19:18:59.319 17658 17658 I weightfood: OrderControl: uploadNow
10-15 19:18:59.325 17658 17704 I weightfood: OrderControl:  {"dishesNumber":422,"enterTimestamp":1602760738899,"leaveTimestamp":1602760739311,"nickName":"凯丽凯丽","palletId":"00000028","palletOrderTokenId":"68dd56123f5448979a1da35d2aee4281","pid":"20558","storeId":"75636558","weightId":"1419b209dab4544a"} 上传中...
10-15 19:18:59.326 17658 17704 I weightfood: OrderControl: uploadFinalMsg:ConsumeData(palletId=00000028, dishesNumber=422, weightId=1419b209dab4544a, pid=20558, palletOrderTokenId=68dd56123f5448979a1da35d2aee4281, storeId=75636558, enterTimestamp=1602760738899, leaveTimestamp=1602760739311, nickName=凯丽凯丽, filePath=/storage/emulated/0/weightfood/order/00000028__030C4ABEC0D8E347A0FEF540F19A3E18)  /storage/emulated/0/weightfood/order/00000028__030C4ABEC0D8E347A0FEF540F19A3E18
10-15 19:18:59.328 17658 17704 I weightfood: HttpUtil: post =====> isUseLongTimeConnect:true http://tc.iot.weimobqa.com/device/pallet/leave/induction {"dishesNumber":422,"enterTimestamp":1602760738899,"filePath":"/storage/emulated/0/weightfood/order/00000028__030C4ABEC0D8E347A0FEF540F19A3E18","leaveTimestamp":1602760739311,"nickName":"凯丽凯丽","palletId":"00000028","palletOrderTokenId":"68dd56123f5448979a1da35d2aee4281","pid":"20558","storeId":"75636558","weightId":"1419b209dab4544a"}  
10-15 19:18:59.390 17658 17709 D xm      : (RFID)card has gone? 1
10-15 19:18:59.410 17658 17708 D xm      : @BLOB 0x3a 0x52 0x4e 0x45 0x54 0x2b 0x30 0x30 0x30 0x39 0x35 0x30 0x3b
10-15 19:18:59.410 17658 17708 D xm      : @lp7522_weight 950
10-15 19:18:59.410 17658 17708 D xm      : @notify_weight 931-th send '931@40@950'
10-15 19:18:59.539 17658 17776 I weightfood: CustomResponseHandler: onSuccess :{"returnCode":"000000","returnMsg":null,"logBizData":null,"processResult":true,"responseVo":null,"errT":null,"monitorTrackId":"34418a54-fbde-428d-abbc-de62557db486","timestamp":"1602760740233","globalTicket":"caf29bce0e1340a2a54c2f4f476a98f6","successForMornitor":true}
10-15 19:18:59.540 17658 17704 I weightfood: OrderControl: handleFileUploadCallback: ConsumeData(palletId=00000028, dishesNumber=422, weightId=1419b209dab4544a, pid=20558, palletOrderTokenId=68dd56123f5448979a1da35d2aee4281, storeId=75636558, enterTimestamp=1602760738899, leaveTimestamp=1602760739311, nickName=凯丽凯丽, filePath=/storage/emulated/0/weightfood/order/00000028__030C4ABEC0D8E347A0FEF540F19A3E18)  上传 成功 needRetry:true
10-15 19:18:59.540 17658 17776 I weightfood: HttpUtil: post =====> isUseLongTimeConnect:true http://tc.iot.weimobqa.com/immediately/settle {"dishesNumber":422,"enterTimestamp":1602760738899,"filePath":"/storage/emulated/0/weightfood/order/00000028__030C4ABEC0D8E347A0FEF540F19A3E18","leaveTimestamp":1602760739311,"nickName":"凯丽凯丽","palletId":"00000028","palletOrderTokenId":"68dd56123f5448979a1da35d2aee4281","pid":"20558","storeId":"75636558","weightId":"1419b209dab4544a"}  
10-15 19:18:59.542 17658 17704 I weightfood: OrderControl: /storage/emulated/0/weightfood/order/00000028__030C4ABEC0D8E347A0FEF540F19A3E18 is deleted: true
10-15 19:18:59.543 17658 17708 D xm      : @BLOB 0x3a 0x52 0x4e 0x45 0x54 0x2b 0x30 0x30 0x30 0x39 0x35 0x32 0x3b
10-15 19:18:59.543 17658 17708 D xm      : @lp7522_weight 952
10-15 19:18:59.543 17658 17708 D xm      : @notify_weight 932-th send '932@40@952'
10-15 19:18:59.549 17658 17658 I weightfood: MqttService: onStartCommand: mqtt
10-15 19:18:59.550 17658 17658 I weightfood: MqttControl: sendMessage:  PlateExitInfo(deviceId=1419b209dab4544a, dishId=00000028, orderTokenId=68dd56123f5448979a1da35d2aee4281, nickName=凯丽凯丽, enterTimestamp=1602760738899, leaveTimestamp=1602760739311, foodWeight=422, foodId=780200918558, foodName=菜品价格)
10-15 19:18:59.551 17658 17703 I weightfood: handleJniMessage  PlateExitInfo(deviceId=1419b209dab4544a, dishId=00000028, orderTokenId=68dd56123f5448979a1da35d2aee4281, nickName=凯丽凯丽, enterTimestamp=1602760738899, leaveTimestamp=1602760739311, foodWeight=422, foodId=780200918558, foodName=菜品价格)
10-15 19:18:59.551 17658 17703 I weightfood: MqttControl: thread:427 mqtt public topic:device/customerEvent/weight/1419b209dab4544a msg:PlateExitInfo(deviceId=1419b209dab4544a, dishId=00000028, orderTokenId=68dd56123f5448979a1da35d2aee4281, nickName=凯丽凯丽, enterTimestamp=1602760738899, leaveTimestamp=1602760739311, foodWeight=422, foodId=780200918558, foodName=菜品价格)  
10-15 19:18:59.553 17658 17658 I weightfood: JniService: onStartCommand: settle
10-15 19:18:59.553 17658 17658 I weightfood: JniControl: setSettle : SettleResult(rfid=00000028, isSuccess=true)
10-15 19:18:59.554 17658 17701 I weightfood: JniControl: notifySettleResult  settleResult: SettleResult(rfid=00000028, isSuccess=true)   mCurrentRfid:00000028  state:6
10-15 19:18:59.555 17658 17701 I weightfood: JniControl: setState = 7
10-15 19:18:59.555 17658 17701 I weightfood: processeExitWarn: availableAmount :735.97 + 5.0 , currentExpenseAdmount:0.0 + 50.64 
10-15 19:18:59.555 17658 17701 I weightfood: JniControl: notifySettleUi mLastConsumerData: SettleData(rfid=00000028, weight=422, currentConsume=50.64, remain=685.32996, isLimit=false, name=凯丽凯丽, isReUse=false)
10-15 19:18:59.556 17658 17658 I weightfood: : 收到事件 NotifyData(type=18, data=SettleData(rfid=00000028, weight=422, currentConsume=50.64, remain=685.32996, isLimit=false, name=凯丽凯丽, isReUse=false), time=0)
10-15 19:18:59.556 17658 17658 I weightfood: onSettleSuccess settleData:SettleData(rfid=00000028, weight=422, currentConsume=50.64, remain=685.32996, isLimit=false, name=凯丽凯丽, isReUse=false)
10-15 19:18:59.571  3135  3145 I ActivityManager: START u0 {cmp=com.xiaomeng.weightfoodpay/com.xiaomeng.weightfood.activity.SettleActivity (has extras)} from uid 10087
10-15 19:18:59.587 17658 17709 D xm      : @BLOB 0x42 0xac 0xcb 0xd5 0x50 0x1 0x4 0xe0 0 0x28 0 0 0 0 0
10-15 19:18:59.587 17658 17709 D xm      : (RFID)uid: 42accbd5500104e0, block: 0x00000028
10-15 19:18:59.598 17658 17779 I weightfood: CustomResponseHandler: onSuccess :{"returnCode":"000000","returnMsg":null,"logBizData":null,"processResult":true,"responseVo":{"orderNo":"95120101500169859558"},"errT":null,"monitorTrackId":"a7666491-11fd-4a52-b646-ecc777ba2354","timestamp":"1602760740289","globalTicket":"8b5234dc017a41b79ebb09fa68ed4e11","successForMornitor":true}
10-15 19:18:59.613 17658 17658 W ActivityThread: handleWindowVisibility: no activity for token android.os.BinderProxy@e56a341
10-15 19:18:59.669 17658 17708 D xm      : @BLOB 0x3a 0x52 0x4e 0x45 0x54 0x2b 0x30 0x30 0x30 0x39 0x35 0x32 0x3b
10-15 19:18:59.669 17658 17708 D xm      : @lp7522_weight 952
10-15 19:18:59.669 17658 17708 D xm      : @notify_weight 933-th send '933@40@952'
10-15 19:18:59.757 17658 17658 I weightfood: : 收到事件 NotifyData(type=1, data=952, time=0)
10-15 19:18:59.759  3017  3223 D SurfaceFlinger: duplicate layer name: changing Surface(name=aa9e01f NavigationBar)/@0x37a6604 - animation-leash to Surface(name=aa9e01f NavigationBar)/@0x37a6604 - animation-leash#1
10-15 19:18:59.787 17658 17709 D xm      : (RFID)card has gone? 1
10-15 19:18:59.798 17658 17708 D xm      : @BLOB 0x3a 0x52 0x4e 0x45 0x54 0x2b 0x30 0x30 0x30 0x39 0x35 0x32 0x3b
10-15 19:18:59.798 17658 17708 D xm      : @lp7522_weight 952
10-15 19:18:59.798 17658 17708 D xm      : @notify_weight 934-th send '934@40@952'
10-15 19:18:59.913 17658 17701 I weightfood: JniControl: compareWeight weight:952 mCompareCount:1 mEnterWeight:948 mLastCompareWeight:952
10-15 19:18:59.927 17658 17708 D xm      : @BLOB 0x3a 0x52 0x4e 0x45 0x54 0x2b 0x30 0x30 0x30 0x39 0x35 0x32 0x3b
10-15 19:18:59.927 17658 17708 D xm      : @lp7522_weight 952
10-15 19:18:59.927 17658 17708 D xm      : @notify_weight 935-th send '935@40@952'
10-15 19:18:59.985 17658 17709 D xm      : @BLOB 0x42 0xac 0xcb 0xd5 0x50 0x1 0x4 0xe0 0 0x28 0 0 0 0 0
10-15 19:18:59.985 17658 17709 D xm      : (RFID)uid: 42accbd5500104e0, block: 0x00000028
10-15 19:19:00.057 17658 17708 D xm      : @BLOB 0x3a 0x52 0x4e 0x45 0x54 0x2b 0x30 0x30 0x30 0x39 0x35 0x32 0x3b
10-15 19:19:00.058 17658 17708 D xm      : @lp7522_weight 952
10-15 19:19:00.058 17658 17708 D xm      : @notify_weight 936-th send '936@40@952'
10-15 19:19:00.093  3017  3223 W SurfaceFlinger: Attempting to set client state on removed layer: com.xiaomeng.weightfoodpay/com.xiaomeng.weightfood.activity.MainActivity#1
10-15 19:19:00.093  3017  3223 W SurfaceFlinger: Attempting to set client state on removed layer: Dim Layer for - Task=54#0
10-15 19:19:00.093  3017  3223 W SurfaceFlinger: Attempting to destroy on removed layer: com.xiaomeng.weightfoodpay/com.xiaomeng.weightfood.activity.MainActivity#1
10-15 19:19:00.093  3017  3223 W SurfaceFlinger: Attempting to destroy on removed layer: Dim Layer for - Task=54#0
10-15 19:19:00.114 17658 17701 I weightfood: JniControl: compareWeight weight:952 mCompareCount:2 mEnterWeight:948 mLastCompareWeight:952
10-15 19:19:00.186 17658 17708 D xm      : @BLOB 0x3a 0x52 0x4e 0x45 0x54 0x2b 0x30 0x30 0x30 0x39 0x35 0x32 0x3b
10-15 19:19:00.186 17658 17708 D xm      : @lp7522_weight 952
10-15 19:19:00.186 17658 17708 D xm      : @notify_weight 937-th send '937@40@952'
10-15 19:19:00.185 17658 17709 D xm      : (RFID)card has gone? 1
10-15 19:19:00.315 17658 17708 D xm      : @BLOB 0x3a 0x52 0x4e 0x45 0x54 0x2b 0x30 0x30 0x30 0x39 0x35 0x32 0x3b
10-15 19:19:00.315 17658 17708 D xm      : @lp7522_weight 952
10-15 19:19:00.315 17658 17708 D xm      : @notify_weight 938-th send '938@40@952'
10-15 19:19:00.315 17658 17701 I weightfood: JniControl: compareWeight weight:952 mCompareCount:3 mEnterWeight:948 mLastCompareWeight:952
10-15 19:19:00.382 17658 17709 D xm      : @BLOB 0x42 0xac 0xcb 0xd5 0x50 0x1 0x4 0xe0 0 0x28 0 0 0 0 0
10-15 19:19:00.382 17658 17709 D xm      : (RFID)uid: 42accbd5500104e0, block: 0x00000028
10-15 19:19:00.443 17658 17708 D xm      : @BLOB 0x3a 0x52 0x4e 0x45 0x54 0x2b 0x30 0x30 0x30 0x39 0x35 0x32 0x3b
10-15 19:19:00.443 17658 17708 D xm      : @lp7522_weight 952
10-15 19:19:00.443 17658 17708 D xm      : @notify_weight 939-th send '939@40@952'
10-15 19:19:00.516 17658 17701 I weightfood: JniControl: 稳定值:952 
10-15 19:19:00.571 17658 17708 D xm      : @BLOB 0x3a 0x52 0x4e 0x45 0x54 0x2b 0x30 0x30 0x30 0x39 0x35 0x32 0x3b
10-15 19:19:00.571 17658 17708 D xm      : @lp7522_weight 952
10-15 19:19:00.571 17658 17708 D xm      : @notify_weight 940-th send '940@40@952'
10-15 19:19:00.583 17658 17709 D xm      : (RFID)card has gone? 1
10-15 19:19:00.702 17658 17708 D xm      : @BLOB 0x3a 0x52 0x4e 0x45 0x54 0x2b 0x30 0x30 0x30 0x39 0x35 0x32 0x3b
10-15 19:19:00.702 17658 17708 D xm      : @lp7522_weight 952
10-15 19:19:00.702 17658 17708 D xm      : @notify_weight 941-th send '941@40@952'
10-15 19:19:00.780 17658 17709 D xm      : @BLOB 0x42 0xac 0xcb 0xd5 0x50 0x1 0x4 0xe0 0 0x28 0 0 0 0 0
10-15 19:19:00.780 17658 17709 D xm      : (RFID)uid: 42accbd5500104e0, block: 0x00000028
10-15 19:19:00.831 17658 17708 D xm      : @BLOB 0x3a 0x52 0x4e 0x45 0x54 0x2b 0x30 0x30 0x30 0x39 0x35 0x32 0x3b
10-15 19:19:00.831 17658 17708 D xm      : @lp7522_weight 952
10-15 19:19:00.831 17658 17708 D xm      : @notify_weight 942-th send '942@40@952'
10-15 19:19:00.960 17658 17708 D xm      : @BLOB 0x3a 0x52 0x4e 0x45 0x54 0x2b 0x30 0x30 0x30 0x39 0x35 0x32 0x3b
10-15 19:19:00.960 17658 17708 D xm      : @lp7522_weight 952
10-15 19:19:00.960 17658 17708 D xm      : @notify_weight 943-th send '943@40@952'
10-15 19:19:00.980 17658 17709 D xm      : (RFID)card has gone? 1
10-15 19:19:01.088 17658 17708 D xm      : @BLOB 0x3a 0x52 0x4e 0x45 0x54 0x2b 0x30 0x30 0x30 0x39 0x35 0x32 0x3b
10-15 19:19:01.089 17658 17708 D xm      : @lp7522_weight 952
10-15 19:19:01.089 17658 17708 D xm      : @notify_weight 944-th send '944@40@952'
10-15 19:19:01.178 17658 17709 D xm      : @BLOB 0x42 0xac 0xcb 0xd5 0x50 0x1 0x4 0xe0 0 0x28 0 0 0 0 0
10-15 19:19:01.178 17658 17709 D xm      : (RFID)uid: 42accbd5500104e0, block: 0x00000028
10-15 19:19:01.219 17658 17708 D xm      : @BLOB 0x3a 0x52 0x4e 0x45 0x54 0x2b 0x30 0x30 0x30 0x39 0x35 0x32 0x3b
10-15 19:19:01.219 17658 17708 D xm      : @lp7522_weight 952
10-15 19:19:01.219 17658 17708 D xm      : @notify_weight 945-th send '945@40@952'
10-15 19:19:01.347 17658 17708 D xm      : @BLOB 0x3a 0x52 0x4e 0x45 0x54 0x2b 0x30 0x30 0x30 0x39 0x35 0x32 0x3b
10-15 19:19:01.347 17658 17708 D xm      : @lp7522_weight 952
10-15 19:19:01.347 17658 17708 D xm      : @notify_weight 946-th send '946@40@952'
10-15 19:19:01.379 17658 17709 D xm      : (RFID)card has gone? 1
10-15 19:19:01.476 17658 17708 D xm      : @BLOB 0x3a 0x52 0x4e 0x45 0x54 0x2b 0x30 0x30 0x30 0x39 0x35 0x32 0x3b
10-15 19:19:01.476 17658 17708 D xm      : @lp7522_weight 952
10-15 19:19:01.476 17658 17708 D xm      : @notify_weight 947-th send '947@40@952'
10-15 19:19:01.576 17658 17709 D xm      : @BLOB 0x42 0xac 0xcb 0xd5 0x50 0x1 0x4 0xe0 0 0x28 0 0 0 0 0
10-15 19:19:01.576 17658 17709 D xm      : (RFID)uid: 42accbd5500104e0, block: 0x00000028
10-15 19:19:01.605 17658 17708 D xm      : @BLOB 0x3a 0x52 0x4e 0x45 0x54 0x2b 0x30 0x30 0x30 0x39 0x35 0x32 0x3b
10-15 19:19:01.605 17658 17708 D xm      : @lp7522_weight 952
10-15 19:19:01.605 17658 17708 D xm      : @notify_weight 948-th send '948@40@952'
10-15 19:19:01.733 17658 17708 D xm      : @BLOB 0x3a 0x52 0x4e 0x45 0x54 0x2b 0x30 0x30 0x30 0x39 0x35 0x32 0x3b
10-15 19:19:01.733 17658 17708 D xm      : @lp7522_weight 952
10-15 19:19:01.734 17658 17708 D xm      : @notify_weight 949-th send '949@40@952'
10-15 19:19:01.776 17658 17709 D xm      : (RFID)card has gone? 1
10-15 19:19:01.864 17658 17708 D xm      : @BLOB 0x3a 0x52 0x4e 0x45 0x54 0x2b 0x30 0x30 0x30 0x39 0x36 0x30 0x3b
10-15 19:19:01.864 17658 17708 D xm      : @lp7522_weight 960
10-15 19:19:01.864 17658 17708 D xm      : @notify_weight 950-th send '950@40@960'
10-15 19:19:01.921 17658 17658 I weightfood: : 收到事件 NotifyData(type=1, data=960, time=0)
10-15 19:19:01.977 17658 17709 D xm      : (RFID)card has gone? 2
10-15 19:19:01.993 17658 17708 D xm      : @BLOB 0x3a 0x52 0x4e 0x45 0x54 0x2b 0x30 0x30 0x30 0x39 0x37 0x38 0x3b
10-15 19:19:01.993 17658 17708 D xm      : @lp7522_weight 978
10-15 19:19:01.993 17658 17708 D xm      : @notify_weight 951-th send '951@40@978'
10-15 19:19:02.121 17658 17708 D xm      : @BLOB 0x3a 0x52 0x4e 0x45 0x54 0x2b 0x30 0x30 0x30 0x39 0x38 0x36 0x3b
10-15 19:19:02.121 17658 17708 D xm      : @lp7522_weight 986
10-15 19:19:02.121 17658 17708 D xm      : @notify_weight 952-th send '952@40@986'
10-15 19:19:02.121 17658 17658 I weightfood: : 收到事件 NotifyData(type=1, data=978, time=0)
10-15 19:19:02.177 17658 17709 D xm      : (RFID)card has gone? 3
10-15 19:19:02.250 17658 17708 D xm      : @BLOB 0x3a 0x52 0x4e 0x45 0x54 0x2b 0x30 0x30 0x30 0x39 0x39 0x30 0x3b
10-15 19:19:02.250 17658 17708 D xm      : @lp7522_weight 990
10-15 19:19:02.250 17658 17708 D xm      : @notify_weight 953-th send '953@40@990'
10-15 19:19:02.322 17658 17658 I weightfood: : 收到事件 NotifyData(type=1, data=990, time=0)
10-15 19:19:02.378 17658 17709 D xm      : (RFID)card has gone? 4
10-15 19:19:02.381 17658 17708 D xm      : @BLOB 0x3a 0x52 0x4e 0x45 0x54 0x2b 0x30 0x30 0x30 0x39 0x38 0x34 0x3b
10-15 19:19:02.381 17658 17708 D xm      : @lp7522_weight 984
10-15 19:19:02.381 17658 17708 D xm      : @notify_weight 954-th send '954@40@984'
10-15 19:19:02.466 17658 17708 D xm      : @BLOB 0x3a 0x52 0x4e 0x45 0x54 0x2b 0x30 0x30 0x30 0x39 0x38 0x34 0x3b
10-15 19:19:02.466 17658 17708 D xm      : @lp7522_weight 984
10-15 19:19:02.466 17658 17708 D xm      : @notify_weight 955-th send '955@40@984'
10-15 19:19:02.466 17658 17709 D xm      : callback @JNI_CALL_BEGIN
10-15 19:19:02.467 17658 17709 I weightfood: JniControl:   callback status : 1  rfid:42accbd5500104e0 block: 00000028
10-15 19:19:02.468 17658 17709 D xm      : callback @JNI_CALL_END
10-15 19:19:02.468 17658 17701 I weightfood: JniControl: current state = 7   , handleExit isManagerCard:false data:RfidWeightInfo(rfid=00000028)
10-15 19:19:02.468 17658 17701 E weightfood: JniControl: 结算成功，开始计算超时20s
10-15 19:19:02.468 17658 17701 I weightfood: JniControl: leave
10-15 19:19:02.469 17658 17701 I weightfood: JniControl: setState = 0
10-15 19:19:02.469 17658 17701 I weightfood: JniControl: reset
10-15 19:19:02.469 17658 17701 D xm      : (WEIGH)set work mode to IDLE
10-15 19:19:02.469 17658 17658 I weightfood: : 收到事件 NotifyData(type=3, data=null, time=0)
10-15 19:19:02.543 17658 17658 I weightfood: : 收到事件 NotifyData(type=1, data=984, time=0)
10-15 19:19:03.524 17658 17701 I weightfood: JniControl: compareWeight weight:984 mCompareCount:1 mEnterWeight:null mLastCompareWeight:984
10-15 19:19:03.539 17658 17708 D xm      : @BLOB 0x3a 0x52 0x4e 0x45 0x54 0x2b 0x30 0x30 0x30 0x39 0x34 0x38 0x3b
10-15 19:19:03.539 17658 17708 D xm      : @lp7522_weight 948
10-15 19:19:03.539 17658 17708 D xm      : @notify_weight 956-th send '956@0@948'
10-15 19:19:04.526 17658 17658 I weightfood: : 收到事件 NotifyData(type=1, data=948, time=0)
10-15 19:19:04.611 17658 17708 D xm      : @BLOB 0x3a 0x52 0x4e 0x45 0x54 0x2b 0x30 0x30 0x30 0x39 0x35 0x32 0x3b
10-15 19:19:04.611 17658 17708 D xm      : @lp7522_w