10-15 19:15:07.130 17658 17708 D xm      : @lp7522_weight 0
10-15 19:15:07.130 17658 17708 D xm      : @notify_weight 445-th send '445@1@0'
10-15 19:15:07.202 17658 17709 D xm      : (RFID)card has gone? 1
10-15 19:15:07.258 17658 17708 D xm      : @BLOB 0x3a 0x52 0x4e 0x45 0x54 0x2b 0x30 0x30 0x30 0x30 0x30 0x30 0x3b
10-15 19:15:07.258 17658 17708 D xm      : @lp7522_weight 0
10-15 19:15:07.258 17658 17708 D xm      : @notify_weight 446-th send '446@1@0'
10-15 19:15:07.300 17658 17709 D xm      : @BLOB 0x3c 0x8a 0xcb 0xd5 0x50 0x1 0x4 0xe0 0 0x1 0 0 0 0 0
10-15 19:15:07.301 17658 17709 D xm      : (RFID)uid: 3c8acbd5500104e0, block: 0x00000001
10-15 19:15:07.387 17658 17708 D xm      : @BLOB 0x3a 0x52 0x4e 0x45 0x54 0x2b 0x30 0x30 0x30 0x30 0x30 0x30 0x3b
10-15 19:15:07.387 17658 17708 D xm      : @lp7522_weight 0
10-15 19:15:07.387 17658 17708 D xm      : @notify_weight 447-th send '447@1@0'
10-15 19:15:07.501 17658 17709 D xm      : (RFID)card has gone? 1
10-15 19:15:07.515 17658 17708 D xm      : @BLOB 0x3a 0x52 0x4e 0x45 0x54 0x2b 0x30 0x30 0x30 0x30 0x30 0x32 0x3b
10-15 19:15:07.515 17658 17708 D xm      : @lp7522_weight 2
10-15 19:15:07.515 17658 17708 D xm      : @notify_weight 448-th send '448@1@2'
10-15 19:15:07.589  3017  3153 W SurfaceFlinger: Attempting to set client state on removed layer: Surface(name=4bce7d0 com.xiaomeng.weightfoodpay/com.xiaomeng.weightfood.activity.MainActivity)/@0x76445da - animation-leash#0
10-15 19:15:07.589  3017  3153 W SurfaceFlinger: Attempting to destroy on removed layer: Surface(name=4bce7d0 com.xiaomeng.weightfoodpay/com.xiaomeng.weightfood.activity.MainActivity)/@0x76445da - animation-leash#0
10-15 19:15:07.643 17658 17708 D xm      : @BLOB 0x3a 0x52 0x4e 0x45 0x54 0x2b 0x30 0x30 0x30 0x30 0x30 0x32 0x3b
10-15 19:15:07.643 17658 17708 D xm      : @lp7522_weight 2
10-15 19:15:07.643 17658 17708 D xm      : @notify_weight 449-th send '449@1@2'
10-15 19:15:07.698 17658 17709 D xm      : @BLOB 0x3c 0x8a 0xcb 0xd5 0x50 0x1 0x4 0xe0 0 0x1 0 0 0 0 0
10-15 19:15:07.698 17658 17709 D xm      : (RFID)uid: 3c8acbd5500104e0, block: 0x00000001
10-15 19:15:07.775 17658 17708 D xm      : @BLOB 0x3a 0x52 0x4e 0x45 0x54 0x2b 0x30 0x30 0x30 0x30 0x38 0x32 0x3b
10-15 19:15:07.775 17658 17708 D xm      : @lp7522_weight 82
10-15 19:15:07.775 17658 17708 D xm      : @notify_weight 450-th send '450@1@82'
10-15 19:15:07.811 17658 17658 I weightfood: : 收到事件 NotifyData(type=1, data=82, time=0)
10-15 19:15:07.898 17658 17709 D xm      : (RFID)card has gone? 1
10-15 19:15:07.903 17658 17708 D xm      : @BLOB 0x3a 0x52 0x4e 0x45 0x54 0x2b 0x30 0x30 0x30 0x31 0x39 0x38 0x3b
10-15 19:15:07.903 17658 17708 D xm      : @lp7522_weight 198
10-15 19:15:07.903 17658 17708 D xm      : @notify_weight 451-th send '451@1@198'
10-15 19:15:08.012 17658 17658 I weightfood: : 收到事件 NotifyData(type=1, data=198, time=0)
10-15 19:15:08.032 17658 17708 D xm      : @BLOB 0x3a 0x52 0x4e 0x45 0x54 0x2b 0x30 0x30 0x30 0x33 0x35 0x34 0x3b
10-15 19:15:08.032 17658 17708 D xm      : @lp7522_weight 354
10-15 19:15:08.032 17658 17708 D xm      : @notify_weight 452-th send '452@1@354'
10-15 19:15:08.096 17658 17709 D xm      : @BLOB 0x3c 0x8a 0xcb 0xd5 0x50 0x1 0x4 0xe0 0 0x1 0 0 0 0 0
10-15 19:15:08.096 17658 17709 D xm      : (RFID)uid: 3c8acbd5500104e0, block: 0x00000001
10-15 19:15:08.160 17658 17708 D xm      : @BLOB 0x3a 0x52 0x4e 0x45 0x54 0x2b 0x30 0x30 0x30 0x35 0x31 0x32 0x3b
10-15 19:15:08.160 17658 17708 D xm      : @lp7522_weight 512
10-15 19:15:08.160 17658 17708 D xm      : @notify_weight 453-th send '453@1@512'
10-15 19:15:08.212 17658 17658 I weightfood: : 收到事件 NotifyData(type=1, data=512, time=0)
10-15 19:15:08.291 17658 17708 D xm      : @BLOB 0x3a 0x52 0x4e 0x45 0x54 0x2b 0x30 0x30 0x30 0x37 0x30 0x36 0x3b
10-15 19:15:08.291 17658 17708 D xm      : @lp7522_weight 706
10-15 19:15:08.291 17658 17708 D xm      : @notify_weight 454-th send '454@1@706'
10-15 19:15:08.296 17658 17709 D xm      : (RFID)card has gone? 1
10-15 19:15:08.413 17658 17658 I weightfood: : 收到事件 NotifyData(type=1, data=706, time=0)
10-15 19:15:08.419 17658 17708 D xm      : @BLOB 0x3a 0x52 0x4e 0x45 0x54 0x2b 0x30 0x30 0x30 0x37 0x33 0x34 0x3b
10-15 19:15:08.419 17658 17708 D xm      : @lp7522_weight 734
10-15 19:15:08.419 17658 17708 D xm      : @notify_weight 455-th send '455@1@734'
10-15 19:15:08.494 17658 17709 D xm      : @BLOB 0x3c 0x8a 0xcb 0xd5 0x50 0x1 0x4 0xe0 0 0x1 0 0 0 0 0
10-15 19:15:08.494 17658 17709 D xm      : (RFID)uid: 3c8acbd5500104e0, block: 0x00000001
10-15 19:15:08.494 17658 17658 I weightfood: MSG_CHECK_SERVICE startService again
10-15 19:15:08.498 17658 17658 I weightfood: JniService: onStartCommand: null
10-15 19:15:08.498 17658 17658 I weightfood: MqttService: onStartCommand: null
10-15 19:15:08.499 17658 17658 I weightfood: OrderService: onStartCommand: null
10-15 19:15:08.500 17658 17658 I weightfood: LogUploadService: onStartCommand: null
10-15 19:15:08.548 17658 17708 D xm      : @BLOB 0x3a 0x52 0x4e 0x45 0x54 0x2b 0x30 0x30 0x30 0x37 0x34 0x36 0x3b
10-15 19:15:08.548 17658 17708 D xm      : @lp7522_weight 746
10-15 19:15:08.548 17658 17708 D xm      : @notify_weight 456-th send '456@1@746'
10-15 19:15:08.613 17658 17658 I weightfood: : 收到事件 NotifyData(type=1, data=746, time=0)
10-15 19:15:08.676 17658 17708 D xm      : @BLOB 0x3a 0x52 0x4e 0x45 0x54 0x2b 0x30 0x30 0x30 0x37 0x35 0x30 0x3b
10-15 19:15:08.676 17658 17708 D xm      : @lp7522_weight 750
10-15 19:15:08.676 17658 17708 D xm      : @notify_weight 457-th send '457@1@750'
10-15 19:15:08.694 17658 17709 D xm      : (RFID)card has gone? 1
10-15 19:15:08.805 17658 17708 D xm      : @BLOB 0x3a 0x52 0x4e 0x45 0x54 0x2b 0x30 0x30 0x30 0x37 0x35 0x32 0x3b
10-15 19:15:08.805 17658 17708 D xm      : @lp7522_weight 752
10-15 19:15:08.805 17658 17708 D xm      : @notify_weight 458-th send '458@1@752'
10-15 19:15:08.816 17658 17658 I weightfood: : 收到事件 NotifyData(type=1, data=752, time=0)
10-15 19:15:08.891 17658 17709 D xm      : @BLOB 0x3c 0x8a 0xcb 0xd5 0x50 0x1 0x4 0xe0 0 0x1 0 0 0 0 0
10-15 19:15:08.892 17658 17709 D xm      : (RFID)uid: 3c8acbd5500104e0, block: 0x00000001
10-15 19:15:08.936 17658 17708 D xm      : @BLOB 0x3a 0x52 0x4e 0x45 0x54 0x2b 0x30 0x30 0x30 0x37 0x35 0x32 0x3b
10-15 19:15:08.936 17658 17708 D xm      : @lp7522_weight 752
10-15 19:15:08.936 17658 17708 D xm      : @notify_weight 459-th send '459@1@752'
10-15 19:15:09.015 17658 17701 I weightfood: JniControl: compareWeight weight:752 mCompareCount:1 mEnterWeight:0 mLastCompareWeight:752
10-15 19:15:09.064 17658 17708 D xm      : @BLOB 0x3a 0x52 0x4e 0x45 0x54 0x2b 0x30 0x30 0x30 0x37 0x35 0x32 0x3b
10-15 19:15:09.064 17658 17708 D xm      : @lp7522_weight 752
10-15 19:15:09.064 17658 17708 D xm      : @notify_weight 460-th send '460@1@752'
10-15 19:15:09.074 17658 17673 I g.weightfoodpa: Explicit concurrent copying GC freed 28177(1666KB) AllocSpace objects, 0(0B) LOS objects, 49% free, 3MB/6MB, paused 127us total 61.167ms
10-15 19:15:09.092 17658 17709 D xm      : (RFID)card has gone? 1
10-15 19:15:09.194 17658 17708 D xm      : @BLOB 0x3a 0x52 0x4e 0x45 0x54 0x2b 0x30 0x30 0x30 0x37 0x35 0x32 0x3b
10-15 19:15:09.194 17658 17708 D xm      : @lp7522_weight 752
10-15 19:15:09.194 17658 17708 D xm      : @notify_weight 461-th send '461@1@752'
10-15 19:15:09.216 17658 17701 I weightfood: JniControl: compareWeight weight:752 mCompareCount:2 mEnterWeight:0 mLastCompareWeight:752
10-15 19:15:09.289 17658 17709 D xm      : @BLOB 0x3c 0x8a 0xcb 0xd5 0x50 0x1 0x4 0xe0 0 0x1 0 0 0 0 0
10-15 19:15:09.290 17658 17709 D xm      : (RFID)uid: 3c8acbd5500104e0, block: 0x00000001
10-15 19:15:09.322 17658 17708 D xm      : @BLOB 0x3a 0x52 0x4e 0x45 0x54 0x2b 0x30 0x30 0x30 0x37 0x35 0x32 0x3b
10-15 19:15:09.322 17658 17708 D xm      : @lp7522_weight 752
10-15 19:15:09.322 17658 17708 D xm      : @notify_weight 462-th send '462@1@752'
10-15 19:15:09.418 17658 17701 I weightfood: JniControl: compareWeight weight:752 mCompareCount:3 mEnterWeight:0 mLastCompareWeight:752
10-15 19:15:09.418 17658 17701 I weightfood: JniControl: 稳定点达到，开始结算
10-15 19:15:09.419 17658 17701 I weightfood: JniControl: settle  weight:752 - mInitWeight:0  - mCleanWeight:526  mAutoSettle:true
10-15 19:15:09.419 17658 17701 I weightfood: JniControl: notifyExit rfid:00000001  result:226  needSaveOrder:true
10-15 19:15:09.424 17658 17701 I weightfood: FileUtil:  save success
10-15 19:15:09.424 17658 17701 I weightfood: JniControl: saveOrderToLocal success...
10-15 19:15:09.427 17658 17658 I weightfood: OrderService: onStartCommand: upload
10-15 19:15:09.427 17658 17658 I weightfood: OrderControl: uploadNow
10-15 19:15:09.430 17658 17704 I weightfood: OrderControl:  {"dishesNumber":226,"enterTimestamp":1602760507003,"leaveTimestamp":1602760509419,"nickName":"凯丽凯丽","palletId":"00000001","palletOrderTokenId":"06abd516c80b4375acfac4d4492065b5","pid":"20558","storeId":"75636558","weightId":"1419b209dab4544a"} 上传中...
10-15 19:15:09.431 17658 17704 I weightfood: OrderControl: uploadFinalMsg:ConsumeData(palletId=00000001, dishesNumber=226, weightId=1419b209dab4544a, pid=20558, palletOrderTokenId=06abd516c80b4375acfac4d4492065b5, storeId=75636558, enterTimestamp=1602760507003, leaveTimestamp=1602760509419, nickName=凯丽凯丽, filePath=/storage/emulated/0/weightfood/order/00000001__446D004FE1F78B6439AA8EB88498C3E6)  /storage/emulated/0/weightfood/order/00000001__446D004FE1F78B6439AA8EB88498C3E6
10-15 19:15:09.434 17658 17704 I weightfood: HttpUtil: post =====> isUseLongTimeConnect:true http://tc.iot.weimobqa.com/device/pallet/leave/induction {"dishesNumber":226,"enterTimestamp":1602760507003,"filePath":"/storage/emulated/0/weightfood/order/00000001__446D004FE1F78B6439AA8EB88498C3E6","leaveTimestamp":1602760509419,"nickName":"凯丽凯丽","palletId":"00000001","palletOrderTokenId":"06abd516c80b4375acfac4d4492065b5","pid":"20558","storeId":"75636558","weightId":"1419b209dab4544a"}  
10-15 19:15:09.453 17658 17708 D xm      : @BLOB 0x3a 0x52 0x4e 0x45 0x54 0x2b 0x30 0x30 0x30 0x37 0x35 0x32 0x3b
10-15 19:15:09.453 17658 17708 D xm      : @lp7522_weight 752
10-15 19:15:09.453 17658 17708 D xm      : @notify_weight 463-th send '463@1@752'
10-15 19:15:09.490 17658 17709 D xm      : (RFID)card has gone? 1
10-15 19:15:09.582 17658 17708 D xm      : @BLOB 0x3a 0x52 0x4e 0x45 0x54 0x2b 0x30 0x30 0x30 0x37 0x35 0x32 0x3b
10-15 19:15:09.582 17658 17708 D xm      : @lp7522_weight 752
10-15 19:15:09.582 17658 17708 D xm      : @notify_weight 464-th send '464@1@752'
10-15 19:15:09.619 17658 17701 I weightfood: JniControl: 稳定值:752 
10-15 19:15:09.687 17658 17709 D xm      : @BLOB 0x3c 0x8a 0xcb 0xd5 0x50 0x1 0x4 0xe0 0 0x1 0 0 0 0 0
10-15 19:15:09.687 17658 17709 D xm      : (RFID)uid: 3c8acbd5500104e0, block: 0x00000001
10-15 19:15:09.710 17658 17708 D xm      : @BLOB 0x3a 0x52 0x4e 0x45 0x54 0x2b 0x30 0x30 0x30 0x37 0x35 0x32 0x3b
10-15 19:15:09.710 17658 17708 D xm      : @lp7522_weight 752
10-15 19:15:09.710 17658 17708 D xm      : @notify_weight 465-th send '465@1@752'
10-15 19:15:09.798 17658 17737 I weightfood: CustomResponseHandler: onSuccess :{"returnCode":"000000","returnMsg":null,"logBizData":null,"processResult":true,"responseVo":null,"errT":null,"monitorTrackId":"e3769a1f-aa0d-4bac-93c6-9c927291835b","timestamp":"1602760510480","globalTicket":"89ae3a60ed124d12aa27e0c3539f78c6","successForMornitor":true}
10-15 19:15:09.799 17658 17704 I weightfood: OrderControl: handleFileUploadCallback: ConsumeData(palletId=00000001, dishesNumber=226, weightId=1419b209dab4544a, pid=20558, palletOrderTokenId=06abd516c80b4375acfac4d4492065b5, storeId=75636558, enterTimestamp=1602760507003, leaveTimestamp=1602760509419, nickName=凯丽凯丽, filePath=/storage/emulated/0/weightfood/order/00000001__446D004FE1F78B6439AA8EB88498C3E6)  上传 成功 needRetry:true
10-15 19:15:09.800 17658 17737 I weightfood: HttpUtil: post =====> isUseLongTimeConnect:true http://tc.iot.weimobqa.com/immediately/settle {"dishesNumber":226,"enterTimestamp":1602760507003,"filePath":"/storage/emulated/0/weightfood/order/00000001__446D004FE1F78B6439AA8EB88498C3E6","leaveTimestamp":1602760509419,"nickName":"凯丽凯丽","palletId":"00000001","palletOrderTokenId":"06abd516c80b4375acfac4d4492065b5","pid":"20558","storeId":"75636558","weightId":"1419b209dab4544a"}  
10-15 19:15:09.800 17658 17704 I weightfood: OrderControl: /storage/emulated/0/weightfood/order/00000001__446D004FE1F78B6439AA8EB88498C3E6 is deleted: true
10-15 19:15:09.809 17658 17658 I weightfood: MqttService: onStartCommand: mqtt
10-15 19:15:09.811 17658 17658 I weightfood: MqttControl: sendMessage:  PlateExitInfo(deviceId=1419b209dab4544a, dishId=00000001, orderTokenId=06abd516c80b4375acfac4d4492065b5, nickName=凯丽凯丽, enterTimestamp=1602760507003, leaveTimestamp=1602760509419, foodWeight=226, foodId=780200918558, foodName=菜品价格)
10-15 19:15:09.811 17658 17703 I weightfood: handleJniMessage  PlateExitInfo(deviceId=1419b209dab4544a, dishId=00000001, orderTokenId=06abd516c80b4375acfac4d4492065b5, nickName=凯丽凯丽, enterTimestamp=1602760507003, leaveTimestamp=1602760509419, foodWeight=226, foodId=780200918558, foodName=菜品价格)
10-15 19:15:09.811 17658 17703 I weightfood: MqttControl: thread:427 mqtt public topic:device/customerEvent/weight/1419b209dab4544a msg:PlateExitInfo(deviceId=1419b209dab4544a, dishId=00000001, orderTokenId=06abd516c80b4375acfac4d4492065b5, nickName=凯丽凯丽, enterTimestamp=1602760507003, leaveTimestamp=1602760509419, foodWeight=226, foodId=780200918558, foodName=菜品价格)  
10-15 19:15:09.811 17658 17658 I weightfood: JniService: onStartCommand: settle
10-15 19:15:09.813 17658 17658 I weightfood: JniControl: setSettle : SettleResult(rfid=00000001, isSuccess=true)
10-15 19:15:09.813 17658 17701 I weightfood: JniControl: notifySettleResult  settleResult: SettleResult(rfid=00000001, isSuccess=true)   mCurrentRfid:00000001  state:6
10-15 19:15:09.814 17658 17701 I weightfood: JniControl: setState = 7
10-15 19:15:09.814 17658 17701 I weightfood: processeExitWarn: availableAmount :922.17 + 5.0 , currentExpenseAdmount:0.0 + 27.12 
10-15 19:15:09.815 17658 17701 I weightfood: JniControl: notifySettleUi mLastConsumerData: SettleData(rfid=00000001, weight=226, currentConsume=27.12, remain=895.05, isLimit=false, name=凯丽凯丽, isReUse=false)
10-15 19:15:09.815 17658 17658 I weightfood: : 收到事件 NotifyData(type=18, data=SettleData(rfid=00000001, weight=226, currentConsume=27.12, remain=895.05, isLimit=false, name=凯丽凯丽, isReUse=false), time=0)
10-15 19:15:09.815 17658 17658 I weightfood: onSettleSuccess settleData:SettleData(rfid=00000001, weight=226, currentConsume=27.12, remain=895.05, isLimit=false, name=凯丽凯丽, isReUse=false)
10-15 19:15:09.840 17658 17708 D xm      : @BLOB 0x3a 0x52 0x4e 0x45 0x54 0x2b 0x30 0x30 0x30 0x37 0x35 0x32 0x3b
10-15 19:15:09.840 17658 17708 D xm      : @lp7522_weight 752
10-15 19:15:09.840 17658 17708 D xm      : @notify_weight 466-th send '466@1@752'
10-15 19:15:09.862 17658 17692 I weightfood: CustomResponseHandler: onSuccess :{"returnCode":"000000","returnMsg":null,"logBizData":null,"processResult":true,"responseVo":{"orderNo":"95120101500169854558"},"errT":null,"monitorTrackId":"b8c05f75-fea7-4f69-9c10-f8ac1c26b562","timestamp":"1602760510544","globalTicket":"17f7f13621224d39bafe7d105dd4158a","successForMornitor":true}
10-15 19:15:09.880 17658 17658 W ActivityThread: handleWindowVisibility: no activity for token android.os.BinderProxy@536aff9
10-15 19:15:09.888 17658 17709 D xm      : (RFID)card has gone? 1
10-15 19:15:09.967 17658 17708 D xm      : @BLOB 0x3a 0x52 0x4e 0x45 0x54 0x2b 0x30 0x30 0x30 0x37 0x35 0x32 0x3b
10-15 19:15:09.968 17658 17708 D xm      : @lp7522_weight 752
10-15 19:15:09.968 17658 17708 D xm      : @notify_weight 467-th send '467@1@752'
10-15 19:15:10.031  3017  3153 D SurfaceFlinger: duplicate layer name: changing Surface(name=aa9e01f NavigationBar)/@0x37a6604 - animation-leash to Surface(name=aa9e01f NavigationBar)/@0x37a6604 - animation-leash#1
10-15 19:15:10.085 17658 17709 D xm      : @BLOB 0x3c 0x8a 0xcb 0xd5 0x50 0x1 0x4 0xe0 0 0x1 0 0 0 0 0
10-15 19:15:10.085 17658 17709 D xm      : (RFID)uid: 3c8acbd5500104e0, block: 0x00000001
10-15 19:15:10.098 17658 17708 D xm      : @BLOB 0x3a 0x52 0x4e 0x45 0x54 0x2b 0x30 0x30 0x30 0x37 0x35 0x32 0x3b
10-15 19:15:10.098 17658 17708 D xm      : @lp7522_weight 752
10-15 19:15:10.098 17658 17708 D xm      : @notify_weight 468-th send '468@1@752'
10-15 19:15:10.226 17658 17708 D xm      : @BLOB 0x3a 0x52 0x4e 0x45 0x54 0x2b 0x30 0x30 0x30 0x37 0x35 0x32 0x3b
10-15 19:15:10.226 17658 17708 D xm      : @lp7522_weight 752
10-15 19:15:10.226 17658 17708 D xm      : @notify_weight 469-th send '469@1@752'
10-15 19:15:10.285 17658 17709 D xm      : (RFID)card has gone? 1
10-15 19:15:10.352  3017  3057 W SurfaceFlinger: Attempting to set client state on removed layer: com.xiaomeng.weightfoodpay/com.xiaomeng.weightfood.activity.MainActivity#1
10-15 19:15:10.352  3017  3057 W SurfaceFlinger: Attempting to destroy on removed layer: com.xiaomeng.weightfoodpay/com.xiaomeng.weightfood.activity.MainActivity#1
10-15 19:15:10.355 17658 17708 D xm      : @BLOB 0x3a 0x52 0x4e 0x45 0x54 0x2b 0x30 0x30 0x30 0x37 0x35 0x32 0x3b
10-15 19:15:10.355 17658 17708 D xm      : @lp7522_weight 752
10-15 19:15:10.355 17658 17708 D xm      : @notify_weight 470-th send '470@1@752'
10-15 19:15:10.365  3017  3057 W SurfaceFlinger: Attempting to set client state on removed layer: Dim Layer for - Task=54#0
10-15 19:15:10.366  3017  3057 W SurfaceFlinger: Attempting to destroy on removed layer: Dim Layer for - Task=54#0
10-15 19:15:10.483 17658 17709 D xm      : @BLOB 0x3c 0x8a 0xcb 0xd5 0x50 0x1 0x4 0xe0 0 0x1 0 0 0 0 0
10-15 19:15:10.483 17658 17709 D xm      : (RFID)uid: 3c8acbd5500104e0, block: 0x00000001
10-15 19:15:10.484 17658 17708 D xm      : @BLOB 0x3a 0x52 0x4e 0x45 0x54 0x2b 0x30 0x30 0x30 0x37 0x35 0x32 0x3b
10-15 19:15:10.484 17658 17708 D xm      : @lp7522_weight 752
10-15 19:15:10.484 17658 17708 D xm      : @notify_weight 471-th send '471@1@752'
10-15 19:15:10.615 17658 17708 D xm      : @BLOB 0x3a 0x52 0x4e 0x45 0x54 0x2b 0x30 0x30 0x30 0x37 0x35 0x32 0x3b
10-15 19:15:10.615 17658 17708 D xm      : @lp7522_weight 752
10-15 19:15:10.615 17658 17708 D xm      : @notify_weight 472-th send '472@1@752'
10-15 19:15:10.683 17658 17709 D xm      : (RFID)card has gone? 1
10-15 19:15:10.743 17658 17708 D xm      : @BLOB 0x3a 0x52 0x4e 0x45 0x54 0x2b 0x30 0x30 0x30 0x37 0x35 0x32 0x3b
10-15 19:15:10.743 17658 17708 D xm      : @lp7522_weight 752
10-15 19:15:10.743 17658 17708 D xm      : @notify_weight 473-th send '473@1@752'
10-15 19:15:10.857 17658 17703 I weightfood: MqttControl: thread:427 mqtt public topic:device/reportStatus/weight/1419b209dab4544a msg:AliveData(deviceId=1419b209dab4544a, pid=20558, storeId=75636558, position=a, report_status=0, report_time=1602760510856, version_code=24, version_name=1.0.24-qa)  
10-15 19:15:10.872 17658 17708 D xm      : @BLOB 0x3a 0x52 0x4e 0x45 0x54 0x2b 0x30 0x30 0x30 0x37 0x35 0x32 0x3b
10-15 19:15:10.872 17658 17708 D xm      : @lp7522_weight 752
10-15 19:15:10.872 17658 17708 D xm      : @notify_weight 474-th send '474@1@752'
10-15 19:15:10.880 17658 17709 D xm      : @BLOB 0x3c 0x8a 0xcb 0xd5 0x50 0x1 0x4 0xe0 0 0x1 0 0 0 0 0
10-15 19:15:10.880 17658 17709 D xm      : (RFID)uid: 3c8acbd5500104e0, block: 0x00000001
10-15 19:15:11.000 17658 17708 D xm      : @BLOB 0x3a 0x52 0x4e 0x45 0x54 0x2b 0x30 0x30 0x30 0x37 0x35 0x32 0x3b
10-15 19:15:11.000 17658 17708 D xm      : @lp7522_weight 752
10-15 19:15:11.000 17658 17708 D xm      : @notify_weight 475-th send '475@1@752'
10-15 19:15:11.081 17658 17709 D xm      : (RFID)card has gone? 1
10-15 19:15:11.131 17658 17708 D xm      : @BLOB 0x3a 0x52 0x4e 0x45 0x54 0x2b 0x30 0x30 0x30 0x37 0x35 0x32 0x3b
10-15 19:15:11.131 17658 17708 D xm      : @lp7522_weight 752
10-15 19:15:11.131 17658 17708 D xm      : @notify_weight 476-th send '476@1@752'
10-15 19:15:11.260 17658 17708 D xm      : @BLOB 0x3a 0x52 0x4e 0x45 0x54 0x2b 0x30 0x30 0x30 0x37 0x35 0x32 0x3b
10-15 19:15:11.260 17658 17708 D xm      : @lp7522_weight 752
10-15 19:15:11.260 17658 17708 D xm      : @notify_weight 477-th send '477@1@752'
10-15 19:15:11.278 17658 17709 D xm      : @BLOB 0x3c 0x8a 0xcb 0xd5 0x50 0x1 0x4 0xe0 0 0x1 0 0 0 0 0
10-15 19:15:11.278 17658 17709 D xm      : (RFID)uid: 3c8acbd5500104e0, block: 0x00000001
10-15 19:15:11.388 17658 17708 D xm      : @BLOB 0x3a 0x52 0x4e 0x45 0x54 0x2b 0x30 0x30 0x30 0x37 0x35 0x32 0x3b
10-15 19:15:11.388 17658 17708 D xm      : @lp7522_weight 752
10-15 19:15:11.388 17658 17708 D xm      : @notify_weight 478-th send '478@1@752'
10-15 19:15:11.478 17658 17709 D xm      : (RFID)card has gone? 1
10-15 19:15:11.517 17658 17708 D xm      : @BLOB 0x3a 0x52 0x4e 0x45 0x54 0x2b 0x30 0x30 0x30 0x37 0x35 0x32 0x3b
10-15 19:15:11.517 17658 17708 D xm      : @lp7522_weight 752
10-15 19:15:11.517 17658 17708 D xm      : @notify_weight 479-th send '479@1@752'
10-15 19:15:11.646 17658 17708 D xm      : @BLOB 0x3a 0x52 0x4e 0x45 0x54 0x2b 0x30 0x30 0x30 0x37 0x35 0x32 0x3b
10-15 19:15:11.646 17658 17708 D xm      : @lp7522_weight 752
10-15 19:15:11.646 17658 17708 D xm      : @notify_weight 480-th send '480@1@752'
10-15 19:15:11.676 17658 17709 D xm      : @BLOB 0x3c 0x8a 0xcb 0xd5 0x50 0x1 0x4 0xe0 0 0x1 0 0 0 0 0
10-15 19:15:11.676 17658 17709 D xm      : (RFID)uid: 3c8acbd5500104e0, block: 0x00000001
10-15 19:15:11.776 17658 17708 D xm      : @BLOB 0x3a 0x52 0x4e 0x45 0x54 0x2b 0x30 0x30 0x30 0x37 0x35 0x32 0x3b
10-15 19:15:11.776 17658 17708 D xm      : @lp7522_weight 752
10-15 19:15:11.776 17658 17708 D xm      : @notify_weight 481-th send '481@1@752'
10-15 19:15:11.876 17658 17709 D xm      : (RFID)card has gone? 1
10-15 19:15:11.905 17658 17708 D xm      : @BLOB 0x3a 0x52 0x4e 0x45 0x54 0x2b 0x30 0x30 0x30 0x37 0x35 0x32 0x3b
10-15 19:15:11.905 17658 17708 D xm      : @lp7522_weight 752
10-15 19:15:11.905 17658 17708 D xm      : @notify_weight 482-th send '482@1@752'
10-15 19:15:12.034 17658 17708 D xm      : @BLOB 0x3a 0x52 0x4e 0x45 0x54 0x2b 0x30 0x30 0x30 0x37 0x35 0x32 0x3b
10-15 19:15:12.034 17658 17708 D xm      : @lp7522_weight 752
10-15 19:15:12.034 17658 17708 D xm      : @notify_weight 483-th send '483@1@752'
10-15 19:15:12.074 17658 17709 D xm      : @BLOB 0x3c 0x8a 0xcb 0xd5 0x50 0x1 0x4 0xe0 0 0x1 0 0 0 0 0
10-15 19:15:12.074 17658 17709 D xm      : (RFID)uid: 3c8acbd5500104e0, block: 0x00000001
10-15 19:15:12.163 17658 17708 D xm      : @BLOB 0x3a 0x52 0x4e 0x45 0x54 0x2b 0x30 0x30 0x30 0x37 0x35 0x32 0x3b
10-15 19:15:12.163 17658 17708 D xm      : @lp7522_weight 752
10-15 19:15:12.163 17658 17708 D xm      : @notify_weight 484-th send '484@1@752'
10-15 19:15:12.275 17658 17709 D xm      : (RFID)card has gone? 1
10-15 19:15:12.293 17658 17708 D xm      : @BLOB 0x3a 0x52 0x4e 0x45 0x54 0x2b 0x30 0x30 0x30 0x37 0x35 0x36 0x3b
10-15 19:15:12.293 17658 17708 D xm      : @lp7522_weight 756
10-15 19:15:12.293 17658 17708 D xm      : @notify_weight 485-th send '485@1@756'
10-15 19:15:12.421 17658 17708 D xm      : @BLOB 0x3a 0x52 0x4e 0x45 0x54 0x2b 0x30 0x30 0x30 0x37 0x36 0x34 0x3b
10-15 19:15:12.421 17658 17708 D xm      : @lp7522_weight 764
10-15 19:15:12.421 17658 17708 D xm      : @notify_weight 486-th send '486@1@764'
10-15 19:15:12.427 17658 17658 I weightfood: : 收到事件 NotifyData(type=1, data=764, time=0)
10-15 19:15:12.471 17658 17709 D xm      : @BLOB 0x3c 0x8a 0xcb 0xd5 0x50 0x1 0x4 0xe0 0 0x1 0 0 0 0 0
10-15 19:15:12.471 17658 17709 D xm      : (RFID)uid: 3c8acbd5500104e0, block: 0x00000001
10-15 19:15:12.550 17658 17708 D xm      : @BLOB 0x3a 0x52 0x4e 0x45 0x54 0x2b 0x30 0x30 0x30 0x37 0x37 0x34 0x3b
10-15 19:15:12.551 17658 17708 D xm      : @lp7522_weight 774
10-15 19:15:12.551 17658 17708 D xm      : @notify_weight 487-th send '487@1@774'
10-15 19:15:12.628 17658 17658 I weightfood: : 收到事件 NotifyData(type=1, data=774, time=0)
10-15 19:15:12.672 17658 17709 D xm      : (RFID)card has gone? 1
10-15 19:15:12.679 17658 17708 D xm      : @BLOB 0x3a 0x52 0x4e 0x45 0x54 0x2b 0x30 0x30 0x30 0x37 0x38 0x38 0x3b
10-15 19:15:12.679 17658 17708 D xm      : @lp7522_weight 788
10-15 19:15:12.679 17658 17708 D xm      : @notify_weight 488-th send '488@1@788'
10-15 19:15:12.808 17658 17708 D xm      : @BLOB 0x3a 0x52 0x4e 0x45 0x54 0x2b 0x30 0x30 0x30 0x37 0x39 0x38 0x3b
10-15 19:15:12.808 17658 17708 D xm      : @lp7522_weight 798
10-15 19:15:12.808 17658 17708 D xm      : @notify_weight 489-th send '489@1@798'
10-15 19:15:12.829 17658 17658 I weightfood: : 收到事件 NotifyData(type=1, data=798, time=0)
10-15 19:15:12.870 17658 17709 D xm      : @BLOB 0x3c 0x8a 0xcb 0xd5 0x50 0x1 0x4 0xe0 0 0x1 0 0 0 0 0
10-15 19:15:12.870 17658 17709 D xm      : (RFID)uid: 3c8acbd5500104e0, block: 0x00000001
10-15 19:15:12.939 17658 17708 D xm      : @BLOB 0x3a 0x52 0x4e 0x45 0x54 0x2b 0x30 0x30 0x30 0x38 0x30 0x34 0x3b
10-15 19:15:12.939 17658 17708 D xm      : @lp7522_weight 804
10-15 19:15:12.939 17658 17708 D xm      : @notify_weight 490-th send '490@1@804'
10-15 19:15:13.030 17658 17658 I weightfood: : 收到事件 NotifyData(type=1, data=804, time=0)
10-15 19:15:13.067 17658 17708 D xm      : @BLOB 0x3a 0x52 0x4e 0x45 0x54 0x2b 0x30 0x30 0x30 0x38 0x30 0x34 0x3b
10-15 19:15:13.067 17658 17708 D xm      : @lp7522_weight 804
10-15 19:15:13.067 17658 17708 D xm      : @notify_weight 491-th send '491@1@804'
10-15 19:15:13.070 17658 17709 D xm      : (RFID)card has gone? 1
10-15 19:15:13.196 17658 17708 D xm      : @BLOB 0x3a 0x52 0x4e 0x45 0x54 0x2b 0x30 0x30 0x30 0x38 0x30 0x32 0x3b
10-15 19:15:13.196 17658 17708 D xm      : @lp7522_weight 802
10-15 19:15:13.196 17658 17708 D xm      : @notify_weight 492-th send '492@1@802'
10-15 19:15:13.230 17658 17701 I weightfood: JniControl: compareWeight weight:804 mCompareCount:1 mEnterWeight:0 mLastCompareWeight:804
10-15 19:15:13.267 17658 17709 D xm      : @BLOB 0x3c 0x8a 0xcb 0xd5 0x50 0x1 0x4 0xe0 0 0x1 0 0 0 0 0
10-15 19:15:13.267 17658 17709 D xm      : (RFID)uid: 3c8acbd5500104e0, block: 0x00000001
10-15 19:15:13.324 17658 17708 D xm      : @BLOB 0x3a 0x52 0x4e 0x45 0x54 0x2b 0x30 0x30 0x30 0x38 0x30 0x30 0x3b
10-15 19:15:13.324 17658 17708 D xm      : @lp7522_weight 800
10-15 19:15:13.324 17658 17708 D xm      : @notify_weight 493-th send '493@1@800'
10-15 19:15:13.432 17658 17658 I weightfood: : 收到事件 NotifyData(type=1, data=800, time=0)
10-15 19:15:13.455 17658 17708 D xm      : @BLOB 0x3a 0x52 0x4e 0x45 0x54 0x2b 0x30 0x30 0x30 0x37 0x39 0x38 0x3b
10-15 19:15:13.455 17658 17708 D xm      : @lp7522_weight 798
10-15 19:15:13.455 17658 17708 D xm      : @notify_weight 494-th send '494@1@798'
10-15 19:15:13.467 17658 17709 D xm      : (RFID)card has gone? 1
10-15 19:15:13.584 17658 17708 D xm      : @BLOB 0x3a 0x52 0x4e 0x45 0x54 0x2b 0x30 0x30 0x30 0x37 0x39 0x38 0x3b
10-15 19:15:13.584 17658 17708 D xm      : @lp7522_weight 798
10-15 19:15:13.584 17658 17708 D xm      : @notify_weight 495-th send '495@1@798'
10-15 19:15:13.632 17658 17701 I weightfood: JniControl: compareWeight weight:800 mCompareCount:1 mEnterWeight:0 mLastCompareWeight:800
10-15 19:15:13.664 17658 17709 D xm      : @BLOB 0x3c 0x8a 0xcb 0xd5 0x50 0x1 0x4 0xe0 0 0x1 0 0 0 0 0
10-15 19:15:13.664 17658 17709 D xm      : (RFID)uid: 3c8acbd5500104e0, block: 0x00000001
10-15 19:15:13.712 17658 17708 D xm      : @BLOB 0x3a 0x52 0x4e 0x45 0x54 0x2b 0x30 0x30 0x30 0x38 0x30 0x30 0x3b
10-15 19:15:13.712 17658 17708 D xm      : @lp7522_weight 800
10-15 19:15:13.712 17658 17708 D xm      : @notify_weight 496-th send '496@1@800'
10-15 19:15:13.834 17658 17701 I weightfood: JniControl: compareWeight weight:800 mCompareCount:2 mEnterWeight:0 mLastCompareWeight:800
10-15 19:15:13.841 17658 17708 D xm      : @BLOB 0x3a 0x52 0x4e 0x45 0x54 0x2b 0x30 0x30 0x30 0x38 0x30 0x32 0x3b
10-15 19:15:13.841 17658 17708 D xm      : @lp7522_weight 802
10-15 19:15:13.841 17658 17708 D xm      : @notify_weight 497-th send '497@1@802'
10-15 19:15:13.865 17658 17709 D xm      : (RFID)card has gone? 1
10-15 19:15:13.969 17658 17708 D xm      : @BLOB 0x3a 0x52 0x4e 0x45 0x54 0x2b 0x30 0x30 0x30 0x38 0x30 0x32 0x3b
10-15 19:15:13.969 17658 17708 D xm      : @lp7522_weight 802
10-15 19:15:13.969 17658 17708 D xm      : @notify_weight 498-th send '498@1@802'
10-15 19:15:14.035 17658 17701 I weightfood: JniControl: compareWeight weight:800 mCompareCount:3 mEnterWeight:0 mLastCompareWeight:800
10-15 19:15:14.062 17658 17709 D xm      : @BLOB 0x3c 0x8a 0xcb 0xd5 0x50 0x1 0x4 0xe0 0 0x1 0 0 0 0 0
10-15 19:15:14.062 17658 17709 D xm      : (RFID)uid: 3c8acbd5500104e0, block: 0x00000001
10-15 19:15:14.100 17658 17708 D xm      : @BLOB 0x3a 0x52 0x4e 0x45 0x54 0x2b 0x30 0x30 0x30 0x38 0x30 0x34 0x3b
10-15 19:15:14.100 17658 17708 D xm      : @lp7522_weight 804
10-15 19:15:14.100 17658 17708 D xm      : @notify_weight 499-th send '499@1@804'
10-15 19:15:14.229 17658 17708 D xm      : @BLOB 0x3a 0x52 0x4e 0x45 0x54 0x2b 0x30 0x30 0x30 0x38 0x30 0x34 0x3b
10-15 19:15:14.229 17658 17708 D xm      : @lp7522_weight 804
10-15 19:15:14.229 17658 17708 D xm      : @notify_weight 500-th send '500@1@804'
10-15 19:15:14.236 17658 17658 I weightfood: : 收到事件 NotifyData(type=1, data=804, time=0)
10-15 19:15:14.263 17658 17709 D xm      : (RFID)card has gone? 1
10-15 19:15:14.357 17658 17708 D xm      : @BLOB 0x3a 0x52 0x4e 0x45 0x54 0x2b 0x30 0x30 0x30 0x38 0x30 0x34 0x3b
10-15 19:15:14.357 17658 17708 D xm      : @lp7522_weight 804
10-15 19:15:14.357 17658 17708 D xm      : @notify_weight 501-th send '501@1@804'
10-15 19:15:14.437 17658 17701 I weightfood: JniControl: compareWeight weight:804 mCompareCount:1 mEnterWeight:0 mLastCompareWeight:804
10-15 19:15:14.460 17658 17709 D xm      : @BLOB 0x3c 0x8a 0xcb 0xd5 0x50 0x1 0x4 0xe0 0 0x1 0 0 0 0 0
10-15 19:15:14.460 17658 17709 D xm      : (RFID)uid: 3c8acbd5500104e0, block: 0x00000001
10-15 19:15:14.486 17658 17708 D xm      : @BLOB 0x3a 0x52 0x4e 0x45 0x54 0x2b 0x30 0x30 0x30 0x38 0x30 0x36 0x3b
10-15 19:15:14.486 17658 17708 D xm      : @lp7522_weight 806
10-15 19:15:14.486 17658 17708 D xm      : @notify_weight 502-th send '502@1@806'
10-15 19:15:14.616 17658 17708 D xm      : @BLOB 0x3a 0x52 0x4e 0x45 0x54 0x2b 0x30 0x30 0x30 0x38 0x31 0x32 0x3b
10-15 19:15:14.617 17658 17708 D xm      : @lp7522_weight 812
10-15 19:15:14.617 17658 17708 D xm      : @notify_weight 503-th send '503@1@812'
10-15 19:15:14.639 17658 17658 I weightfood: : 收到事件 NotifyData(type=1, data=812, time=0)
10-15 19:15:14.661 17658 17709 D xm      : (RFID)card has gone? 1
10-15 19:15:14.745 17658 17708 D xm      : @BLOB 0x3a 0x52 0x4e 0x45 0x54 0x2b 0x30 0x30 0x30 0x38 0x31 0x36 0x3b
10-15 19:15:14.745 17658 17708 D xm      : @lp7522_weight 816
10-15 19:15:14.745 17658 17708 D xm      : @notify_weight 504-th send '504@1@816'
10-15 19:15:14.840 17658 17658 I weightfood: : 收到事件 NotifyData(type=1, data=816, time=0)
10-15 19:15:14.858 17658 17709 D xm      : @BLOB 0x3c 0x8a 0xcb 0xd5 0x50 0x1 0x4 0xe0 0 0x1 0 0 0 0 0
10-15 19:15:14.858 17658 17709 D xm      : (RFID)uid: 3c8acbd5500104e0, block: 0x00000001
10-15 19:15:14.873 17658 17708 D xm      : @BLOB 0x3a 0x52 0x4e 0x45 0x54 0x2b 0x30 0x30 0x30 0x38 0x32 0x30 0x3b
10-15 19:15:14.873 17658 17708 D xm      : @lp7522_weight 820
10-15 19:15:14.874 17658 17708 D xm      : @notify_weight 505-th send '505@1@820'
10-15 19:15:15.002 17658 17708 D xm      : @BLOB 0x3a 0x52 0x4e 0x45 0x54 0x2b 0x30 0x30 0x30 0x38 0x32 0x34 0x3b
10-15 19:15:15.002 17658 17708 D xm      : @lp7522_weight 824
10-15 19:15:15.002 17658 17708 D xm      : @notify_weight 506-th send '506@1@824'
10-15 19:15:15.050 17658 17658 I weightfood: : 收到事件 NotifyData(type=1, data=824, time=0)
10-15 19:15:15.059 17658 17709 D xm      : (RFID)card has gone? 1
10-15 19:15:15.130 17658 17708 D xm      : @BLOB 0x3a 0x52 0x4e 0x45 0x54 0x2b 0x30 0x30 0x30 0x38 0x32 0x38 0x3b
10-15 19:15:15.130 17658 17708 D xm      : @lp7522_weight 828
10-15 19:15:15.130 17658 17708 D xm      : @notify_weight 507-th send '507@1@828'
10-15 19:15:15.241 17658 17658 I weightfood: : 收到事件 NotifyData(type=1, data=828, time=0)
10-15 19:15:15.259 17658 17709 D xm      : (RFID)card has gone? 2
10-15 19:15:15.261 17658 17708 D xm      : @BLOB 0x3a 0x52 0x4e 0x45 0x54 0x2b 0x30 0x30 0x30 0x38 0x33 0x32 0x3b
10-15 19:15:15.261 17658 17708 D xm      : @lp7522_weight 832
10-15 19:15:15.261 17658 17708 D xm      : @notify_weight 508-th send '508@1@832'
10-15 19:15:15.390 17658 17708 D xm      : @BLOB 0x3a 0x52 0x4e 0x45 0x54 0x2b 0x30 0x30 0x30 0x38 0x33 0x30 0x3b
10-15 19:15:15.390 17658 17708 D xm      : @lp7522_weight 830
10-15 19:15:15.391 17658 17708 D xm      : @notify_weight 509-th send '509@1@830'
10-15 19:15:15.441 17658 17701 I weightfood: JniControl: compareWeight weight:828 mCompareCount:1 mEnterWeight:0 mLastCompareWeight:828
10-15 19:15:15.459 17658 17709 D xm      : (RFID)card has gone? 3
10-15 19:15:15.518 17658 17708 D xm      : @BLOB 0x3a 0x52 0x4e 0x45 0x54 0x2b 0x30 0x30 0x30 0x38 0x32 0x30 0x3b
10-15 19:15:15.518 17658 17708 D xm      : @lp7522_weight 820
10-15 19:15:15.518 17658 17708 D xm      : @notify_weight 510-th send '510@1@820'
10-15 19:15:15.643 17658 17658 I weightfood: : 收到事件 NotifyData(type=1, data=820, time=0)
10-15 19:15:15.647 17658 17708 D xm      : @BLOB 0x3a 0x52 0x4e 0x45 0x54 0x2b 0x30 0x30 0x30 0x38 0x30 0x34 0x3b
10-15 19:15:15.647 17658 17708 D xm      : @lp7522_weight 804
10-15 19:15:15.647 17658 17708 D xm      : @notify_weight 511-th send '511@1@804'
10-15 19:15:15.660 17658 17709 D xm      : (RFID)card has gone? 4
10-15 19:15:15.733 17658 17708 D xm      : @BLOB 0x3a 0x52 0x4e 0x45 0x54 0x2b 0x30 0x30 0x30 0x37 0x38 0x36 0x3b
10-15 19:15:15.733 17658 17708 D xm      : @lp7522_weight 786
10-15 19:15:15.733 17658 17708 D xm      : @notify_weight 512-th send '512@1@786'
10-15 19:15:15.734 17658 17709 D xm      : callback @JNI_CALL_BEGIN
10-15 19:15:15.736 17658 17709 I weightfood: JniControl:   callback status : 1  rfid:3c8acbd5500104e0 block: 00000001
10-15 19:15:15.736 17658 17709 D xm      : callback @JNI_CALL_END
10-15 19:15:15.736 17658 17701 I weightfood: JniControl: current state = 7   , handleExit isManagerCard:false data:RfidWeightInfo(rfid=00000001)
10-15 19:15:15.737 17658 17701 E weightfood: JniControl: 结算成功，开始计算超时20s
10-15 19:15:15.737 17658 17701 I weightfood: JniControl: leave
10-15 19:15:15.737 17658 17701 I weightfood: JniControl: setState = 0
10-15 19:15:15.737 17658 17701 I weightfood: JniControl: reset
10-15 19:15:15.737 17658 17701 D xm      : (WEIGH)set work mode to IDLE
10-15 19:15:15.738 17658 17658 I weightfood: : 收到事件 NotifyData(type=3, data=null, time=0)
10-15 19:15:15.845 17658 17658 I weightfood: : 收到事件 NotifyData(type=1, data=786, time=0)
10-15 19:15:16.805 17658 17708 D xm      : @BLOB 0x3a 0x52 0x4e 0x45 0x54 0x2b 0x30 0x30 0x30 0x37 0x34 0x38 0x3b
10-15 19:15:16.806 17658 17708 D xm      : @lp7522_weight 748
10-15 19:15:16.806 17658 17708 D xm      : @notify_weight 513-th send '513@0@748'
10-15 19:15:16.846 17658 17658 I weightfood: : 收到事件 NotifyData(type=1, data=748, time=0)
10-15 19:15:17.848 17658 17701 I weightfood: JniControl: compareWeight weight:748 mCompareCount:1 mEnterWeight:null mLastCompareWeight:748
10-15 19:15:17.879 17658 17708 D xm      : @BLOB 0x3a 0x52 0x4e 0x45 0x54 0x2b 0x30 0x30 0x30 0x37 0x34 0x38 0x3b
10-15 19:15:17.879 17658 17708 D xm      : @lp7522_weight 748
10-15 19:15:17.879 17658 17708 D xm      : @notify_weight 514-th send '514@0@748'
10-15 19:15:18.850 17658 17701 I weightfood: JniControl: compareWeight weight:748 mCompareCount:2 mEnterWeight:null mLastCompareWeight:748
10-15 19:15:18.951 17658 17708 D xm      : @BLOB 0x3a 0x52 0x4e 0x45 0x54 0x2b 0x30 0x30 0x30 0x37 0x34 0x38 0x3b
10-15 19:15:18.952 17658 17708 D xm      : @lp7522_weight 748
10-15 19:15:18.952 17658 17708 D xm      : @notify_weight 515-th send '515@0@748'
10-15 19:15:19.852 17658 17701 I weightfood: JniControl: compareWeight weight:748 mCompareCount:3 mEnterWeight:null mLastCompareWeight:748
10-15 19:15:20.005 17658 17658 I weightfood: MSG_CHECK_SERVICE startService again
10-15 19:15:20.009 17658 17658 I weightfood: JniService: onStartCommand: null
10-15 19:15:20.010 17658 17658 I weightfood: MqttService: onStartCommand: null
10-15 19:15:20.010 17658 17658 I weightfood: OrderService: onStartCommand: null
10-15 19:15:20.011 17658 17658 I weightfood: LogUploadService: onStartCommand: null
10-15 19:15:20.024 17658 17708 D xm      : @BLOB 0x3a 0x52 0x4e 0x45 0x54 0x2b 0x30 0x30 0x30 0x37 0x34 0x38 0x3b
10-15 19:15:20.024 17658 17708 D xm      : @lp7522_weight 748
10-15 19:15:20.024 17658 17708 D xm      : @notify_weight 516-th send '516@0@748'
10-15 19:15:20.579 17658 17673 I g.weightfoodpa: Explicit concurrent copying GC freed 20704(1188KB) AllocSpace objects, 0(0B) LOS objects, 49% free, 2MB/5MB, paused 109us total 50.361ms
10-15 19:15:20.854 17658 17701 I weightfood: JniControl: 稳定值:748 
10-15 19:15:21.096 17658 17708 D xm      : @BLOB 0x3a 0x52 0x4e 0x45 0x54 0x2b 0x30 0x30 0x30 0x37 0x34 0x38 0x3b
10-15 19:15:21.096 17658 17708 D xm      : @lp7522_weight 748
10-15 19:15:21.096 17658 17708 D xm      : @notify_weight 517-th send '517@0@748'
10-15 19:15:22.168 17658 17708 D xm      : @BLOB 0x3a 0x52 0x4e 0x45 0x54 0x2b 0x30 0x30 0x30 0x37 0x34 0x38 0x3b
10-15 19:15:22.168 17658 17708 D xm      : @lp7522_weight 748
10-15 19:15:22.168 17658 17708 D xm      : @notify_weight 518-th send '518@0@748'
10-15 19:15:23.240 17658 17708 D xm      : @BLOB 0x3a 0x52 0x4e 0x45 0x54 0x2b 0x30 0x30 0x30 0x37 0x34 0x38 0x3b
10-15 19:15:23.240 17658 17708 D xm      : @lp7522_weight 748
10-15 19:15:23.240 17658 17708 D xm      : @notify_weight 519-th send '519@0@748'
10-15 19:15:24.313 17658 17708 D xm      : @BLOB 0x3a 0x52 0x4e 0x45 0x54 0x2b 0x30 0x30 0x30 0x37 0x34 0x38 0x3b
10-15 19:15:24.313 17658 17708 D xm      : @lp7522_weight 748
10-15 19:15:24.313 17658 17708 D xm      : @notify_weight 520-th send '520@0@748'
10-15 19:15:25.385 17658 17708 D xm      : @BLOB 0x3a 0x52 0x4e 0x45 0x54 0x2b 0x30 0x30 0x30 0x37 0x34 0x38 0x3b
10-15 19:15:25.385 17658 17708 D xm      : @lp7522_weight 748
10-15 19:15:25.385 17658 17708 D xm      : @notify_weight 521-th send '521@0@748'
10-15 19:15:26.457 17658 17708 D xm      : @BLOB 0x3a 0x52 0x4e 0x45 0x54 0x2b 0x30 0x30 0x30 0x37 0x34 0x38 0x3b
10-15 19:15:26.457 17658 17708 D xm      : @lp7522_weight 748
10-15 19:15:26.457 17658 17708 D xm      : @notify_weight 522-th send '522@0@748'
10-15 19:15:27.529 17658 17708 D xm      : @BLOB 0x3a 0x52 0x4e 0x45 0x54 0x2b 0x30 0x30 0x30 0x37 0x34 0x38 0x3b
10-15 19:15:27.529 17658 17708 D xm      : @lp7522_weight 748
10-15 19:15:27.529 17658 17708 D xm      : @notify_weight 523-th send '523@0@748'
10-15 19:15:28.601 17658 17708 D xm      : @BLOB 0x3a 0x52 0x4e 0x45 0x54 0x2b 0x30 0x30 0x30 0x37 0x34 0x38 0x3b
10-15 19:15:28.601 17658 17708 D xm      : @lp7522_weight 748
10-15 19:15:28.601 17658 17708 D xm      : @notify_weight 524-th send '524@0@748'
10-15 19:15:29.675 17658 17708 D xm      : @BLOB 0x3a 0x52 0x4e 0x45 0x54 0x2b 0x30 0x30 0x30 0x37 0x34 0x38 0x3b
10-15 19:15:29.675 17658 17708 D xm      : @lp7522_weight 748
10-15 19:15:29.676 17658 17708 D xm      : @notify_weight 525-th send '525@0@748'
10-15 19:15:30.748 17658 17708 D xm      : @BLOB 0x3a 0x52 0x4e 0x45 0x54 0x2b 0x30 0x30 0x30 0x37 0x34 0x38 0x3b
10-15 19:15:30.748 17658 17708 D xm      : @lp7522_weight 748
10-15 19:15:30.748 17658 17708 D xm      : @notify_weight 526-th send '526@0@748'
10-15 19:15:31.820 17658 17708 D xm      : @BLOB 0x3a 0x52 0x4e 0x45 0x54 0x2b 0x30 0x30 0x30 0x37 0x34 0x38 0x3b
10-15 19:15:31.820 17658 17708 D xm      : @lp7522_weight 748
10-15 19:15:31.820 17658 17708 D xm      : @notify_weight 527-th send '527@0@748'
10-15 19:15:32.226 17658 17658 D AlarmPingSender: Sending Ping at:1602760532226
10-15 19:15:32.228 17658 17658 D AlarmPingSender: Schedule next alarm at 1602760570872
10-15 19:15:32.228 17658 17658 D AlarmPingSender: Alarm scheule using setExactAndAllowWhileIdle, next: 38645
10-15 19:15:32.892 17658 17708 D xm      : @BLOB 0x3a 0x52 0x4e 0x45 0x54 0x2b 0x30 0x30 0x30 0x37 0x34 0x38 0x3b
10-15 19:15:32.892 17658 17708 D xm      : @lp7522_weight 748
10-15 19:15:32.892 17658 17708 D xm      : @notify_weight 528-th send '528@0@748'
10-15 19:15:33.964 17658 17708 D xm      : @BLOB 0x3a 0x52 0x4e 0x45 0x54 0x2b 0x30 0x30 0x30 0x37 0x34 0x38 0x3b
10-15 19:15:33.964 17658 17708 D xm      : @lp7522_weight 748
10-15 19:15:33.964 17658 17708 D xm      : @notify_weight 529-th send '529@0@748'
10-15 19:15:35.035 17658 17708 D xm      : @BLOB 0x3a 0x52 0x4e 0x45 0x54 0x2b 0x30 0x30 0x30 0x37 0x34 0x38 0x3b
10-15 19:15:35.035 17658 17708 D xm      : @lp7522_weight 748
10-15 19:15:35.035 17658 17708 D xm      : @notify_weight 530-th send '530@0@748'
10-15 19:15:36.109 17658 17708 D xm      : @BLOB 0x3a 0x52 0x4e 0x45 0x54 0x2b 0x30 0x30 0x30 0x37 0x34 0x38 0x3b
10-15 19:15:36.110 17658 17708 D xm      : @lp7522_weight 748
10-15 19:15:36.110 17658 17708 D xm      : @notify_weight 531-th send '531@0@748'
10-15 19:15:37.182 17658 17708 D xm      : @BLOB 0x3a 0x52 0x4e 0x45 0x54 0x2b 0x30 0x30 0x30 0x37 0x34 0x38 0x3b
10-15 19:15:37.182 17658 17708 D xm      : @lp7522_weight 748
10-15 19:15:37.182 17658 17708 D xm      : @notify_weight 532-th send '532@0@748'
10-15 19:15:38.253 17658 17708 D xm      : @BLOB 0x3a 0x52 0x4e 0x45 0x54 0x2b 0x30 0x30 0x30 0x37 0x34 0x38 0x3b
10-15 19:15:38.253 17658 17708 D xm      : @lp7522_weight 748
10-15 19:15:38.254 17658 17708 D xm      : @notify_weight 533-th send '533@0@748'
10-15 19:15:39.325 17658 17708 D xm      : @BLOB 0x3a 0x52 0x4e 0x45 0x54 0x2b 0x30 0x30 0x30 0x37 0x34 0x38 0x3b
10-15 19:15:39.325 17658 17708 D xm      : @lp7522_weight 748
10-15 19:15:39.325 17658 17708 D xm      : @notify_weight 534-th send '534@0@748'
10-15 19:15:40.398 17658 17708 D xm      : @BLOB 0x3a 0x52 0x4e 0x45 0x54 0x2b 0x30 0x30 0x30 0x37 0x34 0x38 0x3b
10-15 19:15:40.398 17658 17708 D xm      : @lp7522_weight 748
10-15 19:15:40.398 17658 17708 D xm      : @notify_weight 535-th send '535@0@748'
10-15 19:15:40.890 17658 17703 I weightfood: MqttControl: thread:427 mqtt public topic:device/reportStatus/weight/1419b209dab4544a msg:AliveData(deviceId=1419b209dab4544a, pid=20558, storeId=75636558, position=a, report_status=0, report_time=1602760540889, version_code=24, version_name=1.0.24-qa)  
10-15 19:15:41.470 17658 17708 D xm      : @BLOB 0x3a 0x52 0x4e 0x45 0x54 0x2b 0x30 0x30 0x30 0x37 0x34 0x38 0x3b
10-15 19:15:41.470 17658 17708 D xm      : @lp7522_weight 748
10-15 19:15:41.470 17658 17708 D xm      : @notify_weight 536-th send '536@0@748'
10-15 19:15:41.507 17658 17709 D xm      : @BLOB 0x42 0xac 0xcb 0xd5 0x50 0x1 0x4 0xe0 0 0x28 0 0 0 0 0
10-15 19:15:41.621 17658 17708 D xm      : @BLOB 0x3a 0x52 0x4e 0x45 0x54 0x2b 0x30 0x30 0x30 0x37 0x34 0x38 0x3b
10-15 19:15:41.621 17658 17708 D xm      : @lp7522_weight 748
10-15 19:15:41.622 17658 17708 D xm      : @notify_weight 537-th send '537@0@748'
10-15 19:15:41.622 17658 17709 D xm      : callback @JNI_CALL_BEGIN
10-15 19:15:41.623 17658 17709 I weightfood: JniControl:   callback status : 0  rfid:42accbd5500104e0 block: 00000028
10-15 19:15:41.623 17658 17709 D xm      : callback @JNI_CALL_END
10-15 19:15:41.624 17658 17701 I weightfood: JniControl: current state = 0 , handleEnter data:RfidWeightInfo(rfid=00000028)
10-15 19:15:41.625 17658 17701 I weightfood: JniControl: handleEnter same rfid ,  mLastConsumerData:null
10-15 19:15:41.625 17658 17701 D xm      : (WEIGH)set work mode to WORKING
10-15 19:15:41.625 17658 17701 I weightfood: JniControl: setState = 1
10-15 19:15:41.626 17658 17701 I weightfood: JniControl: getUserInfo rfid: 00000028, mRequestId:7
10-15 19:15:41.626 17658 17658 I weightfood: : 收到事件 NotifyData(type=2, data=00000028, time=0)
10-15 19:15:41.627 17658 17701 I weightfood: HttpUtil: post =====> isUseLongTimeConnect:false http://tc.iot.weimobqa.com/device/pallet/into/induction {"palletId":"00000028","pid":"20558","storeId":"75636558"}  
10-15 19:15:41.628 17658 17701 I weightfood: JniControl: handleEnter mCleanWeight:526  mEnterWeight:748
10-15 19:15:41.628 17658 17701 I weightfood: JniControl: compareWeight weight:748 mCompareCount:1 mEnterWeight:748 mLastCompareWeight:748
10-15 19:15:41.651  3017  3153 D SurfaceFlinger: duplicate layer name: changing com.xiaomeng.weightfoodpay/com.xiaomeng.weightfood.activity.MainActivity to com.xiaomeng.weightfoodpay/com.xiaomeng.weightfood.activity.MainActivity#1
10-15 19:15:41.750 17658 17708 D xm      : @BLOB 0x3a 0x52 0x4e 0x45 0x54 0x2b 0x30 0x30 0x30 0x37 0x34 0x38 0x3b
10-15 19:15:41.750 17658 17708 D xm      : @lp7522_weight 748
10-15 19:15:41.750 17658 17708 D xm      : @notify_weight 538-th send '538@40@748'
10-15 19:15:41.760 17658 17692 I weightfood: CustomResponseHandler: onSuccess :{"returnCode":"000000","returnMsg":null,"logBizData":null,"processResult":true,"responseVo":{"cardType":101,"memberStatus":101,"overdrawLimitAmount":5.00,"memberInfoDto":{"phone":"18621678052","nickname":"凯丽凯丽","headImg":"https://image-c-dev.weimobwmc.com/qa-gateway/5cf6a78120b8490f8d8217d31b335335.jpg?o2oApiId=441985","availableAmount":902.83,"currentExpenseAdmount":0.00},"palletOrderTokenId":"0270290ceafa4b15b94f0d0b7fa66a76"},"errT":null,"monitorTrackId":"95f6f832-147a-4847-ae6c-8d73ea8a847f","timestamp":"1602760542392","globalTicket":"81c76d21235d43abbcc784d4b8d7ea22","successForMornitor":true}
10-15 19:15:41.764 17658 17692 I weightfood: JniControl: onSuccess : UserInfo(memberInfoDto=UserDetailInfo(nickname=凯丽凯丽, userId=null, headImg=https://image-c-dev.weimobwmc.com/qa-gateway/5cf6a78120b8490f8d8217d31b335335.jpg?o2oApiId=441985, availableAmount=902.83, currentExpenseAdmount=0.0, rfid=null, msg=null), memberStatus=101, cardType=101, overdrawLimitAmount=5.0, palletOrderTokenId=0270290ceafa4b15b94f0d0b7fa66a76, rfid=null)
10-15 19:15:41.765 17658 17701 I weightfood: JniControl: handleUserSuccess: 7   7
10-15 19:15:41.765 17658 17701 I weightfood:  processAcount availableAmount :902.83 + 5.0 , currentExpenseAdmount:0.0
10-15 19:15:41.765 17658 17701 I weightfood: JniControl: setState = 2
10-15 19:15:41.824 17658 17709 D xm      : (RFID)card has gone? 1
10-15 19:15:41.829 17658 17701 I weightfood: JniControl: compareWeight weight:748 mCompareCount:2 mEnterWeight:748 mLastCompareWeight:748
10-15 19:15:41.878 17658 17708 D xm      : @BLOB 0x3a 0x52 0x4e 0x45 0x54 0x2b 0x30 0x30 0x30 0x37 0x34 0x38 0x3b
10-15 19:15:41.879 17658 17708 D xm      : @lp7522_weight 748
10-15 19:15:41.879 17658 17708 D xm      : @notify_weight 539-th send '539@40@748'
10-15 19:15:41.904 17658 17709 D xm      : @BLOB 0x42 0xac 0xcb 0xd5 0x50 0x1 0x4 0xe0 0 0x28 0 0 0 0 0
10-15 19:15:41.904 17658 17709 D xm      : (RFID)uid: 42accbd5500104e0, block: 0x00000028
10-15 19:15:42.009 17658 17708 D xm      : @BLOB 0x3a 0x52 0x4e 0x45 0x54 0x2b 0x30 0x30 0x30 0x37 0x35 0x38 0x3b
10-15 19:15:42.009 17658 17708 D xm      : @lp7522_weight 758
10-15 19:15:42.009 17658 17708 D xm      : @notify_weight 540-th send '540@40@758'
10-15 19:15:42.030 17658 17658 I weightfood: : 收到事件 NotifyData(type=1, data=758, time=0)
10-15 19:15:42.105 17658 17709 D xm      : (RFID)card has gone? 1
10-15 19:15:42.137 17658 17708 D xm      : @BLOB 0x3a 0x52 0x4e 0x45 0x54 0x2b 0x30 0x30 0x30 0x37 0x36 0x38 0x3b
10-15 19:15:42.138 17658 17708 D xm      : @lp7522_weight 768
10-15 19:15:42.138 17658 17708 D xm      : @notify_weight 541-th send '541@40@768'
10-15 19:15:42.220  3017  3153 W SurfaceFlinger: Attempting to set client state on removed layer: Surface(name=9ba89cb com.xiaomeng.weightfoodpay/com.xiaomeng.weightfood.activity.MainActivity)/@0x8d71ffd - animation-leash#0
10-15 19:15:42.220  3017  3153 W SurfaceFlinger: Attempting to destroy on removed layer: Surface(name=9ba89cb com.xiaomeng.weightfoodpay/com.xiaomeng.weightfood.activity.MainActivity)/@0x8d71ffd - animation-leash#0
10-15 19:15:42.232 17658 17658 I weightfood: : 收到事件 NotifyData(type=1, data=768, time=0)
10-15 19:15:42.266 17658 17708 D xm      : @BLOB 0x3a 0x52 0x4e 0x45 0x54 0x2b 0x30 0x30 0x30 0x37 0x38 0x30 0x3b
10-15 19:15:42.266 17658 17708 D xm      : @lp7522_weight 780
10-15 19:15:42.266 17658 17708 D xm      : @notify_weight 542-th send '542@40@780'
10-15 19:15:42.302 17658 17709 D xm      : @BLOB 0x42 0xac 0xcb 0xd5 0x50 0x1 0x4 0xe0 0 0x28 0 0 0 0 0
10-15 19:15:42.302 17658 17709 D xm      : (RFID)uid: 42accbd5500104e0, block: 0x00000028
10-15 19:15:42.395 17658 17708 D xm      : @BLOB 0x3a 0x52 0x4e 0x45 0x54 0x2b 0x30 0x30 0x30 0x37 0x38 0x36 0x3b
10-15 19:15:42.395 17658 17708 D xm      : @lp7522_weight 786
10-15 19:15:42.395 17658 17708 D xm      : @notify_weight 543-th send '543@40@786'
10-15 19:15:42.431 17658 17658 I weightfood: : 收到事件 NotifyData(type=1, data=786, time=0)
10-15 19:15:42.502 17658 17709 D xm      : (RFID)card has gone? 1
10-15 19:15:42.523 17658 17708 D xm      : @BLOB 0x3a 0x52 0x4e 0x45 0x54 0x2b 0x30 0x30 0x30 0x37 0x39 0x30 0x3b
10-15 19:15:42.524 17658 17708 D xm      : @lp7522_weight 790
10-15 19:15:42.524 17658 17708 D xm      : @notify_weight 544-th send '544@40@790'
10-15 19:15:42.638 17658 17658 I weightfood: : 收到事件 NotifyData(type=1, data=790, time=0)
10-15 19:15:42.654 17658 17708 D xm      : @BLOB 0x3a 0x52 0x4e 0x45 0x54 0x2b 0x30 0x30 0x30 0x37 0x38 0x34 0x3b
10-15 19:15:42.654 17658 17708 D xm      : @lp7522_weight 784
10-15 19:15:42.654 17658 17708 D xm      : @notify_weight 545-th send '545@40@784'
10-15 19:15:42.700 17658 17709 D xm      : @BLOB 0x42 0xac 0xcb 0xd5 0x50 0x1 0x4 0xe0 0 0x28 0 0 0 0 0
10-15 19:15:42.700 17658 17709 D xm      : (RFID)uid: 42accbd5500104e0, block: 0x00000028
10-15 19:15:42.783 17658 17708 D xm      : @BLOB 0x3a 0x52 0x4e 0x45 0x54 0x2b 0x30 0x30 0x30 0x37 0x37 0x36 0x3b
10-15 19:15:42.783 17658 17708 D xm      : @lp7522_weight 776
10-15 19:15:42.783 17658 17708 D xm      : @notify_weight 546-th send '546@40@776'
