--------- beginning of system
10-15 11:40:06.025  3135  3165 W PackageManager: Downgrade detected: Update version code 1 is older than current 24
10-15 11:41:35.110  3135  3154 E BatteryExternalStatsWorker: no controller energy info supplied for wifi
10-15 11:41:35.110  3135  3154 E BatteryExternalStatsWorker: no controller energy info supplied for bluetooth
10-15 11:41:35.119  3135  3154 W BatteryExternalStatsWorker: modem info is invalid: ModemActivityInfo{ mTimestamp=0 mSleepTimeMs=0 mIdleTimeMs=0 mTxTimeMs[]=[0, 0, 0, 0, 0] mRxTimeMs=0 mEnergyUsed=0}
10-15 11:42:15.009  3135  3165 W PackageManager: Downgrade detected: Update version code 1 is older than current 24
10-15 11:48:24.786  3135  3240 D ConnectivityService: NetworkAgentInfo [Ethernet () - 101] validation failed
10-15 11:58:37.846  3135  3240 D ConnectivityService: NetworkAgentInfo [Ethernet () - 101] validation failed
10-15 12:00:06.041  3135  3148 I UsageStatsService: User[0] Flushing usage stats to disk
10-15 12:08:50.935  3135  3240 D ConnectivityService: NetworkAgentInfo [Ethernet () - 101] validation failed
10-15 12:11:35.108  3135  3154 E BatteryExternalStatsWorker: no controller energy info supplied for wifi
10-15 12:11:35.108  3135  3154 E BatteryExternalStatsWorker: no controller energy info supplied for bluetooth
10-15 12:11:35.114  3135  3154 W BatteryExternalStatsWorker: modem info is invalid: ModemActivityInfo{ mTimestamp=0 mSleepTimeMs=0 mIdleTimeMs=0 mTxTimeMs[]=[0, 0, 0, 0, 0] mRxTimeMs=0 mEnergyUsed=0}
10-15 12:19:04.046  3135  3240 D ConnectivityService: NetworkAgentInfo [Ethernet () - 101] validation failed
10-15 12:29:17.125  3135  3240 D ConnectivityService: NetworkAgentInfo [Ethernet () - 101] validation failed
10-15 12:39:30.150  3135  3240 D ConnectivityService: NetworkAgentInfo [Ethernet () - 101] validation failed
10-15 12:41:35.119  3135  3154 E BatteryExternalStatsWorker: no controller energy info supplied for wifi
10-15 12:41:35.119  3135  3154 E BatteryExternalStatsWorker: no controller energy info supplied for bluetooth
10-15 12:41:35.125  3135  3154 W BatteryExternalStatsWorker: modem info is invalid: ModemActivityInfo{ mTimestamp=0 mSleepTimeMs=0 mIdleTimeMs=0 mTxTimeMs[]=[0, 0, 0, 0, 0] mRxTimeMs=0 mEnergyUsed=0}
10-15 12:41:44.743  3135  3157 W EntropyMixer: Failed to add HW RNG output to entropy pool
10-15 12:41:44.743  3135  3157 W EntropyMixer: java.io.IOException: read failed: ENODEV (No such device)
10-15 12:41:44.743  3135  3157 W EntropyMixer: 	at libcore.io.IoBridge.read(IoBridge.java:511)
10-15 12:41:44.743  3135  3157 W EntropyMixer: 	at java.io.FileInputStream.read(FileInputStream.java:307)
10-15 12:41:44.743  3135  3157 W EntropyMixer: 	at com.android.server.RandomBlock.fromStream(RandomBlock.java:56)
10-15 12:41:44.743  3135  3157 W EntropyMixer: 	at com.android.server.RandomBlock.fromFile(RandomBlock.java:46)
10-15 12:41:44.743  3135  3157 W EntropyMixer: 	at com.android.server.EntropyMixer.addHwRandomEntropy(EntropyMixer.java:205)
10-15 12:41:44.743  3135  3157 W EntropyMixer: 	at com.android.server.EntropyMixer.access$000(EntropyMixer.java:59)
10-15 12:41:44.743  3135  3157 W EntropyMixer: 	at com.android.server.EntropyMixer$1.handleMessage(EntropyMixer.java:83)
10-15 12:41:44.743  3135  3157 W EntropyMixer: 	at android.os.Handler.dispatchMessage(Handler.java:106)
10-15 12:41:44.743  3135  3157 W EntropyMixer: 	at android.os.Looper.loop(Looper.java:193)
10-15 12:41:44.743  3135  3157 W EntropyMixer: 	at android.os.HandlerThread.run(HandlerThread.java:65)
10-15 12:41:44.743  3135  3157 W EntropyMixer: 	at com.android.server.ServiceThread.run(ServiceThread.java:44)
10-15 12:41:44.743  3135  3157 W EntropyMixer: Caused by: android.system.ErrnoException: read failed: ENODEV (No such device)
10-15 12:41:44.743  3135  3157 W EntropyMixer: 	at libcore.io.Linux.readBytes(Native Method)
10-15 12:41:44.743  3135  3157 W EntropyMixer: 	at libcore.io.Linux.read(Linux.java:184)
10-15 12:41:44.743  3135  3157 W EntropyMixer: 	at libcore.io.BlockGuardOs.read(BlockGuardOs.java:254)
10-15 12:41:44.743  3135  3157 W EntropyMixer: 	at libcore.io.IoBridge.read(IoBridge.java:501)
10-15 12:41:44.743  3135  3157 W EntropyMixer: 	... 10 more
10-15 12:41:44.743  3135  3157 I EntropyMixer: Writing entropy...
10-15 12:45:00.245  3135  3148 I ProcessStatsService: Pruning old procstats: /data/system/procstats/state-2020-10-14-09-43-07.bin
10-15 12:49:43.254  3135  3240 D ConnectivityService: NetworkAgentInfo [Ethernet () - 101] validation failed
10-15 12:59:53.297  3135  3240 D ConnectivityService: NetworkAgentInfo [Ethernet () - 101] validation failed
10-15 13:10:03.423  3135  3240 D ConnectivityService: NetworkAgentInfo [Ethernet () - 101] validation failed
10-15 13:11:35.131  3135  3154 E BatteryExternalStatsWorker: no controller energy info supplied for wifi
10-15 13:11:35.131  3135  3154 E BatteryExternalStatsWorker: no controller energy info supplied for bluetooth
10-15 13:11:35.137  3135  3154 W BatteryExternalStatsWorker: modem info is invalid: ModemActivityInfo{ mTimestamp=0 mSleepTimeMs=0 mIdleTimeMs=0 mTxTimeMs[]=[0, 0, 0, 0, 0] mRxTimeMs=0 mEnergyUsed=0}
10-15 13:20:16.541  3135  3240 D ConnectivityService: NetworkAgentInfo [Ethernet () - 101] validation failed
10-15 13:30:29.566  3135  3240 D ConnectivityService: NetworkAgentInfo [Ethernet () - 101] validation failed
10-15 13:40:42.619  3135  3240 D ConnectivityService: NetworkAgentInfo [Ethernet () - 101] validation failed
10-15 13:41:35.131  3135  3154 E BatteryExternalStatsWorker: no controller energy info supplied for wifi
10-15 13:41:35.131  3135  3154 E BatteryExternalStatsWorker: no controller energy info supplied for bluetooth
10-15 13:41:35.137  3135  3154 W BatteryExternalStatsWorker: modem info is invalid: ModemActivityInfo{ mTimestamp=0 mSleepTimeMs=0 mIdleTimeMs=0 mTxTimeMs[]=[0, 0, 0, 0, 0] mRxTimeMs=0 mEnergyUsed=0}
10-15 13:48:35.428  3135  3149 I ActivityManager: Force stopping com.xiaomeng.weightfoodpay appid=10085 user=-1: deletePackageX
10-15 13:48:35.667  3135  3165 I ActivityManager: Force stopping com.xiaomeng.weightfoodpay appid=10085 user=0: pkg removed
10-15 13:48:35.695  3135  4368 W BroadcastQueue: Background execution not allowed: receiving Intent { act=android.intent.action.PACKAGE_REMOVED dat=package:com.xiaomeng.weightfoodpay flg=0x4000010 (has extras) } to com.android.musicfx/.Compatibility$Receiver
10-15 13:48:35.722  3135  3135 I ConditionProviders: Disallowing condition provider com.xiaomeng.weightfoodpay
10-15 13:48:35.750  3135  3151 I ActivityManager: Start proc 8781:com.android.documentsui/u0a23 for broadcast com.android.documentsui/.PackageReceiver
10-15 13:48:35.913  3135  3474 I ActivityManager: Killing 7434:com.android.shell/2000 (adj 906): empty for 79306s
10-15 13:48:39.344  3135  3165 V BackupManagerService: restoreAtInstall pkg=com.xiaomeng.weightfoodpay token=a restoreSet=0
10-15 13:48:39.347  3135  3165 V BackupManagerService: Finishing install immediately
10-15 13:48:39.374  3135  4368 W BroadcastQueue: Background execution not allowed: receiving Intent { act=android.intent.action.PACKAGE_ADDED dat=package:com.xiaomeng.weightfoodpay flg=0x4000010 (has extras) } to com.android.musicfx/.Compatibility$Receiver
10-15 13:48:39.375  3135  3135 I Telecom : DefaultDialerCache: Refreshing default dialer for user 0: now com.android.dialer: DDC.oR@AFU
10-15 13:48:39.394  3135  3135 V BackupManagerConstants: getFullBackupIntervalMilliseconds(...) returns 86400000
10-15 13:48:39.410  3135  3148 W VoiceInteractionManagerService: no available voice recognition services found for user 0
10-15 13:48:39.451  3135  3474 I ActivityManager: START u0 {act=android.intent.action.MAIN cat=[android.intent.category.LAUNCHER] flg=0x10000000 cmp=com.xiaomeng.weightfoodpay/com.xiaomeng.weightfood.activity.SplashActivity} from uid 2000
10-15 13:48:39.527  3135  3151 I ActivityManager: Start proc 8835:com.xiaomeng.weightfoodpay/u0a87 for activity com.xiaomeng.weightfoodpay/com.xiaomeng.weightfood.activity.SplashActivity
10-15 13:48:39.936  3135  3474 I ActivityManager: START u0 {act=android.content.pm.action.REQUEST_PERMISSIONS pkg=com.android.packageinstaller cmp=com.android.packageinstaller/.permission.ui.GrantPermissionsActivity (has extras)} from uid 10087
10-15 13:48:41.933  3135  3670 V BackupManagerConstants: getFullBackupRequiredNetworkType(...) returns 2
10-15 13:48:41.933  3135  3670 V BackupManagerConstants: getFullBackupRequireCharging(...) returns true
10-15 13:48:44.087  2895  2895 D vold    : Remounting 10087 as mode read
10-15 13:48:44.092  2895  2895 D vold    : Found matching PID 8835
10-15 13:48:44.161  2895  2895 D vold    : Remounting 10087 as mode write
10-15 13:48:44.167  2895  2895 D vold    : Found matching PID 8835
10-15 13:48:44.497  3135  7122 I ActivityManager: START u0 {cmp=com.xiaomeng.weightfoodpay/com.xiaomeng.weightfood.activity.MainActivity} from uid 10087
10-15 13:50:16.100  3135  7122 I ActivityManager: START u0 {cmp=com.xiaomeng.weightfoodpay/com.xiaomeng.weightfood.activity.CleanWeightActivity (has extras)} from uid 10087
10-15 13:50:32.467  3135  4328 I ActivityManager: START u0 {act=android.intent.action.VIEW dat=content://com.xiaomeng.weightfoodpay.updateFileProvider/lib_update_app_files/Android/data/com.xiaomeng.weightfoodpay/cache/xupdate/1.0.24-qa/aikitchen_weighter_pay-qa-BRmaster-BN24.apk typ=application/vnd.android.package-archive flg=0x10000041 cmp=com.android.packageinstaller/.InstallStart} from uid 10087
10-15 13:50:32.619  3135  4368 I ActivityManager: START u0 {act=android.intent.action.VIEW dat=content://com.xiaomeng.weightfoodpay.updateFileProvider/lib_update_app_files/Android/data/com.xiaomeng.weightfoodpay/cache/xupdate/1.0.24-qa/aikitchen_weighter_pay-qa-BRmaster-BN24.apk typ=application/vnd.android.package-archive flg=0x2000000 cmp=com.android.packageinstaller/.InstallStaging (has extras)} from uid 10026
10-15 13:50:32.834  3135  4328 I ActivityManager: START u0 {act=android.intent.action.VIEW dat=file:///data/user_de/0/com.android.packageinstaller/no_backup/package1737876644639787721.apk flg=0x2010000 cmp=com.android.packageinstaller/.DeleteStagedFileOnResult (has extras)} from uid 10026
10-15 13:50:32.902  3135  3474 I ActivityManager: START u0 {act=android.intent.action.VIEW dat=file:///data/user_de/0/com.android.packageinstaller/no_backup/package1737876644639787721.apk flg=0x10000 cmp=com.android.packageinstaller/.PackageInstallerActivity (has extras)} from uid 10026
10-15 13:50:55.647  3135  3240 D ConnectivityService: NetworkAgentInfo [Ethernet () - 101] validation failed
10-15 13:56:05.413  3135  3474 I ActivityManager: START u0 {cmp=com.xiaomeng.weightfoodpay/com.xiaomeng.weightfood.activity.CleanWeightActivity (has extras)} from uid 10087
10-15 13:56:25.648  3135  3474 I ActivityManager: START u0 {cmp=com.xiaomeng.weightfoodpay/com.xiaomeng.weightfood.activity.SettleActivity (has extras)} from uid 10087
10-15 13:56:34.495  3135  3474 I ActivityManager: START u0 {cmp=com.xiaomeng.weightfoodpay/com.xiaomeng.weightfood.activity.SettleActivity (has extras)} from uid 10087
10-15 13:56:38.871  3135  4328 I ActivityManager: START u0 {cmp=com.xiaomeng.weightfoodpay/com.xiaomeng.weightfood.activity.SettleActivity (has extras)} from uid 10087
10-15 13:56:41.255  3135  4328 I ActivityManager: START u0 {cmp=com.xiaomeng.weightfoodpay/com.xiaomeng.weightfood.activity.SettleActivity (has extras)} from uid 10087
10-15 14:01:08.759  3135  3240 D ConnectivityService: NetworkAgentInfo [Ethernet () - 101] validation failed
10-15 14:03:00.013  3135  3148 I UsageStatsService: User[0] Flushing usage stats to disk
10-15 14:11:21.809  3135  3240 D ConnectivityService: NetworkAgentInfo [Ethernet () - 101] validation failed
10-15 14:11:35.143  3135  3154 E BatteryExternalStatsWorker: no controller energy info supplied for wifi
10-15 14:11:35.143  3135  3154 E BatteryExternalStatsWorker: no controller energy info supplied for bluetooth
10-15 14:11:35.149  3135  3154 W BatteryExternalStatsWorker: modem info is invalid: ModemActivityInfo{ mTimestamp=0 mSleepTimeMs=0 mIdleTimeMs=0 mTxTimeMs[]=[0, 0, 0, 0, 0] mRxTimeMs=0 mEnergyUsed=0}
10-15 14:11:35.149  3135  3154 D KernelUidCpuTimeReader: Removing uids 10085-10085
10-15 14:21:34.906  3135  3240 D ConnectivityService: NetworkAgentInfo [Ethernet () - 101] validation failed
10-15 14:31:47.992  3135  3240 D ConnectivityService: NetworkAgentInfo [Ethernet () - 101] validation failed
10-15 14:41:35.143  3135  3154 E BatteryExternalStatsWorker: no controller energy info supplied for wifi
10-15 14:41:35.144  3135  3154 E BatteryExternalStatsWorker: no controller energy info supplied for bluetooth
10-15 14:41:35.150  3135  3154 W BatteryExternalStatsWorker: modem info is invalid: ModemActivityInfo{ mTimestamp=0 mSleepTimeMs=0 mIdleTimeMs=0 mTxTimeMs[]=[0, 0, 0, 0, 0] mRxTimeMs=0 mEnergyUsed=0}
10-15 14:42:01.018  3135  3240 D ConnectivityService: NetworkAgentInfo [Ethernet () - 101] validation failed
10-15 14:52:14.046  3135  3240 D ConnectivityService: NetworkAgentInfo [Ethernet () - 101] validation failed
10-15 15:02:27.083  3135  3240 D ConnectivityService: NetworkAgentInfo [Ethernet () - 101] validation failed
10-15 15:11:35.154  3135  3154 E BatteryExternalStatsWorker: no controller energy info supplied for wifi
10-15 15:11:35.154  3135  3154 E BatteryExternalStatsWorker: no controller energy info supplied for bluetooth
10-15 15:11:35.160  3135  3154 W BatteryExternalStatsWorker: modem info is invalid: ModemActivityInfo{ mTimestamp=0 mSleepTimeMs=0 mIdleTimeMs=0 mTxTimeMs[]=[0, 0, 0, 0, 0] mRxTimeMs=0 mEnergyUsed=0}
10-15 15:12:40.118  3135  3240 D ConnectivityService: NetworkAgentInfo [Ethernet () - 101] validation failed
10-15 15:22:53.210  3135  3240 D ConnectivityService: NetworkAgentInfo [Ethernet () - 101] validation failed
10-15 15:33:06.299  3135  3240 D ConnectivityService: NetworkAgentInfo [Ethernet () - 101] validation failed
10-15 15:41:35.163  3135  3154 E BatteryExternalStatsWorker: no controller energy info supplied for wifi
10-15 15:41:35.164  3135  3154 E BatteryExternalStatsWorker: no controller energy info supplied for bluetooth
10-15 15:41:35.171  3135  3154 W BatteryExternalStatsWorker: modem info is invalid: ModemActivityInfo{ mTimestamp=0 mSleepTimeMs=0 mIdleTimeMs=0 mTxTimeMs[]=[0, 0, 0, 0, 0] mRxTimeMs=0 mEnergyUsed=0}
10-15 15:41:44.754  3135  3157 W EntropyMixer: Failed to add HW RNG output to entropy pool
10-15 15:41:44.754  3135  3157 W EntropyMixer: java.io.IOException: read failed: ENODEV (No such device)
10-15 15:41:44.754  3135  3157 W EntropyMixer: 	at libcore.io.IoBridge.read(IoBridge.java:511)
10-15 15:41:44.754  3135  3157 W EntropyMixer: 	at java.io.FileInputStream.read(FileInputStream.java:307)
10-15 15:41:44.754  3135  3157 W EntropyMixer: 	at com.android.server.RandomBlock.fromStream(RandomBlock.java:56)
10-15 15:41:44.754  3135  3157 W EntropyMixer: 	at com.android.server.RandomBlock.fromFile(RandomBlock.java:46)
10-15 15:41:44.754  3135  3157 W EntropyMixer: 	at com.android.server.EntropyMixer.addHwRandomEntropy(EntropyMixer.java:205)
10-15 15:41:44.754  3135  3157 W EntropyMixer: 	at com.android.server.EntropyMixer.access$000(EntropyMixer.java:59)
10-15 15:41:44.754  3135  3157 W EntropyMixer: 	at com.android.server.EntropyMixer$1.handleMessage(EntropyMixer.java:83)
10-15 15:41:44.754  3135  3157 W EntropyMixer: 	at android.os.Handler.dispatchMessage(Handler.java:106)
10-15 15:41:44.754  3135  3157 W EntropyMixer: 	at android.os.Looper.loop(Looper.java:193)
10-15 15:41:44.754  3135  3157 W EntropyMixer: 	at android.os.HandlerThread.run(HandlerThread.java:65)
10-15 15:41:44.754  3135  3157 W EntropyMixer: 	at com.android.server.ServiceThread.run(ServiceThread.java:44)
10-15 15:41:44.754  3135  3157 W EntropyMixer: Caused by: android.system.ErrnoException: read failed: ENODEV (No such device)
10-15 15:41:44.754  3135  3157 W EntropyMixer: 	at libcore.io.Linux.readBytes(Native Method)
10-15 15:41:44.754  3135  3157 W EntropyMixer: 	at libcore.io.Linux.read(Linux.java:184)
10-15 15:41:44.754  3135  3157 W EntropyMixer: 	at libcore.io.BlockGuardOs.read(BlockGuardOs.java:254)
10-15 15:41:44.754  3135  3157 W EntropyMixer: 	at libcore.io.IoBridge.read(IoBridge.java:501)
10-15 15:41:44.754  3135  3157 W EntropyMixer: 	... 10 more
10-15 15:41:44.755  3135  3157 I EntropyMixer: Writing entropy...
10-15 15:43:19.312  3135  3240 D ConnectivityService: NetworkAgentInfo [Ethernet () - 101] validation failed
10-15 15:46:03.923  3135  3148 I ProcessStatsService: Pruning old procstats: /data/system/procstats/state-2020-10-14-12-43-17.bin
10-15 15:46:48.687  3135  3135 V BackupManagerService: Scheduling immediate backup pass
10-15 15:46:48.689  3135  3135 V BackupManagerService: Running a backup pass
10-15 15:46:48.695  3135  3135 I TransportClient: LocalTransportService#3: Notifying [BH/MSG_RUN_BACKUP] transport = IBackupTransport
10-15 15:46:48.698  3135  3670 V BackupManagerService: clearing pending backups
10-15 15:46:48.698  3135  3670 D PFTBT   : backupmanager pftbt token=2457590f
10-15 15:46:48.698  3135  3670 V PerformBackupTask: Beginning backup of 2 targets
10-15 15:46:48.704  3135  3670 D PerformBackupTask: invokeAgentForBackup on @pm@
10-15 15:46:48.706  3135  3670 V BackupAgentTimeout: getKvBackupAgentTimeoutMillis(): 30000
10-15 15:46:48.712  3135  3670 I BackupRestoreController: Getting widget state for user: 0
10-15 15:46:48.718  3135  3670 D PerformBackupTask: starting key/value backup of BackupRequest{pkg=com.android.providers.settings}
10-15 15:46:48.720  3135  3670 D BackupManagerService: awaiting agent for ApplicationInfo{1411d32 com.android.providers.settings}
10-15 15:46:48.721  3135  3135 D BackupManagerService: agentConnected pkg=com.android.providers.settings agent=android.app.backup.BackupAgent$BackupServiceBinder@a1c3dca
10-15 15:46:48.722  3135  3670 I BackupManagerService: got agent android.app.backup.BackupAgent$BackupServiceBinder@a1c3dca
10-15 15:46:48.722  3135  3670 D PerformBackupTask: invokeAgentForBackup on com.android.providers.settings
10-15 15:46:48.724  3135  3670 V BackupAgentTimeout: getKvBackupAgentTimeoutMillis(): 30000
10-15 15:46:48.760  3135  3670 D WifiService: Retrieving backup data
10-15 15:46:48.760  3135  3670 D WifiService: Retrieved backup data
10-15 15:46:48.762  3135  3670 I BackupRestoreController: Getting widget state for user: 0
10-15 15:46:48.766  3135  3670 V BackupManagerConstants: getBackupFinishedNotificationReceivers(...) returns 
10-15 15:46:48.766  3135  3670 D PerformBackupTask: starting key/value backup of BackupRequest{pkg=android}
10-15 15:46:48.768  3135  3670 D BackupManagerService: awaiting agent for ApplicationInfo{1736e2 android}
10-15 15:46:48.769  3135  3135 D BackupManagerService: agentConnected pkg=android agent=android.app.backup.BackupAgent$BackupServiceBinder@3a86c96
10-15 15:46:48.769  3135  3670 I BackupManagerService: got agent android.app.backup.BackupAgent$BackupServiceBinder@3a86c96
10-15 15:46:48.769  3135  3670 D PerformBackupTask: invokeAgentForBackup on android
10-15 15:46:48.772  3135  3670 V BackupAgentTimeout: getKvBackupAgentTimeoutMillis(): 30000
10-15 15:46:57.980  3135  3135 D DevicePolicyManager: updateSystemUpdateFreezePeriodsRecord
10-15 15:46:57.980  3135  3135 W SyncManager: Clock is valid now.
10-15 15:46:57.980  3135  3135 D ConditionProviders.SCP: onReceive android.intent.action.TIME_SET
10-15 15:46:57.981  3135  3135 D ConditionProviders.SCP: evaluateSubscriptionLocked cal=ScheduleCalendar[mDays={1, 2, 3, 4, 5, 6, 7}, mSchedule=ScheduleInfo{days=[1, 2, 3, 4, 5, 6, 7], startHour=22, startMinute=0, endHour=7, endMinute=0, exitAtAlarm=true, nextAlarm=Thu Jan 01 08:00:00 GMT+08:00 1970 (0)}], now=Thu Oct 15 15:46:57 GMT+08:00 2020 (1602748017980), nextUserAlarmTime=Thu Jan 01 08:00:00 GMT+08:00 1970 (0)
10-15 15:46:57.981  3135  3135 D ConditionProviders.SCP: notifyCondition condition://android/schedule?days=1.2.3.4.5.6.7&start=22.0&end=7.0&exitAtAlarm=true STATE_FALSE reason=!meetsSchedule
10-15 15:46:57.982  3135  3135 D ConditionProviders.SCP: Scheduling evaluate for Thu Oct 15 22:00:00 GMT+08:00 2020 (1602770400000), in +6h13m2s20ms, now=Thu Oct 15 15:46:57 GMT+08:00 2020 (1602748017980)
10-15 15:46:57.993  3135  3148 I UsageStatsService: Time changed in UsageStats by 9 seconds
10-15 15:46:57.993  3135  3148 I UsageStatsService: User[0] Flushing usage stats to disk
10-15 15:46:58.066  3135  3148 I UsageStatsDatabase: Time changed by +9s148ms. files deleted: 0 files moved: 14
10-15 15:46:58.073  3135  3148 I UsageStatsService: User[0] Rollover scheduled @ 2020-10-16 15:46:57(1602834417993)
10-15 15:46:58.168  3135  3670 I BackupRestoreController: Getting widget state for user: 0
10-15 15:46:58.176  3135  3670 V BackupManagerConstants: getBackupFinishedNotificationReceivers(...) returns 
10-15 15:46:58.179  3135  3670 I PerformBackupTask: K/V backup pass finished.
10-15 15:53:41.512  3135  3240 D ConnectivityService: NetworkAgentInfo [Ethernet () - 101] validation failed
10-15 16:01:56.441  3135  3148 I UsageStatsService: User[0] Flushing usage stats to disk
10-15 16:03:54.531  3135  3240 D ConnectivityService: NetworkAgentInfo [Ethernet () - 101] validation failed
10-15 16:11:44.322  3135  3154 E BatteryExternalStatsWorker: no controller energy info supplied for wifi
10-15 16:11:44.323  3135  3154 E BatteryExternalStatsWorker: no controller energy info supplied for bluetooth
10-15 16:11:44.330  3135  3154 W BatteryExternalStatsWorker: modem info is invalid: ModemActivityInfo{ mTimestamp=0 mSleepTimeMs=0 mIdleTimeMs=0 mTxTimeMs[]=[0, 0, 0, 0, 0] mRxTimeMs=0 mEnergyUsed=0}
10-15 16:14:07.559  3135  3240 D ConnectivityService: NetworkAgentInfo [Ethernet () - 101] validation failed
10-15 16:24:20.584  3135  3240 D ConnectivityService: NetworkAgentInfo [Ethernet () - 101] validation failed
10-15 16:34:33.610  3135  3240 D ConnectivityService: NetworkAgentInfo [Ethernet () - 101] validation failed
10-15 16:41:44.334  3135  3154 E BatteryExternalStatsWorker: no controller energy info supplied for wifi
10-15 16:41:44.334  3135  3154 E BatteryExternalStatsWorker: no controller energy info supplied for bluetooth
10-15 16:41:44.341  3135  3154 W BatteryExternalStatsWorker: modem info is invalid: ModemActivityInfo{ mTimestamp=0 mSleepTimeMs=0 mIdleTimeMs=0 mTxTimeMs[]=[0, 0, 0, 0, 0] mRxTimeMs=0 mEnergyUsed=0}
10-15 16:44:46.642  3135  3240 D ConnectivityService: NetworkAgentInfo [Ethernet () - 101] validation failed
10-15 16:54:59.667  3135  3240 D ConnectivityService: NetworkAgentInfo [Ethernet () - 101] validation failed
10-15 17:05:12.687  3135  3240 D ConnectivityService: NetworkAgentInfo [Ethernet () - 101] validation failed
10-15 17:11:44.345  3135  3154 E BatteryExternalStatsWorker: no controller energy info supplied for wifi
10-15 17:11:44.345  3135  3154 E BatteryExternalStatsWorker: no controller energy info supplied for bluetooth
10-15 17:11:44.353  3135  3154 W BatteryExternalStatsWorker: modem info is invalid: ModemActivityInfo{ mTimestamp=0 mSleepTimeMs=0 mIdleTimeMs=0 mTxTimeMs[]=[0, 0, 0, 0, 0] mRxTimeMs=0 mEnergyUsed=0}
10-15 17:15:25.710  3135  3240 D ConnectivityService: NetworkAgentInfo [Ethernet () - 101] validation failed
10-15 17:22:21.184  3135  3156 D UsbDeviceManager: Clear notification
10-15 17:22:25.141  3135  3156 D UsbDeviceManager: push notification:Charging this device via USB
10-15 17:22:26.169  3135  3669 D UsbDebuggingManager: Received public key: QAAAAMUN2JvzFoyl1TLiCYvivqLa0laP5btRrhqo+v1qHlaCnOUsJfSFYTjGO/qmHDdw2RwvSMmhzogZLCsOymAAIb2o+EP5ErNr+Wm6yYvA0M5oHaRYHF+sJmDitE0IfEvXbrIsFc05PzI6tp7tuFqqNwavmaD2V2uRG1q5CpFnUE9h0+M/yQA6i8nf6v+AOMlJKWQv6JLuY4DTIaBeDLA8M1jZtPWvq83upywnlJN8kkw8/dIoPWaw/5oXA1dZhU5jgEbQW6PfkJNTKWK35qbcHSyzkzcQ9bLylKmod2H5sITiuTUpyInT0gUsq7AvLyoUa5KapzG+VnZGb/poYxRO03cCZcSjVPKRWP2HjXAWtjD9OBaMNMgkZpSNuDYcN0DOPsas0b/DThX9N063pzwDRVbsW7U0e2ehagly8nmOxDfwg6KnF3rQQa5+RdZ93pYa0B+tCJ8gSxoSb29JKzrpLuAknIGr9r/po6czzY49JsIClOT2VHMacJJmjtKUlSBDdG5NpQGQ22vYWqFn2nfYpoicAwepSg4lQMbFHyV4UfcnJmdcHPm2VVzFQJlUiFLsqAnBPw2GwIM5Wjo2n8WPbNt6BEoNU7NxyU7vMB2Pf/VVtfhf0DMIO+0nahfYN1VwMjCxFMcBIIZ9nH/naiKZvlBwF7KEikLvLt7qeOEOlTLjAZdxmgEAAQA= unknown@unknown
10-15 17:22:26.171  3135  3156 I ActivityManager: START u0 {flg=0x10000000 cmp=com.android.systemui/.usb.UsbDebuggingActivity (has extras)} from uid 1000
10-15 17:22:26.213  3135  4368 W ActivityManager: Request to remove task ignored for non-existent task 40
10-15 17:22:35.496  3135  4328 I ActivityManager: START u0 {act=android.intent.action.VIEW dat=content://com.xiaomeng.weightfoodpay.updateFileProvider/lib_update_app_files/Android/data/com.xiaomeng.weightfoodpay/cache/xupdate/1.0.24-qa/aikitchen_weighter_pay-qa-BRmaster-BN24.apk typ=application/vnd.android.package-archive flg=0x10000041 cmp=com.android.packageinstaller/.InstallStart} from uid 10087
10-15 17:22:35.497  3135  4328 W ActivityManager: Activity is launching as a new task, so cancelling activity result.
10-15 17:22:35.534  3135  3474 W ActivityManager: Request to remove task ignored for non-existent task 41
10-15 17:22:35.618  3135  4368 I ActivityManager: START u0 {act=android.intent.action.VIEW dat=content://com.xiaomeng.weightfoodpay.updateFileProvider/lib_update_app_files/Android/data/com.xiaomeng.weightfoodpay/cache/xupdate/1.0.24-qa/aikitchen_weighter_pay-qa-BRmaster-BN24.apk typ=application/vnd.android.package-archive flg=0x2000000 cmp=com.android.packageinstaller/.InstallStaging (has extras)} from uid 10026
10-15 17:22:35.815  3135  4368 I ActivityManager: START u0 {act=android.intent.action.VIEW dat=file:///data/user_de/0/com.android.packageinstaller/no_backup/package2545382611653655883.apk flg=0x2010000 cmp=com.android.packageinstaller/.DeleteStagedFileOnResult (has extras)} from uid 10026
10-15 17:22:35.887  3135  4368 I ActivityManager: START u0 {act=android.intent.action.VIEW dat=file:///data/user_de/0/com.android.packageinstaller/no_backup/package2545382611653655883.apk flg=0x10000 cmp=com.android.packageinstaller/.PackageInstallerActivity (has extras)} from uid 10026
10-15 17:22:40.462  3135 12990 I ActivityManager: START u0 {act=android.intent.action.VIEW dat=content://com.xiaomeng.weightfoodpay.updateFileProvider/lib_update_app_files/Android/data/com.xiaomeng.weightfoodpay/cache/xupdate/1.0.24-qa/aikitchen_weighter_pay-qa-BRmaster-BN24.apk typ=application/vnd.android.package-archive flg=0x10000041 cmp=com.android.packageinstaller/.InstallStart} from uid 10087
10-15 17:22:40.462  3135 12990 W ActivityManager: Activity is launching as a new task, so cancelling activity result.
10-15 17:22:40.534  3135 12990 I ActivityManager: START u0 {act=android.intent.action.VIEW dat=content://com.xiaomeng.weightfoodpay.updateFileProvider/lib_update_app_files/Android/data/com.xiaomeng.weightfoodpay/cache/xupdate/1.0.24-qa/aikitchen_weighter_pay-qa-BRmaster-BN24.apk typ=application/vnd.android.package-archive flg=0x2000000 cmp=com.android.packageinstaller/.InstallStaging (has extras)} from uid 10026
10-15 17:22:40.784  3135  4328 I ActivityManager: START u0 {act=android.intent.action.VIEW dat=file:///data/user_de/0/com.android.packageinstaller/no_backup/package5683317999205734951.apk flg=0x2010000 cmp=com.android.packageinstaller/.DeleteStagedFileOnResult (has extras)} from uid 10026
10-15 17:22:40.867  3135  7122 I ActivityManager: START u0 {act=android.intent.action.VIEW dat=file:///data/user_de/0/com.android.packageinstaller/no_backup/package5683317999205734951.apk flg=0x10000 cmp=com.android.packageinstaller/.PackageInstallerActivity (has extras)} from uid 10026
10-15 17:22:45.167  3135  7122 I ActivityManager: START u0 {act=android.intent.action.VIEW dat=content://com.xiaomeng.weightfoodpay.updateFileProvider/lib_update_app_files/Android/data/com.xiaomeng.weightfoodpay/cache/xupdate/1.0.24-qa/aikitchen_weighter_pay-qa-BRmaster-BN24.apk typ=application/vnd.android.package-archive flg=0x10000041 cmp=com.android.packageinstaller/.InstallStart} from uid 10087
10-15 17:22:45.168  3135  7122 W ActivityManager: Activity is launching as a new task, so cancelling activity result.
10-15 17:22:45.303  3135  4328 I ActivityManager: START u0 {act=android.intent.action.VIEW dat=content://com.xiaomeng.weightfoodpay.updateFileProvider/lib_update_app_files/Android/data/com.xiaomeng.weightfoodpay/cache/xupdate/1.0.24-qa/aikitchen_weighter_pay-qa-BRmaster-BN24.apk typ=application/vnd.android.package-archive flg=0x2000000 cmp=com.android.packageinstaller/.InstallStaging (has extras)} from uid 10026
10-15 17:22:45.473  3135  4328 I ActivityManager: START u0 {act=android.intent.action.VIEW dat=file:///data/user_de/0/com.android.packageinstaller/no_backup/package3623959830447807421.apk flg=0x2010000 cmp=com.android.packageinstaller/.DeleteStagedFileOnResult (has extras)} from uid 10026
10-15 17:22:45.554  3135  4368 I ActivityManager: START u0 {act=android.intent.action.VIEW dat=file:///data/user_de/0/com.android.packageinstaller/no_backup/package3623959830447807421.apk flg=0x10000 cmp=com.android.packageinstaller/.PackageInstallerActivity (has extras)} from uid 10026
10-15 17:22:46.622  3135  7122 I ActivityManager: START u0 {act=android.settings.MANAGE_UNKNOWN_APP_SOURCES dat=package:com.xiaomeng.weightfoodpay cmp=com.android.settings/.Settings$ManageAppExternalSourcesActivity} from uid 10026
10-15 17:22:46.706  3135  3151 I ActivityManager: Start proc 14041:com.android.settings/1000 for activity com.android.settings/.Settings$ManageAppExternalSourcesActivity
10-15 17:22:47.107  3135  4368 E UserRestrictionsUtils: Unknown restriction: null
10-15 17:22:50.089  3135  4368 I ActivityManager: START u0 {act=android.intent.action.MAIN cat=[android.intent.category.HOME] flg=0x10000000 cmp=com.android.launcher3/.Launcher (has extras)} from uid 10021
10-15 17:22:55.086  3135  3474 I ActivityManager: START u0 {act=android.intent.action.VIEW dat=content://com.xiaomeng.weightfoodpay.updateFileProvider/lib_update_app_files/Android/data/com.xiaomeng.weightfoodpay/cache/xupdate/1.0.24-qa/aikitchen_weighter_pay-qa-BRmaster-BN24.apk typ=application/vnd.android.package-archive flg=0x10000041 cmp=com.android.packageinstaller/.InstallStart} from uid 10087
10-15 17:22:55.086  3135  3474 W ActivityManager: Activity is launching as a new task, so cancelling activity result.
10-15 17:22:59.713  3135  4368 I ActivityManager: START u0 {act=android.intent.action.MAIN cat=[android.intent.category.HOME] flg=0x10000000 cmp=com.android.launcher3/.Launcher (has extras)} from uid 10021
10-15 17:23:02.186  3135  4368 I ActivityManager: START u0 {act=android.intent.action.VIEW dat=content://com.xiaomeng.weightfoodpay.updateFileProvider/lib_update_app_files/Android/data/com.xiaomeng.weightfoodpay/cache/xupdate/1.0.24-qa/aikitchen_weighter_pay-qa-BRmaster-BN24.apk typ=application/vnd.android.package-archive flg=0x10000041 cmp=com.android.packageinstaller/.InstallStart} from uid 10087
10-15 17:23:02.186  3135  4368 W ActivityManager: Activity is launching as a new task, so cancelling activity result.
10-15 17:23:05.094  3135  3225 I ActivityManager: START u0 {act=android.intent.action.MAIN cat=[android.intent.category.HOME] flg=0x10200000 cmp=com.android.launcher3/.Launcher (has extras)} from uid 1000
10-15 17:23:09.320  3135  3474 I ActivityManager: START u0 {act=android.intent.action.MAIN cat=[android.intent.category.LAUNCHER] flg=0x10200000 cmp=com.android.settings/.Settings bnds=[300,362][389,500]} from uid 10021
10-15 17:23:09.525  3135  3151 I ActivityManager: Start proc 14147:com.android.settings.intelligence/u0a25 for service com.android.settings.intelligence/.suggestions.SuggestionService
10-15 17:23:09.663  3135  3154 E BatteryExternalStatsWorker: no controller energy info supplied for wifi
10-15 17:23:09.663  3135  3154 E BatteryExternalStatsWorker: no controller energy info supplied for bluetooth
10-15 17:23:09.672  3135  3154 W BatteryExternalStatsWorker: modem info is invalid: ModemActivityInfo{ mTimestamp=0 mSleepTimeMs=0 mIdleTimeMs=0 mTxTimeMs[]=[0, 0, 0, 0, 0] mRxTimeMs=0 mEnergyUsed=0}
10-15 17:23:09.698  3135  3154 E BatteryExternalStatsWorker: no controller energy info supplied for wifi
10-15 17:23:09.698  3135  3154 E BatteryExternalStatsWorker: no controller energy info supplied for bluetooth
10-15 17:23:09.708  3135  3154 W BatteryExternalStatsWorker: modem info is invalid: ModemActivityInfo{ mTimestamp=0 mSleepTimeMs=0 mIdleTimeMs=0 mTxTimeMs[]=[0, 0, 0, 0, 0] mRxTimeMs=0 mEnergyUsed=0}
10-15 17:23:11.599  3135 12990 I ActivityManager: START u0 {flg=0x8000 cmp=com.android.settings/.Settings$SystemDashboardActivity (has extras)} from uid 1000
10-15 17:23:12.414  3135  3474 I ActivityManager: Killing 9647:com.android.keychain/1000 (adj 906): empty for 12867s
10-15 17:23:13.528  3135  3474 I ActivityManager: START u0 {act=android.intent.action.MAIN cmp=com.android.settings/.SubSettings (has extras)} from uid 1000
10-15 17:23:13.643  3135  3474 E UserRestrictionsUtils: Unknown restriction: null
10-15 17:23:13.774  3135  3151 I ActivityManager: Start proc 14192:android.process.acore/u0a16 for content provider com.android.providers.userdictionary/.UserDictionaryProvider
10-15 17:23:15.650  3135 12990 I ActivityManager: START u0 {act=android.intent.action.MAIN cmp=com.android.settings/.SubSettings (has extras)} from uid 1000
10-15 17:23:24.911  3135  4367 I ActivityManager: Config changes=4 {1.0 ?mcc?mnc [en_US,zh_CN_#Hans] ldltr sw600dp w600dp h952dp 160dpi lrg port finger -keyb/v/h -nav/h winConfig={ mBounds=Rect(0, 0 - 0, 0) mAppBounds=Rect(0, 0 - 600, 976) mWindowingMode=fullscreen mActivityType=undefined} s.6}
10-15 17:23:24.940  3135  4367 I ActivityManager: Override config changes=4 {1.0 ?mcc?mnc [en_US,zh_CN_#Hans] ldltr sw600dp w600dp h952dp 160dpi lrg port finger -keyb/v/h -nav/h winConfig={ mBounds=Rect(0, 0 - 600, 976) mAppBounds=Rect(0, 0 - 600, 976) mWindowingMode=fullscreen mActivityType=undefined} s.6} for displayId=0
10-15 17:23:25.011  3135  3135 V SettingsProvider: Notifying for 0: content://settings/system/font_scale
10-15 17:23:25.017  3135  3135 V SettingsProvider: Notifying for 0: content://settings/system/system_locales
10-15 17:23:25.041  3135  3156 D UsbDeviceManager: Clear notification
10-15 17:23:25.041  3135  3156 D UsbDeviceManager: push notification:Charging this device via USB
10-15 17:23:25.109  3135  3670 V BackupManagerConstants: getKeyValueBackupIntervalMilliseconds(...) returns 14400000
10-15 17:23:25.109  3135  3670 V BackupManagerConstants: getKeyValueBackupFuzzMilliseconds(...) returns 600000
10-15 17:23:25.109  3135  3670 V BackupManagerConstants: getKeyValueBackupRequiredNetworkType(...) returns 1
10-15 17:23:25.109  3135  3670 V BackupManagerConstants: getKeyValueBackupRequireCharging(...) returns true
10-15 17:23:25.109  3135  3670 V KeyValueBackupJob: Scheduling k/v pass in 242 minutes
10-15 17:23:25.156  3135  3151 I ActivityManager: Start proc 14258:com.android.carrierdefaultapp/u0a48 for broadcast com.android.carrierdefaultapp/.CarrierDefaultBroadcastReceiver
10-15 17:23:25.258  3135  3151 I ActivityManager: Start proc 14275:com.android.cellbroadcastreceiver/u0a14 for broadcast com.android.cellbroadcastreceiver/.PrivilegedCellBroadcastReceiver
10-15 17:23:25.291  3135  3151 I ActivityManager: Start proc 14288:com.android.externalstorage/u0a20 for content provider com.android.externalstorage/.ExternalStorageProvider
10-15 17:23:25.304  3135  3135 W InputMethodManagerService: Illegal subtype state: old subtype = null, new subtype = android.view.inputmethod.InputMethodSubtype@c9194f98
10-15 17:23:25.307  3135  3135 W Looper  : Slow dispatch took 264ms main h=android.app.ActivityThread$H c=android.app.-$$Lambda$LoadedApk$ReceiverDispatcher$Args$_BumDX2UKsnxLVrE6UJsJZkotuA@5e4b050 m=0
10-15 17:23:25.307  3135  3135 I Telecom : : Locale change; recreating channels.
10-15 17:23:25.308  3135  3135 W Looper  : Slow delivery took 295ms main h=android.app.ActivityThread$H c=android.app.-$$Lambda$LoadedApk$ReceiverDispatcher$Args$_BumDX2UKsnxLVrE6UJsJZkotuA@df7a249 m=0
10-15 17:23:25.312  3135  3135 V SettingsProvider: Notifying for 0: content://settings/secure/selected_input_method_subtype
10-15 17:23:25.312  3135  3135 W Looper  : Drained
10-15 17:23:25.446  3135  3433 I ActivityManager: Killing 8781:com.android.documentsui/u0a23 (adj 906): empty for 12880s
10-15 17:23:25.487  3135  3151 I ActivityManager: Start proc 14305:com.android.email/u0a40 for broadcast com.android.email/.service.EmailBroadcastReceiver
10-15 17:23:25.582  3135 12990 I ActivityManager: Killing 9638:com.android.gallery3d/u0a63 (adj 906): empty for 12877s
10-15 17:23:25.771  3135  3474 W ActivityManager: Unable to start service Intent { act=com.android.email.EXCHANGE_INTENT pkg=com.android.exchange } U=0: not found
10-15 17:23:25.777 14305 14325 D ActivityThread: Loading provider com.android.email.provider;com.android.email.notifier: com.android.email.provider.EmailProvider
10-15 17:23:25.779  3135  4457 W ActivityManager: Unable to start service Intent { act=com.android.email.EXCHANGE_INTENT pkg=com.android.exchange } U=0: not found
10-15 17:23:25.780 14305 14326 D ActivityThread: Loading provider com.android.email.provider;com.android.email.notifier: com.android.email.provider.EmailProvider
10-15 17:23:25.783 14305 14328 D ActivityThread: Loading provider com.android.email.provider;com.android.email.notifier: com.android.email.provider.EmailProvider
10-15 17:23:25.787  3135  4457 W ActivityManager: Unable to start service Intent { act=com.android.email.EXCHANGE_INTENT pkg=com.android.exchange } U=0: not found
10-15 17:23:25.788  3135  3474 W ActivityManager: Unable to start service Intent { act=com.android.email.EXCHANGE_INTENT pkg=com.android.exchange } U=0: not found
10-15 17:23:25.950  3135  3135 V SettingsProvider: Notifying for 0: content://settings/system/user_rotation
10-15 17:23:26.182  3135  4367 I ActivityManager: Killing 9601:com.android.defcontainer/u0a12 (adj 906): empty for 12870s
10-15 17:23:26.236  3135  4367 W ActivityManager: Unable to start service Intent { cmp=com.android.email/.service.AttachmentService } U=0: not found
10-15 17:23:26.240  3135  4367 W ActivityManager: Unable to start service Intent { act=com.android.email.EXCHANGE_INTENT pkg=com.android.exchange } U=0: not found
10-15 17:23:26.246  3135  4367 W ActivityManager: Unable to start service Intent { cmp=com.android.email/.service.AttachmentService } U=0: not found
10-15 17:23:26.258  3135  4367 I chatty  : uid=1000(system) Binder:3135_B identical 1 line
10-15 17:23:26.274  3135  4367 W ActivityManager: Unable to start service Intent { cmp=com.android.email/.service.AttachmentService } U=0: not found
10-15 17:23:26.279  3135  3474 W ActivityManager: Unable to start service Intent { act=com.android.email.EXCHANGE_INTENT pkg=com.android.exchange } U=0: not found
10-15 17:23:26.297  3135  3474 W ActivityManager: Unable to start service Intent { act=com.android.email.EXCHANGE_INTENT pkg=com.android.exchange } U=0: not found
10-15 17:23:26.306  3135  3202 I WindowManager: Screen frozen for +1s340ms due to Window{aa9e01f u0 NavigationBar}
10-15 17:23:26.312  3135  3285 W ActivityManager: Unable to start service Intent { act=com.android.email.EXCHANGE_INTENT pkg=com.android.exchange } U=0: not found
10-15 17:23:29.118  3135  3285 I ActivityManager: Config changes=2004 {1.0 ?mcc?mnc [zh_CN_#Hans,en_US] ldltr sw600dp w600dp h952dp 160dpi lrg port finger -keyb/v/h -nav/h winConfig={ mBounds=Rect(0, 0 - 0, 0) mAppBounds=Rect(0, 0 - 600, 976) mWindowingMode=fullscreen mActivityType=undefined} s.7}
10-15 17:23:29.172  3135  3285 I ActivityManager: Override config changes=2004 {1.0 ?mcc?mnc [zh_CN_#Hans,en_US] ldltr sw600dp w600dp h952dp 160dpi lrg port finger -keyb/v/h -nav/h winConfig={ mBounds=Rect(0, 0 - 600, 976) mAppBounds=Rect(0, 0 - 600, 976) mWindowingMode=fullscreen mActivityType=undefined} s.7} for displayId=0
10-15 17:23:29.235  3135  3135 V SettingsProvider: Notifying for 0: content://settings/system/system_locales
10-15 17:23:29.254  3703  3703 E SchedPolicy: set_timerslack_ns write failed: Operation not permitted
10-15 17:23:29.431  3475  3475 I TelecomFramework: PstnIncomingCallNotifier: Unregistering: Handler (com.android.internal.telephony.GsmCdmaPhone) {36885e0}
10-15 17:23:29.537  3135  4457 W Telecom : : registerPhoneAccount not allowed on non-voice capable device.: TSI.rPA@AFs
10-15 17:23:29.537  3475  3475 I TelecomFramework: AccountEntry: Registered phoneAccount: [[ ] PhoneAccount: ComponentInfo{com.android.phone/com.android.services.telephony.TelephonyConnectionService}, ***, UserHandle{0} Capabilities: CallProvider MultiUser PlaceEmerg SimSub  Audio Routes: BESW Schemes: tel voicemail  Extras: Bundle[{android.telecom.extra.SUPPORTS_VIDEO_CALLING_FALLBACK=true}] GroupId: ***] with handle: ComponentInfo{com.android.phone/com.android.services.telephony.TelephonyConnectionService}, ***, UserHandle{0}
10-15 17:23:29.538  3475  3475 I TelecomFramework: PstnIncomingCallNotifier: Registering: Handler (com.android.internal.telephony.GsmCdmaPhone) {36885e0}
10-15 17:23:29.544  3475  3475 I TelecomFramework: PstnPhoneCapabilitiesNotifier: handleVideoCapabilitesChanged. Video capability - false
10-15 17:23:29.584  3135  4457 W Telecom : : registerPhoneAccount not allowed on non-voice capable device.: TSI.rPA@AF4
10-15 17:23:29.867  3135  3202 I WindowManager: Screen frozen for +667ms due to Window{aa9e01f u0 NavigationBar}
10-15 17:23:30.020  3135  3151 I ActivityManager: Start proc 14361:com.android.quicksearchbox/u0a36 for broadcast com.android.quicksearchbox/.SearchWidgetProvider
10-15 17:23:30.177  3135  3135 W Looper  : Slow dispatch took 935ms main h=android.app.ActivityThread$H c=android.app.-$$Lambda$LoadedApk$ReceiverDispatcher$Args$_BumDX2UKsnxLVrE6UJsJZkotuA@f073835 m=0
10-15 17:23:30.178  3135  3135 W Looper  : Slow delivery took 938ms main h=android.app.ActivityThread$H c=android.app.-$$Lambda$LoadedApk$ReceiverDispatcher$Args$_BumDX2UKsnxLVrE6UJsJZkotuA@73144ca m=0
10-15 17:23:30.183  3135  3156 D UsbDeviceManager: Clear notification
10-15 17:23:30.184  3135  3156 D UsbDeviceManager: push notification:正在通过 USB 为此设备充电
10-15 17:23:30.260  3135  3135 I Telecom : : Locale change; recreating channels.
10-15 17:23:30.322  3135  3135 V SettingsProvider: Notifying for 0: content://settings/secure/enabled_input_methods
10-15 17:23:30.323  3135  3135 V SettingsProvider: Notifying for 0: content://settings/secure/default_input_method
10-15 17:23:30.323  3135  3135 V SettingsProvider: Notifying for 0: content://settings/secure/input_methods_subtype_history
10-15 17:23:30.328  3135  3151 W ActivityManager: Slow operation: 62ms so far, now at startProcess: returned from zygote!
10-15 17:23:30.328  3135  3151 W ActivityManager: Slow operation: 62ms so far, now at startProcess: done updating battery stats
10-15 17:23:30.328  3135  3151 W ActivityManager: Slow operation: 62ms so far, now at startProcess: building log message
10-15 17:23:30.328  3135  3151 I ActivityManager: Start proc 14380:com.google.android.inputmethod.pinyin/u0a41 for service com.google.android.inputmethod.pinyin/.PinyinIME
10-15 17:23:30.329  3135  3151 W ActivityManager: Slow operation: 62ms so far, now at startProcess: starting to update pids map
10-15 17:23:30.329  3135  3151 W ActivityManager: Slow operation: 62ms so far, now at startProcess: done updating pids map
10-15 17:23:30.350  3135  3135 V SettingsProvider: Notifying for 0: content://settings/global/zen_mode_config_etag
10-15 17:23:30.351  3135  3135 V SettingsProvider: Notifying for 0: content://settings/global/zen_mode_config_etag
10-15 17:23:30.355  3135  3135 W InputMethodManagerService: Illegal subtype state: old subtype = null, new subtype = android.view.inputmethod.InputMethodSubtype@45b89d64
10-15 17:23:30.406  3135 12990 I WindowManager: WIN DEATH: Window{66a4f3a u0 InputMethod}
10-15 17:23:30.415  3135  3135 W Looper  : Drained
10-15 17:23:30.417  3135  3145 I ActivityManager: Process com.android.inputmethod.latin (pid 3288) has died: fore RCVR
10-15 17:23:30.438  3135  3158 W ActivityManager: setHasOverlayUi called on unknown pid: 3288
10-15 17:23:30.722  3135 13176 E UserRestrictionsUtils: Unknown restriction: null
10-15 17:23:34.815  3135 12990 I ActivityManager: START u0 {act=android.intent.action.MAIN cat=[android.intent.category.HOME] flg=0x10000000 cmp=com.android.launcher3/.Launcher (has extras)} from uid 10021
10-15 17:23:34.878  3703  3703 E SchedPolicy: set_timerslack_ns write failed: Operation not permitted
10-15 17:23:35.151  3703  3703 I chatty  : uid=10021(com.android.launcher3) identical 1 line
10-15 17:23:35.411  3703  3703 E SchedPolicy: set_timerslack_ns write failed: Operation not permitted
10-15 17:23:42.792  3135 12990 W WindowManager: Attempted to add a toast window with unknown token null.  Aborting.
10-15 17:23:46.844  3135  3151 W ActivityManager: Slow operation: 67ms so far, now at startProcess: returned from zygote!
10-15 17:23:46.844  3135  3151 W ActivityManager: Slow operation: 67ms so far, now at startProcess: done updating battery stats
10-15 17:23:46.844  3135  3151 W ActivityManager: Slow operation: 67ms so far, now at startProcess: building log message
10-15 17:23:46.844  3135  3151 I ActivityManager: Start proc 14508:com.xiaomeng.weightfoodpay:leakcanary/u0a87 for service com.xiaomeng.weightfoodpay/com.squareup.leakcanary.internal.HeapAnalyzerService
10-15 17:23:46.844  3135  3151 W ActivityManager: Slow operation: 67ms so far, now at startProcess: starting to update pids map
10-15 17:23:46.844  3135  3151 W ActivityManager: Slow operation: 67ms so far, now at startProcess: done updating pids map
10-15 17:23:46.867  3135 14394 I ActivityManager: START u0 {cmp=com.xiaomeng.weightfoodpay/com.xiaomeng.weightfood.activity.CleanWeightActivity (has extras)} from uid 10087
10-15 17:23:55.018  3135  3145 I ActivityManager: START u0 {act=android.intent.action.VIEW dat=content://com.xiaomeng.weightfoodpay.updateFileProvider/lib_update_app_files/Android/data/com.xiaomeng.weightfoodpay/cache/xupdate/1.0.24-qa/aikitchen_weighter_pay-qa-BRmaster-BN24.apk typ=application/vnd.android.package-archive flg=0x10000041 cmp=com.android.packageinstaller/.InstallStart} from uid 10087
10-15 17:23:55.029  3135  3145 W ActivityManager: Activity is launching as a new task, so cancelling activity result.
10-15 17:23:55.125  3135  3145 I ActivityManager: START u0 {act=android.intent.action.VIEW dat=content://com.xiaomeng.weightfoodpay.updateFileProvider/lib_update_app_files/Android/data/com.xiaomeng.weightfoodpay/cache/xupdate/1.0.24-qa/aikitchen_weighter_pay-qa-BRmaster-BN24.apk typ=application/vnd.android.package-archive flg=0x2000000 cmp=com.android.packageinstaller/.InstallStaging (has extras)} from uid 10026
10-15 17:23:55.653  3135  3285 I ActivityManager: START u0 {act=android.intent.action.VIEW dat=file:///data/user_de/0/com.android.packageinstaller/no_backup/package5074709041123410797.apk flg=0x2010000 cmp=com.android.packageinstaller/.DeleteStagedFileOnResult (has extras)} from uid 10026
10-15 17:23:55.712  3135 13176 I ActivityManager: START u0 {act=android.intent.action.VIEW dat=file:///data/user_de/0/com.android.packageinstaller/no_backup/package5074709041123410797.apk flg=0x10000 cmp=com.android.packageinstaller/.PackageInstallerActivity (has extras)} from uid 10026
10-15 17:23:56.820  3135  3135 I Telecom : DefaultDialerCache: Refreshing default dialer for user 0: now com.android.dialer: DDC.oR@AGE
10-15 17:23:56.951  3135  3148 W VoiceInteractionManagerService: no available voice interaction services found for user 0
10-15 17:23:59.207  3135  3285 I ActivityManager: START u0 {dat=file:///data/user_de/0/com.android.packageinstaller/no_backup/package5074709041123410797.apk flg=0x2000000 cmp=com.android.packageinstaller/.InstallInstalling (has extras)} from uid 10026
10-15 17:23:59.810  3135  3151 I ActivityManager: Start proc 14589:com.android.defcontainer/u0a12 for service com.android.defcontainer/.DefaultContainerService
10-15 17:23:59.969  3135  3149 I ActivityManager: Force stopping com.xiaomeng.weightfoodpay appid=10087 user=-1: installPackageLI
10-15 17:23:59.969  3135  3149 I ActivityManager: Killing 14508:com.xiaomeng.weightfoodpay:leakcanary/u0a87 (adj 200): stop com.xiaomeng.weightfoodpay
10-15 17:23:59.970  3135  3149 W ActivityManager: Scheduling restart of crashed service com.xiaomeng.weightfoodpay/com.squareup.leakcanary.internal.HeapAnalyzerService in 1000ms
10-15 17:23:59.976  3135  3149 I ActivityManager: Killing 8835:com.xiaomeng.weightfoodpay/u0a87 (adj 700): stop com.xiaomeng.weightfoodpay
10-15 17:23:59.976  3135  3149 W ActivityManager: Scheduling restart of crashed service com.xiaomeng.weightfoodpay/com.xiaomeng.weightfood.service.OrderService in 1000ms
10-15 17:23:59.977  3135  3149 W ActivityManager: Scheduling restart of crashed service com.xiaomeng.weightfoodpay/com.xiaomeng.weightfood.service.MqttService in 11000ms
10-15 17:23:59.977  3135  3149 W ActivityManager: Scheduling restart of crashed service com.xiaomeng.weightfoodpay/com.xiaomeng.weightfood.service.JniService in 21000ms
10-15 17:23:59.977  3135  3149 W ActivityManager: Scheduling restart of crashed service com.xiaomeng.weightfoodpay/com.xiaomeng.weightfood.service.LogUploadService in 30999ms
10-15 17:23:59.977  3135  3149 W ActivityManager: Scheduling restart of crashed service com.xiaomeng.weightfoodpay/org.eclipse.paho.android.service.MqttService in 40999ms
10-15 17:23:59.981  3135  3149 I ActivityManager:   Force finishing activity ActivityRecord{c365fab u0 com.xiaomeng.weightfoodpay/com.xiaomeng.weightfood.activity.SplashActivity t39}
10-15 17:23:59.987  3135  3149 I ActivityManager:   Force finishing activity ActivityRecord{d90a037 u0 com.xiaomeng.weightfoodpay/com.xiaomeng.weightfood.activity.MainActivity t39}
