10-15 19:07:50.724  3299  3316 I ndroid.systemu: NativeAlloc concurrent copying GC freed 22320(1243KB) AllocSpace objects, 0(0B) LOS objects, 49% free, 5MB/11MB, paused 1.810ms total 107.360ms
10-15 19:07:50.729  2996  3091 E display : threadLoop invalid uevent change@/devices/platform/backlight_mipi/backlight/backlight_mipi
10-15 19:07:50.779  2996  3091 E display : threadLoop invalid uevent change@/devices/platform/backlight_mipi/backlight/backlight_mipi
10-15 19:07:50.779  3017  3223 W SurfaceFlinger: Attempting to set client state on removed layer: com.android.systemui/com.android.systemui.usb.UsbDebuggingActivity#0
10-15 19:07:50.779  3017  3223 W SurfaceFlinger: Attempting to destroy on removed layer: com.android.systemui/com.android.systemui.usb.UsbDebuggingActivity#0
10-15 19:07:50.792  2996  3091 E display : threadLoop invalid uevent change@/devices/platform/backlight_mipi/backlight/backlight_mipi
10-15 19:07:50.829  2996  3091 E display : threadLoop invalid uevent change@/devices/platform/backlight_mipi/backlight/backlight_mipi
10-15 19:07:50.831  3017  3063 W SurfaceFlinger: Attempting to destroy on removed layer: Task=51#0
10-15 19:07:50.841  2996  3091 E display : threadLoop invalid uevent change@/devices/platform/backlight_mipi/backlight/backlight_mipi
10-15 19:07:50.856  2996  3091 E display : threadLoop invalid uevent change@/devices/platform/backlight_mipi/backlight/backlight_mipi
10-15 19:07:50.952  2996  3091 E display : threadLoop invalid uevent change@/devices/platform/backlight_mipi/backlight/backlight_mipi
10-15 19:08:22.981  3135  3144 I system_server: Background concurrent copying GC freed 161048(5MB) AllocSpace objects, 4(144KB) LOS objects, 42% free, 7MB/12MB, paused 247us total 107.594ms
10-15 19:08:23.655 14667 14720 I chatty  : uid=10087(com.xiaomeng.weightfoodpay) expire 57 lines
10-15 19:08:42.548 14667 14667 I chatty  : uid=10087(com.xiaomeng.weightfoodpay) expire 13 lines
10-15 19:08:42.617 14667 14714 I chatty  : uid=10087(com.xiaomeng.weightfoodpay) expire 3 lines
10-15 19:08:43.415  2996  3091 E display : threadLoop invalid uevent change@/devices/platform/backlight_mipi/backlight/backlight_mipi
10-15 19:08:43.929  2996  3091 I chatty  : uid=1000(system) HWC-UEvent-Thre identical 32 lines
10-15 19:08:43.945  2996  3091 E display : threadLoop invalid uevent change@/devices/platform/backlight_mipi/backlight/backlight_mipi
10-15 19:08:44.336 14667 14720 I chatty  : uid=10087(com.xiaomeng.weightfoodpay) expire 54 lines
10-15 19:09:03.748  3069 17022 E adbd    : aio: got error event on read total bufs 1: Cannot send after transport endpoint shutdown
10-15 19:09:03.748  3069 17022 E adbd    : remote usb: read terminated (message): Cannot send after transport endpoint shutdown
10-15 19:09:03.749  3069  3069 I adbd    : USB disconnect
10-15 19:09:03.749  2996  3091 E display : threadLoop invalid uevent change@/devices/virtual/android_usb/android0
10-15 19:09:04.054 14667 14720 I chatty  : uid=10087(com.xiaomeng.weightfoodpay) expire 99 lines
10-15 19:09:05.256  3135  3156 D UsbDeviceManager: Clear notification
10-15 19:09:05.291  3299  3299 V StatusBar: mStatusBarWindow: com.android.systemui.statusbar.phone.StatusBarWindowView{344be9d V.ED..... ......ID 0,0-600,24} canPanelBeCollapsed(): false
10-15 19:09:06.164  2996  3091 E display : threadLoop invalid uevent change@/devices/virtual/android_usb/android0
10-15 19:09:06.165  3135  3156 D UsbDeviceManager: push notification:正在通过 USB 为此设备充电
10-15 19:09:06.304  3002  3077 I android.hardware.usb.gadget@1.0-service.imx: event=1 on fd=15
10-15 19:09:06.311  2996  3091 E display : threadLoop invalid uevent change@/devices/virtual/android_usb/android0
10-15 19:09:06.313  3069  3069 I adbd    : closing functionfs transport
10-15 19:09:06.393  3069  3070 I adbd    : initializing functionfs
10-15 19:09:06.393  3002  3077 I android.hardware.usb.gadget@1.0-service.imx: event=1 on fd=15
10-15 19:09:06.393  3069  3070 I adbd    : functionfs successfully initialized
10-15 19:09:06.393  3069  3070 I adbd    : registering usb transport
10-15 19:09:06.780  3069  3069 I adbd    : Calling send_auth_request...
10-15 19:09:06.823  3069  3069 I adbd    : Loading keys from /data/misc/adb/adb_keys
10-15 19:09:06.827  3069  3069 E adbd    : Invalid base64 key  in /data/misc/adb/adb_keys
10-15 19:09:06.827  3069  3069 I adbd    : Calling send_auth_request...
10-15 19:09:06.829  3135  3669 D UsbDebuggingManager: Received public key: QAAAAMUN2JvzFoyl1TLiCYvivqLa0laP5btRrhqo+v1qHlaCnOUsJfSFYTjGO/qmHDdw2RwvSMmhzogZLCsOymAAIb2o+EP5ErNr+Wm6yYvA0M5oHaRYHF+sJmDitE0IfEvXbrIsFc05PzI6tp7tuFqqNwavmaD2V2uRG1q5CpFnUE9h0+M/yQA6i8nf6v+AOMlJKWQv6JLuY4DTIaBeDLA8M1jZtPWvq83upywnlJN8kkw8/dIoPWaw/5oXA1dZhU5jgEbQW6PfkJNTKWK35qbcHSyzkzcQ9bLylKmod2H5sITiuTUpyInT0gUsq7AvLyoUa5KapzG+VnZGb/poYxRO03cCZcSjVPKRWP2HjXAWtjD9OBaMNMgkZpSNuDYcN0DOPsas0b/DThX9N063pzwDRVbsW7U0e2ehagly8nmOxDfwg6KnF3rQQa5+RdZ93pYa0B+tCJ8gSxoSb29JKzrpLuAknIGr9r/po6czzY49JsIClOT2VHMacJJmjtKUlSBDdG5NpQGQ22vYWqFn2nfYpoicAwepSg4lQMbFHyV4UfcnJmdcHPm2VVzFQJlUiFLsqAnBPw2GwIM5Wjo2n8WPbNt6BEoNU7NxyU7vMB2Pf/VVtfhf0DMIO+0nahfYN1VwMjCxFMcBIIZ9nH/naiKZvlBwF7KEikLvLt7qeOEOlTLjAZdxmgEAAQA= unknown@unknown
10-15 19:09:06.830  3135  3156 I ActivityManager: START u0 {flg=0x10000000 cmp=com.android.systemui/.usb.UsbDebuggingActivity (has extras)} from uid 1000
10-15 19:09:06.859  3299  3299 W ActivityThread: handleWindowVisibility: no activity for token android.os.BinderProxy@9778a04
10-15 19:09:06.963  3135  3148 I ActivityManager: Displayed com.android.systemui/.usb.UsbDebuggingActivity: +112ms
10-15 19:09:10.016  2996  3091 E display : threadLoop invalid uevent change@/devices/platform/backlight_mipi/backlight/backlight_mipi
10-15 19:09:10.097  2996  3091 I chatty  : uid=1000(system) HWC-UEvent-Thre identical 30 lines
10-15 19:09:10.113  2996  3091 E display : threadLoop invalid uevent change@/devices/platform/backlight_mipi/backlight/backlight_mipi
10-15 19:09:10.122  3023  3570 W APM_AudioPolicyManager: getOutputForDevice() could not find output for stream 1, sampling rate 48000, format 0x1, channels 0x3, flags 0x4
10-15 19:09:10.122  3023  3570 E AudioFlinger: createTrack() getOutputForAttr() return error -38 or invalid output handle
10-15 19:09:10.122  3135  3248 E IAudioFlinger: createTrack returned error -38
10-15 19:09:10.122  3135  3248 E AudioTrack: AudioFlinger could not create track, status: -38 output 1709852016
10-15 19:09:10.122  3135  3248 E SoundPool: Error creating AudioTrack
10-15 19:09:10.122  3135  3248 D AudioTrack: no metrics gathered, track status=-38
10-15 19:09:10.129  2996  3091 E display : threadLoop invalid uevent change@/devices/platform/backlight_mipi/backlight/backlight_mipi
10-15 19:09:10.546  2996  3091 E display : threadLoop invalid uevent change@/devices/platform/backlight_mipi/backlight/backlight_mipi
10-15 19:09:11.113  3135  3144 I system_server: Background concurrent copying GC freed 168369(5MB) AllocSpace objects, 2(40KB) LOS objects, 42% free, 7MB/12MB, paused 238us total 107.799ms
10-15 19:09:13.566  3023  3570 W APM_AudioPolicyManager: getOutputForDevice() could not find output for stream 1, sampling rate 48000, format 0x1, channels 0x3, flags 0x4
10-15 19:09:13.567  3023  3570 E AudioFlinger: createTrack() getOutputForAttr() return error -38 or invalid output handle
10-15 19:09:13.567  3135  3248 E IAudioFlinger: createTrack returned error -38
10-15 19:09:13.567  3135  3248 E AudioTrack: AudioFlinger could not create track, status: -38 output 1709852016
10-15 19:09:13.568  3135  3248 E SoundPool: Error creating AudioTrack
10-15 19:09:13.568  3135  3248 D AudioTrack: no metrics gathered, track status=-38
10-15 19:09:13.569  3069  3069 I adbd    : adb client authorized
10-15 19:09:13.639 14041 14061 I DeviceIndex: Skipping: device index is not enabled
10-15 19:09:13.648 14041 17359 W TileUtils: Found com.android.settings.Settings$NotificationAppListActivity for intent Intent { act=com.android.settings.action.SETTINGS pkg=com.android.settings } missing metadata com.android.settings.category
10-15 19:09:13.655  3299  3596 D OpenGLRenderer: endAllActiveAnimators on 0xe05c63993b00 (RippleDrawable) with handle 0xe05c5f85aa80
10-15 19:09:13.701 14041 17360 D SettingsActivity: No enabled state changed, skipping updateCategory call
10-15 19:09:13.839  3017  3063 W SurfaceFlinger: Attempting to set client state on removed layer: com.android.systemui/com.android.systemui.usb.UsbDebuggingActivity#0
10-15 19:09:13.839  3017  3063 W SurfaceFlinger: Attempting to destroy on removed layer: com.android.systemui/com.android.systemui.usb.UsbDebuggingActivity#0
10-15 19:09:13.857  3017  3057 W SurfaceFlinger: Attempting to set client state on removed layer: Dim Layer for - Task=52#0
10-15 19:09:13.857  3017  3057 W SurfaceFlinger: Attempting to destroy on removed layer: Dim Layer for - Task=52#0
10-15 19:09:13.863  3017  3063 W SurfaceFlinger: Attempting to destroy on removed layer: AppWindowToken{7b6dd1e token=Token{3456d59 ActivityRecord{58d7da0 u0 com.android.systemui/.usb.UsbDebuggingActivity t52}}}#0
10-15 19:09:13.863  3017  3063 W SurfaceFlinger: Attempting to destroy on removed layer: Task=52#0
10-15 19:09:39.172  3069  3069 I adbd    : Calling send_auth_request...
10-15 19:09:39.217  3069  3069 I adbd    : Loading keys from /data/misc/adb/adb_keys
10-15 19:09:39.221  3069  3069 I adbd    : adb client authorized
10-15 19:09:40.057 14667 14720 I chatty  : uid=10087(com.xiaomeng.weightfoodpay) expire 36 lines
10-15 19:09:52.793  3069 17321 E adbd    : aio: got error event on read total bufs 1: Cannot send after transport endpoint shutdown
10-15 19:09:52.793  3069 17321 E adbd    : remote usb: read terminated (message): Cannot send after transport endpoint shutdown
10-15 19:09:52.793  3069  3069 I adbd    : USB disconnect
10-15 19:09:52.794  2996  3091 E display : threadLoop invalid uevent change@/devices/virtual/android_usb/android0
10-15 19:09:53.145 14667 14720 I chatty  : uid=10087(com.xiaomeng.weightfoodpay) expire 25 lines
10-15 19:09:54.296  3135  3156 D UsbDeviceManager: Clear notification
10-15 19:09:54.298 14667 14667 I chatty  : uid=10087(com.xiaomeng.weightfoodpay) expire 10 lines
10-15 19:09:54.334  3299  3299 V StatusBar: mStatusBarWindow: com.android.systemui.statusbar.phone.StatusBarWindowView{344be9d V.ED..... ......ID 0,0-600,24} canPanelBeCollapsed(): false
10-15 19:10:01.812 14667 14720 I chatty  : uid=10087(com.xiaomeng.weightfoodpay) expire 164 lines
10-15 19:10:06.487  3135  3144 I system_server: Background concurrent copying GC freed 170538(5MB) AllocSpace objects, 2(104KB) LOS objects, 42% free, 7MB/12MB, paused 251us total 109.965ms
10-15 19:10:06.491  2996  3091 E display : threadLoop invalid uevent change@/devices/platform/backlight_mipi/backlight/backlight_mipi
10-15 19:10:07.005  2996  3091 I chatty  : uid=1000(system) HWC-UEvent-Thre identical 32 lines
10-15 19:10:07.021  2996  3091 E display : threadLoop invalid uevent change@/devices/platform/backlight_mipi/backlight/backlight_mipi
10-15 19:10:12.686 14667 14714 I chatty  : uid=10087(com.xiaomeng.weightfoodpay) expire 3 lines
10-15 19:11:00.894  3135  3144 I system_server: Background concurrent copying GC freed 178450(5MB) AllocSpace objects, 0(0B) LOS objects, 42% free, 7MB/12MB, paused 213us total 107.045ms
10-15 19:11:01.844 14667 14720 I chatty  : uid=10087(com.xiaomeng.weightfoodpay) expire 120 lines
10-15 19:11:42.731 14667 14667 I chatty  : uid=10087(com.xiaomeng.weightfoodpay) expire 9 lines
10-15 19:11:42.766 14667 14714 I chatty  : uid=10087(com.xiaomeng.weightfoodpay) expire 3 lines
10-15 19:11:44.383  3135  3154 E BatteryExternalStatsWorker: no controller energy info supplied for wifi
10-15 19:11:44.383  3135  3154 E BatteryExternalStatsWorker: no controller energy info supplied for bluetooth
10-15 19:11:44.384  3475  3475 E PhoneInterfaceManager: [PhoneIntfMgr] queryModemActivityInfo: Empty response
10-15 19:11:44.389  3135  3154 W BatteryExternalStatsWorker: modem info is invalid: ModemActivityInfo{ mTimestamp=0 mSleepTimeMs=0 mIdleTimeMs=0 mTxTimeMs[]=[0, 0, 0, 0, 0] mRxTimeMs=0 mEnergyUsed=0}
10-15 19:11:45.291 14667 14720 I chatty  : uid=10087(com.xiaomeng.weightfoodpay) expire 30 lines
10-15 19:11:49.760  3135  3144 I system_server: Background concurrent copying GC freed 152589(4MB) AllocSpace objects, 5(672KB) LOS objects, 42% free, 7MB/12MB, paused 342us total 112.200ms
10-15 19:11:55.510  2970  2970 I Binder:2970_2: type=1400 audit(0.0:3636): avc: denied { add_name } for name="globalAlert" scontext=u:r:netd:s0 tcontext=u:object_r:proc_net:s0 tclass=dir permissive=1
10-15 19:11:56.123 14667 14720 I chatty  : uid=10087(com.xiaomeng.weightfoodpay) expire 150 lines
10-15 19:12:50.635  3135  3144 I system_server: Background concurrent copying GC freed 177564(5MB) AllocSpace objects, 0(0B) LOS objects, 42% free, 7MB/12MB, paused 230us total 106.964ms
10-15 19:12:50.704 14667 14720 I chatty  : uid=10087(com.xiaomeng.weightfoodpay) expire 30 lines
10-15 19:12:58.840  2996  3091 E display : threadLoop invalid uevent change@/devices/platform/backlight_mipi/backlight/backlight_mipi
10-15 19:12:58.871  2996  3091 I chatty  : uid=1000(system) HWC-UEvent-Thre identical 16 lines
10-15 19:12:58.892  2996  3091 E display : threadLoop invalid uevent change@/devices/platform/backlight_mipi/backlight/backlight_mipi
10-15 19:12:58.893  3023  3570 W APM_AudioPolicyManager: getOutputForDevice() could not find output for stream 1, sampling rate 48000, format 0x1, channels 0x3, flags 0x4
10-15 19:12:58.894  3023  3570 E AudioFlinger: createTrack() getOutputForAttr() return error -38 or invalid output handle
10-15 19:12:58.894  3135  3248 E IAudioFlinger: createTrack returned error -38
10-15 19:12:58.894  3135  3248 E AudioTrack: AudioFlinger could not create track, status: -38 output 1709852016
10-15 19:12:58.894  3135  3248 E SoundPool: Error creating AudioTrack
10-15 19:12:58.894  3135  3248 D AudioTrack: no metrics gathered, track status=-38
10-15 19:12:58.911  2996  3091 E display : threadLoop invalid uevent change@/devices/platform/backlight_mipi/backlight/backlight_mipi
10-15 19:12:58.920  2996  3091 E display : threadLoop invalid uevent change@/devices/platform/backlight_mipi/backlight/backlight_mipi
10-15 19:12:58.937 14041 14061 I DeviceIndex: Skipping: device index is not enabled
10-15 19:12:58.937  2996  3091 E display : threadLoop invalid uevent change@/devices/platform/backlight_mipi/backlight/backlight_mipi
10-15 19:12:58.942 14041 17532 W TileUtils: Found com.android.settings.Settings$NotificationAppListActivity for intent Intent { act=com.android.settings.action.SETTINGS pkg=com.android.settings } missing metadata com.android.settings.category
10-15 19:12:58.952 14041 16131 D BatteryInfo: time to make batteryStatsHelper: 2ms
10-15 19:12:58.955  2996  3091 E display : threadLoop invalid uevent change@/devices/platform/backlight_mipi/backlight/backlight_mipi
10-15 19:12:58.959  3135  3154 E BatteryExternalStatsWorker: no controller energy info supplied for wifi
10-15 19:12:58.959  3135  3154 E BatteryExternalStatsWorker: no controller energy info supplied for bluetooth
10-15 19:12:58.959  3475  3475 E PhoneInterfaceManager: [PhoneIntfMgr] queryModemActivityInfo: Empty response
10-15 19:12:58.967 14041 14061 D DashboardSummary: Suggestion NOT loaded, delaying setCategory by 3000ms
10-15 19:12:58.970  2996  3091 E display : threadLoop invalid uevent change@/devices/platform/backlight_mipi/backlight/backlight_mipi
10-15 19:12:58.973 16133 16145 D SuggestionParser: Day 65 for com.android.settings.suggested.category.DEFERRED_SETUP
10-15 19:12:58.974  3135  3154 W BatteryExternalStatsWorker: modem info is invalid: ModemActivityInfo{ mTimestamp=0 mSleepTimeMs=0 mIdleTimeMs=0 mTxTimeMs[]=[0, 0, 0, 0, 0] mRxTimeMs=0 mEnergyUsed=0}
10-15 19:12:58.976 16133 16145 D CandidateSuggestionFilter: filterCandidates duration: 0
10-15 19:12:58.977 16133 16145 D SuggestionParser: Day 65 for com.android.settings.suggested.category.HIGH_PRIORITY
10-15 19:12:58.978 16133 16145 D CandidateSuggestionFilter: filterCandidates duration: 0
10-15 19:12:58.979 16133 16145 D SuggestionParser: Day 65 for com.android.settings.suggested.category.FIRST_IMPRESSION
10-15 19:12:58.985  2996  3091 E display : threadLoop invalid uevent change@/devices/platform/backlight_mipi/backlight/backlight_mipi
10-15 19:12:58.988 14041 17534 D SettingsActivity: No enabled state changed, skipping updateCategory call
10-15 19:12:58.996 14041 14041 D DashboardSummary: Listening for condition changes
10-15 19:12:58.996 14041 14041 D DashboardSummary: onConditionsChanged
10-15 19:12:58.996 14041 14041 D DashboardAdapter: adapter setConditions called
10-15 19:12:58.997 14041 14041 D DashboardSummary: conditions refreshed
10-15 19:12:58.997 14041 14041 D APM_Condition: APM condition refreshed
10-15 19:12:58.998 14041 14041 D APM_Condition: setActive was called with false
10-15 19:12:59.003  2996  3091 E display : threadLoop invalid uevent change@/devices/platform/backlight_mipi/backlight/backlight_mipi
10-15 19:12:59.004 16133 16145 I FeatureEligibility: com.android.settings/com.android.settings.fingerprint.FingerprintEnrollSuggestionActivity requires unavailable feature android.hardware.fingerprint
10-15 19:12:59.014 14041 16131 D BatteryInfo: time for getStats: 62ms
10-15 19:12:59.019  2996  3091 E display : threadLoop invalid uevent change@/devices/platform/backlight_mipi/backlight/backlight_mipi
10-15 19:12:59.022  3031  3031 I Binder:3031_8: type=1400 audit(0.0:3637): avc: denied { dac_read_search } for capability=2 scontext=u:r:installd:s0 tcontext=u:r:installd:s0 tclass=capability permissive=1
10-15 19:12:59.035 16133 16145 I FeatureEligibility: com.android.settings/com.android.settings.fingerprint.FingerprintSuggestionActivity requires unavailable feature android.hardware.fingerprint
10-15 19:12:59.037 14041 17532 D BatteryInfo: time for regular BatteryInfo: 12ms
10-15 19:12:59.039 14041 17532 D BatteryInfo: time for getBatteryInfo: 1ms
10-15 19:12:59.045 14041 14172 W NewDeviceIntroSugg: Cannot find the package: com.google.android.apps.tips
10-15 19:12:59.045 14041 14172 W NewDeviceIntroSugg: android.content.pm.PackageManager$NameNotFoundException: com.google.android.apps.tips
10-15 19:12:59.045 14041 14172 W NewDeviceIntroSugg: 	at android.app.ApplicationPackageManager.getPackageInfoAsUser(ApplicationPackageManager.java:181)
10-15 19:12:59.045 14041 14172 W NewDeviceIntroSugg: 	at android.app.ApplicationPackageManager.getPackageInfo(ApplicationPackageManager.java:152)
10-15 19:12:59.045 14041 14172 W NewDeviceIntroSugg: 	at com.android.settings.support.NewDeviceIntroSuggestionActivity.isTipsInstalledAsSystemApp(NewDeviceIntroSuggestionActivity.java:146)
10-15 19:12:59.045 14041 14172 W NewDeviceIntroSugg: 	at com.android.settings.support.NewDeviceIntroSuggestionActivity.isSuggestionComplete(NewDeviceIntroSuggestionActivity.java:71)
10-15 19:12:59.045 14041 14172 W NewDeviceIntroSugg: 	at com.android.settings.dashboard.suggestions.SuggestionFeatureProviderImpl.isSuggestionComplete(SuggestionFeatureProviderImpl.java:91)
10-15 19:12:59.045 14041 14172 W NewDeviceIntroSugg: 	at com.android.settings.dashboard.suggestions.SuggestionStateProvider.call(SuggestionStateProvider.java:87)
10-15 19:12:59.045 14041 14172 W NewDeviceIntroSugg: 	at android.content.ContentProvider$Transport.call(ContentProvider.java:404)
10-15 19:12:59.045 14041 14172 W NewDeviceIntroSugg: 	at android.content.ContentProviderNative.onTransact(ContentProviderNative.java:272)
10-15 19:12:59.045 14041 14172 W NewDeviceIntroSugg: 	at android.os.Binder.execTransact(Binder.java:731)
10-15 19:12:59.045 14041 14172 D SugstStatusProvider: Suggestion com.android.settings/com.android.settings.support.NewDeviceIntroSuggestionActivity complete: true
10-15 19:12:59.047 16133 17544 D CandidateSuggestionFilter: Suggestion state result Bundle[{candidate_is_complete=true}]
10-15 19:12:59.050  2996  3091 E display : threadLoop invalid uevent change@/devices/platform/backlight_mipi/backlight/backlight_mipi
10-15 19:12:59.051  2996  3091 E display : threadLoop invalid uevent change@/devices/platform/backlight_mipi/backlight/backlight_mipi
10-15 19:12:59.057 14041 14066 D SugstStatusProvider: Suggestion com.android.settings/com.android.settings.notification.ZenSuggestionActivity complete: true
10-15 19:12:59.057 14041 14172 D SugstStatusProvider: Suggestion com.android.settings/com.android.settings.wifi.calling.WifiCallingSuggestionActivity complete: true
10-15 19:12:59.057 16133 17542 D CandidateSuggestionFilter: Suggestion state result Bundle[{candidate_is_complete=true}]
10-15 19:12:59.058 16133 17545 D CandidateSuggestionFilter: Suggestion state result Bundle[{candidate_is_complete=true}]
10-15 19:12:59.061 14041 14172 D SugstStatusProvider: Suggestion com.android.settings/com.android.settings.wallpaper.WallpaperSuggestionActivity complete: true
10-15 19:12:59.065 16133 17543 D CandidateSuggestionFilter: Suggestion state result Bundle[{candidate_is_complete=true}]
10-15 19:12:59.065 16133 16145 D CandidateSuggestionFilter: filterCandidates duration: 29
10-15 19:12:59.066 16133 16145 D CandidateSuggestion: Metadata null or has no info about summary_uri
10-15 19:12:59.071  2996  3091 E display : threadLoop invalid uevent change@/devices/platform/backlight_mipi/backlight/backlight_mipi
10-15 19:12:59.074 14041 14041 D BatteryInfo: time for callback: 0ms
10-15 19:12:59.075 14041 14172 D SugstStatusProvider: Suggestion com.android.settings/com.android.settings.password.ScreenLockSuggestionActivity complete: false
10-15 19:12:59.080  2996  3091 E display : threadLoop invalid uevent change@/devices/platform/backlight_mipi/backlight/backlight_mipi
10-15 19:12:59.080 16133 17543 D CandidateSuggestionFilter: Suggestion state result Bundle[{candidate_is_complete=false}]
10-15 19:12:59.081 16133 16145 D CandidateSuggestionFilter: filterCandidates duration: 12
10-15 19:12:59.097  2996  3091 E display : threadLoop invalid uevent change@/devices/platform/backlight_mipi/backlight/backlight_mipi
10-15 19:12:59.105 16133 16145 D CandidateSuggestion: Metadata null or has no info about summary_uri
10-15 19:12:59.107 16133 16145 D CandidateSuggestionFilter: filterCandidates duration: 0
10-15 19:12:59.110 16133 16145 I chatty  : uid=10025(com.android.settings.intelligence) Binder:16133_2 identical 3 lines
10-15 19:12:59.110 16133 16145 D CandidateSuggestionFilter: filterCandidates duration: 0
10-15 19:12:59.112  2996  3091 E display : threadLoop invalid uevent change@/devices/platform/backlight_mipi/backlight/backlight_mipi
10-15 19:12:59.112 16133 16145 D CandidateSuggestionFilter: filterCandidates duration: 0
10-15 19:12:59.114 16133 16145 D CandidateSuggestionFilter: filterCandidates duration: 0
10-15 19:12:59.118 14041 17536 D SuggestionLoader: data size 2
10-15 19:12:59.120 14041 14041 D DashboardSummary: Category has loaded, setting category from suggestionReady
10-15 19:12:59.120 14041 14041 D DashboardAdapter: adapter setCategory called
10-15 19:12:59.129  2996  3091 E display : threadLoop invalid uevent change@/devices/platform/backlight_mipi/backlight/backlight_mipi
10-15 19:12:59.370  2996  3091 E display : threadLoop invalid uevent change@/devices/platform/backlight_mipi/backlight/backlight_mipi
10-15 19:13:00.344  3023  3570 W APM_AudioPolicyManager: getOutputForDevice() could not find output for stream 1, sampling rate 48000, format 0x1, channels 0x3, flags 0x4
10-15 19:13:00.344  3023  3570 E AudioFlinger: createTrack() getOutputForAttr() return error -38 or invalid output handle
10-15 19:13:00.344  3135  3248 E IAudioFlinger: createTrack returned error -38
10-15 19:13:00.344  3135  3248 E AudioTrack: AudioFlinger could not create track, status: -38 output 1709852016
10-15 19:13:00.344  3135  3248 E SoundPool: Error creating AudioTrack
10-15 19:13:00.344  3135  3248 D AudioTrack: no metrics gathered, track status=-38
10-15 19:13:00.390  3135  3225 I ActivityManager: START u0 {act=android.intent.action.MAIN cat=[android.intent.category.HOME] flg=0x10200000 cmp=com.android.launcher3/.Launcher (has extras)} from uid 1000
10-15 19:13:00.401  3299  3299 V StatusBar: mStatusBarWindow: com.android.systemui.statusbar.phone.StatusBarWindowView{344be9d V.ED..... ........ 0,0-600,24} canPanelBeCollapsed(): false
10-15 19:13:00.401  3299  3299 I vol.Events: writeEvent dismiss_dialog volume_controller
10-15 19:13:00.431 14041 14041 D DashboardSummary: Stopped listening for condition changes
10-15 19:13:00.978  3017  3063 W SurfaceFlinger: Attempting to set client state on removed layer: com.android.settings/com.android.settings.Settings#0
10-15 19:13:00.978  3017  3063 W SurfaceFlinger: Attempting to destroy on removed layer: com.android.settings/com.android.settings.Settings#0
10-15 19:13:00.982  3017  3063 W SurfaceFlinger: Attempting to set client state on removed layer: com.android.settings/com.android.settings.Settings#0
10-15 19:13:00.982  3017  3063 W SurfaceFlinger: Attempting to destroy on removed layer: com.android.settings/com.android.settings.Settings#0
10-15 19:13:01.516  3023  3570 W APM_AudioPolicyManager: getOutputForDevice() could not find output for stream 1, sampling rate 48000, format 0x1, channels 0x3, flags 0x4
10-15 19:13:01.517  3023  3570 E AudioFlinger: createTrack() getOutputForAttr() return error -38 or invalid output handle
10-15 19:13:01.517  3135  3248 E IAudioFlinger: createTrack returned error -38
10-15 19:13:01.517  3135  3248 E AudioTrack: AudioFlinger could not create track, status: -38 output 1709852016
10-15 19:13:01.517  3135  3248 E SoundPool: Error creating AudioTrack
10-15 19:13:01.517  3135  3248 D AudioTrack: no metrics gathered, track status=-38
10-15 19:13:01.541  3135  3225 I WindowManager: Ignoring HOME; event canceled.
10-15 19:13:01.667 14667 14720 I chatty  : uid=10087(com.xiaomeng.weightfoodpay) expire 18 lines
10-15 19:13:02.713  3135  4845 I ActivityManager: START u0 {act=android.intent.action.MAIN cat=[android.intent.category.LAUNCHER] flg=0x10200000 cmp=com.xiaomeng.weightfood/.activity.SplashActivity bnds=[121,362][210,500]} from uid 10021
10-15 19:13:02.715  3023  3570 W APM_AudioPolicyManager: getOutputForDevice() could not find output for stream 1, sampling rate 48000, format 0x1, channels 0x3, flags 0x4
10-15 19:13:02.715  3023  3570 E AudioFlinger: createTrack() getOutputForAttr() return error -38 or invalid output handle
10-15 19:13:02.715  3135  3248 E IAudioFlinger: createTrack returned error -38
10-15 19:13:02.715  3135  3248 E AudioTrack: AudioFlinger could not create track, status: -38 output 1709852016
10-15 19:13:02.716  3135  3248 E SoundPool: Error creating AudioTrack
10-15 19:13:02.716  3135  3248 D AudioTrack: no metrics gathered, track status=-38
10-15 19:13:02.786 17572 17572 I main    : type=1400 audit(0.0:3638): avc: denied { dac_read_search } for capability=2 scontext=u:r:zygote:s0 tcontext=u:r:zygote:s0 tclass=capability permissive=1
10-15 19:13:02.792 17572 17572 I Zygote  : seccomp disabled by setenforce 0
10-15 19:13:02.793  3135  3151 I ActivityManager: Start proc 17572:com.xiaomeng.weightfood/u0a86 for activity com.xiaomeng.weightfood/.activity.SplashActivity
10-15 19:13:02.802 17572 17572 E meng.weightfoo: Not starting debugger since process cannot load the jdwp agent.
10-15 19:13:02.830  3135  4832 W ActivityManager: Request to remove task ignored for non-existent task 52
10-15 19:13:02.940 17572 17572 I ..      : buildtype: qa LeakCanary.install  
10-15 19:13:02.986 17572 17572 D NetworkSecurityConfig: No Network Security Config specified, using platform default
10-15 19:13:03.086 17592 17592 I getprop : type=1400 audit(0.0:3639): avc: denied { open } for path="/dev/__properties__/u:object_r:bluetooth_a2dp_offload_prop:s0" dev="tmpfs" ino=1033 scontext=u:r:untrusted_app:s0:c86,c256,c512,c768 tcontext=u:object_r:bluetooth_a2dp_offload_prop:s0 tclass=file permissive=1
10-15 19:13:03.086 17592 17592 I getprop : type=1400 audit(0.0:3640): avc: denied { getattr } for path="/dev/__properties__/u:object_r:bluetooth_a2dp_offload_prop:s0" dev="tmpfs" ino=1033 scontext=u:r:untrusted_app:s0:c86,c256,c512,c768 tcontext=u:object_r:bluetooth_a2dp_offload_prop:s0 tclass=file permissive=1
10-15 19:13:03.086 17592 17592 I getprop : type=1400 audit(0.0:3641): avc: denied { map } for path="/dev/__properties__/u:object_r:bluetooth_a2dp_offload_prop:s0" dev="tmpfs" ino=1033 scontext=u:r:untrusted_app:s0:c86,c256,c512,c768 tcontext=u:object_r:bluetooth_a2dp_offload_prop:s0 tclass=file permissive=1
10-15 19:13:03.086 17592 17592 I getprop : type=1400 audit(0.0:3642): avc: denied { open } for path="/dev/__properties__/u:object_r:bluetooth_prop:s0" dev="tmpfs" ino=1034 scontext=u:r:untrusted_app:s0:c86,c256,c512,c768 tcontext=u:object_r:bluetooth_prop:s0 tclass=file permissive=1
10-15 19:13:03.086 17592 17592 I getprop : type=1400 audit(0.0:3643): avc: denied { getattr } for path="/dev/__properties__/u:object_r:bluetooth_prop:s0" dev="tmpfs" ino=1034 scontext=u:r:untrusted_app:s0:c86,c256,c512,c768 tcontext=u:object_r:bluetooth_prop:s0 tclass=file permissive=1
10-15 19:13:03.086 17592 17592 I getprop : type=1400 audit(0.0:3644): avc: denied { map } for path="/dev/__properties__/u:object_r:bluetooth_prop:s0" dev="tmpfs" ino=1034 scontext=u:r:untrusted_app:s0:c86,c256,c512,c768 tcontext=u:object_r:bluetooth_prop:s0 tclass=file permissive=1
10-15 19:13:03.267  3135 13176 I ActivityManager: START u0 {act=android.content.pm.action.REQUEST_PERMISSIONS pkg=com.android.packageinstaller cmp=com.android.packageinstaller/.permission.ui.GrantPermissionsActivity (has extras)} from uid 10086
10-15 19:13:03.341 17572 17572 D OpenGLRenderer: Skia GL Pipeline
10-15 19:13:03.367  7681  7681 W ActivityThread: handleWindowVisibility: no activity for token android.os.BinderProxy@44d91da
10-15 19:13:03.396  3017  3153 W SurfaceFlinger: Attempting to set client state on removed layer: Surface(name=AppWindowToken{86999f9 token=Token{169f8c0 ActivityRecord{55f0a43 u0 com.xiaomeng.weightfood/.activity.SplashActivity t53}}})/@0x75ced6d - animation-leash#0
10-15 19:13:03.396  3017  3153 W SurfaceFlinger: Attempting to set client state on removed layer: Surface(name=AppWindowToken{2a6e585 token=Token{1e4afc ActivityRecord{f5c8fef u0 com.android.launcher3/.Launcher t2}}})/@0x8c06919 - animation-leash#0
10-15 19:13:03.396  3017  3153 W SurfaceFlinger: Attempting to destroy on removed layer: Surface(name=AppWindowToken{86999f9 token=Token{169f8c0 ActivityRecord{55f0a43 u0 com.xiaomeng.weightfood/.activity.SplashActivity t53}}})/@0x75ced6d - animation-leash#0
10-15 19:13:03.396  3017  3153 W SurfaceFlinger: Attempting to destroy on removed layer: Surface(name=AppWindowToken{2a6e585 token=Token{1e4afc ActivityRecord{f5c8fef u0 com.android.launcher3/.Launcher t2}}})/@0x8c06919 - animation-leash#0
10-15 19:13:03.439 17572 17599 I ConfigStore: android::hardware::configstore::V1_0::ISurfaceFlingerConfigs::hasWideColorDisplay retrieved: 0
10-15 19:13:03.440 17572 17599 I ConfigStore: android::hardware::configstore::V1_0::ISurfaceFlingerConfigs::hasHDRDisplay retrieved: 0
10-15 19:13:03.441 17572 17599 I OpenGLRenderer: Initialized EGL, version 1.4
10-15 19:13:03.441 17572 17599 D OpenGLRenderer: Swap behavior 2
10-15 19:13:03.460 17572 17599 I display : open gpu gralloc module!
10-15 19:13:03.545 17572 17572 I weightfood: SplashActivity: onRequestPermissionsResult requestCode :2000 grantResults：true  true
10-15 19:13:03.553  3135  4360 I ActivityManager: START u0 {cmp=com.xiaomeng.weightfood/.activity.MainActivity} from uid 10086
10-15 19:13:03.556  3135  3148 I ActivityManager: Displayed com.android.packageinstaller/.permission.ui.GrantPermissionsActivity: +834ms
10-15 19:13:03.609  3017  3588 D SurfaceFlinger: duplicate layer name: changing Surface(name=aa9e01f NavigationBar)/@0x37a6604 - animation-leash to Surface(name=aa9e01f NavigationBar)/@0x37a6604 - animation-leash#1
10-15 19:13:03.619 17572 17572 W ActivityThread: handleWindowVisibility: no activity for token android.os.BinderProxy@dc1ae62
10-15 19:13:03.736  3017  3153 W SurfaceFlinger: Attempting to set client state on removed layer: Splash Screen com.xiaomeng.weightfood#0
10-15 19:13:03.736  3017  3153 W SurfaceFlinger: Attempting to destroy on removed layer: Splash Screen com.xiaomeng.weightfood#0
10-15 19:13:03.763  3023  3570 W APM_AudioPolicyManager: getOutputForDevice() could not find output for stream 1, sampling rate 48000, format 0x1, channels 0x3, flags 0x4
10-15 19:13:03.763  3023  3570 E AudioFlinger: createTrack() getOutputForAttr() return error -38 or invalid output handle
10-15 19:13:03.764  3135  3248 E IAudioFlinger: createTrack returned error -38
10-15 19:13:03.764  3135  3248 E AudioTrack: AudioFlinger could not create track, status: -38 output 1712346480
10-15 19:13:03.764  3135  3248 E SoundPool: Error creating AudioTrack
10-15 19:13:03.764  3135  3248 D AudioTrack: no metrics gathered, track status=-38
10-15 19:13:03.793  3135  3225 I WindowManager: Ignoring HOME; event canceled.
10-15 19:13:03.799 17572 17572 I weightfood: MainPresent: getPidInfo...
10-15 19:13:03.813 17572 17572 I weightfood: HttpUtil: post =====> isUseLongTimeConnect:true http://tc.iot.weimobqa.com/query/weight/store {"deviceId":"1419b209dab4544a"}  
10-15 19:13:03.821 17572 17572 I weightfood: MainActivity: start checkUpdate
10-15 19:13:03.828 17572 17572 I weightfood: [XUpdate]: XUpdate.update()启动:XUpdate{mUpdateUrl='http://food-qa.xmartmonkey.com/manage/update/checkVersion', mParams={appKey=com.xiaomeng.weightfood, versionCode=1}, mApkCacheDir='/storage/emulated/0/Android/data/com.xiaomeng.weightfood/cache/xupdate', mIsWifiOnly=false, mIsGet=false, mIsAutoMode=false}
10-15 19:13:03.831 17572 17572 I weightfood: [XUpdate]: 开始检查版本信息...
10-15 19:13:03.990 17572 17572 I weightfood: JniService: onCreate
10-15 19:13:03.995 17572 17572 I weightfood: JniControl: JniControl started   mWeightCacheSize:2
10-15 19:13:03.998 17572 17610 D BeepLight: beep off
10-15 19:13:03.998 17572 17572 I weightfood: JniService: onStartCommand: null
10-15 19:13:04.000 17572 17610 D BeepLight: light off
10-15 19:13:04.002 17572 17572 I weightfood: MqttService: onCreate
10-15 19:13:04.004 17572 17610 D xm      : @JNI_OnLoad last commit: 00cf6903020c11d798ce72ee327d2a91c7697ca6
10-15 19:13:04.005 17572 17610 D xm      : (MULTICAST)receive: 'loopback' from 192.168.10.171:10000
10-15 19:13:04.006 17572 17610 I xm      : #set_rfid_read_timeout 200(ms) -> 200(ms)
10-15 19:13:04.006 17572 17610 D xm      : @NATIVE_CONFIG 2,1,1,0x197,0x1a7
10-15 19:13:04.006 17572 17610 D xm      : (1-th)start @JNI_CALL_BEGIN
10-15 19:13:04.021 17612 17612 D xm      : (BLOCK_OP)@START
10-15 19:13:04.021 17612 17612 D xm      : try to open /dev/ttymxc2(72)
10-15 19:13:04.022 17612 17612 D xm      : (BLOCK_OP)@END 0
10-15 19:13:04.031 17572 17572 I weightfood: MqttControl: MqttClient start
10-15 19:13:04.037 17572 17572 I weightfood: MqttService: onStartCommand: null
10-15 19:13:04.037 17572 17613 E weightfood: MqttControl: startConnect： MqttConifgInfo(clientId=1419b209dab4544a, userName=xiaomeng, password=xiaomengtech_food, broker=ssl://mqtt-tc.iot.weimobqa.com:8883)
10-15 19:13:04.039 17572 17572 I weightfood: OrderService: onCreate
10-15 19:13:04.043 17572 17572 I weightfood: OrderService: onStartCommand: null
10-15 19:13:04.045 17572 17572 I weightfood: LogUploadService: onCreate
10-15 19:13:04.047 17572 17613 I weightfood: MqttControl: setState :1
10-15 19:13:04.050 17572 17572 I weightfood: LogUploadService: onStartCommand: null
10-15 19:13:04.054 17572 17615 I weightfood: ..: 开始压缩 2020-10-15-18 
10-15 19:13:04.067 17572 17615 I weightfood: ..: 压缩成功: 34526  2078
10-15 19:13:04.069 17572 17615 I weightfood: LogUploadControl: 正在上传 : /storage/emulated/0/weightfood/log/2020-10-15-18.zip
10-15 19:13:04.080 17572 17615 I weightfood: HttpUtil: absolute_url=====>  http://food-qa.xmartmonkey.com/manage/update/uploadLog
10-15 19:13:04.081 17572 17610 D xm      : @timeout_op subprocess status: 0
10-15 19:13:04.082 17572 17610 I xm      : (WEIGH)open /dev/ttymxc2(72)
10-15 19:13:04.106 17572 17572 I weightfood: : 收到事件 NotifyData(type=26, data=null, time=0)
10-15 19:13:04.135 17572 17620 I weightfood: LogRepsonseHandler: onSuccess :{"code":0,"msg":"","operation":"","data":true}
10-15 19:13:04.135 17572 17615 I weightfood: LogUploadControl: /storage/emulated/0/weightfood/log/2020-10-15-18.zip 上传 成功
10-15 19:13:04.136 17572 17582 I meng.weightfoo: Background concurrent copying GC freed 11304(962KB) AllocSpace objects, 0(0B) LOS objects, 50% free, 2MB/4MB, paused 240us total 126.044ms
10-15 19:13:04.144 17572 17572 I weightfood: [XUpdate]: 服务端返回的最新版本信息:{"code":0,"msg":"","operation":"","data":{"versionId":55,"updateStatus":1,"versionCode":87,"versionName":"1.0.87-qa","uploadTime":"2020-10-15 09:52:59","apkSize":4472,"appKey":"com.xiaomeng.weightfood","modifyContent":"测试\n测试\n测试\n测试\n测试\n测试\n测试\n测试","downloadUrl":"2020/10/15/09/52/48/aikitchen_weighter-qa-BRmaster-BN87.apk","apkMd5":"F2270555FB4F038F484254A345BA95D8","rlsStatus":1,"rlsTime":"2020-10-15 09:53:15.569"}}
10-15 19:13:04.145 17572 17572 I weightfood: [XUpdate]: ##@@## ==> json={"code":0,"msg":"","operation":"","data":{"versionId":55,"updateStatus":1,"versionCode":87,"versionName":"1.0.87-qa","uploadTime":"2020-10-15 09:52:59","apkSize":4472,"appKey":"com.xiaomeng.weightfood","modifyContent":"测试\n测试\n测试\n测试\n测试\n测试\n测试\n测试","downloadUrl":"2020/10/15/09/52/48/aikitchen_weighter-qa-BRmaster-BN87.apk","apkMd5":"F2270555FB4F038F484254A345BA95D8","rlsStatus":1,"rlsTime":"2020-10-15 09:53:15.569"}}
10-15 19:13:04.164 17621 17621 D xm      : (BLOCK_OP)@START
10-15 19:13:04.165 17621 17621 D xm      : Send %EDSZ;
10-15 19:13:04.165 17621 17621 D xm      : (BLOCK_OP)@END 0
10-15 19:13:04.167 17572 17572 I weightfood: [XUpdate]: ##@@##XUpdateServiceParser: apiResult=ApiResult{Code='0', Msg='', Data=com.xiaomeng.weightfood.xupdate.entity.AppVersionInfo@e8d232}
10-15 19:13:04.168 17572 17572 I weightfood: [XUpdate]: ##@@## doLocalCompare E, appVersionInfo.getUpdateStatus() =1
10-15 19:13:04.168 17572 17572 I weightfood: [XUpdate]: ##@@## doLocalCompare 1: lastVersionCode=87
10-15 19:13:04.171 17572 17572 I weightfood: [XUpdate]: ##@@## doLocalCompare 2:  context versioncode=1
10-15 19:13:04.182 17572 17572 I weightfood: [XUpdate]: 发现新版本:UpdateEntity{mHasUpdate=true, mIsForce=false, mIsIgnorable=false, mVersionCode=87, mVersionName='1.0.87-qa', mUpdateContent='测试
10-15 19:13:04.182 17572 17572 I weightfood: 测试
10-15 19:13:04.182 17572 17572 I weightfood: 测试
10-15 19:13:04.182 17572 17572 I weightfood: 测试
10-15 19:13:04.182 17572 17572 I weightfood: 测试
10-15 19:13:04.182 17572 17572 I weightfood: 测试
10-15 19:13:04.182 17572 17572 I weightfood: 测试
10-15 19:13:04.182 17572 17572 I weightfood: 测试', mDownloadEntity=DownloadEntity{mDownloadUrl='http://food-qa.xmartmonkey.com/manage/update/apk/2020/10/15/09/52/48/aikitchen_weighter-qa-BRmaster-BN87.apk', mCacheDir='/storage/emulated/0/Android/data/com.xiaomeng.weightfood/cache/xupdate', mMd5='F2270555FB4F038F484254A345BA95D8', mSize=4472, mIsShowNotification=false}, mIsSilent=false, mIsAutoInstall=true, mIUpdateHttpService=com.xiaomeng.weightfood.xupdate.http.OKHttpUpdateHttpService@9706100}
10-15 19:13:04.232 17572 17610 D xm      : @timeout_op subprocess status: 0
10-15 19:13:04.271 17572 17572 I weightfood: CustomResponseHandler: onSuccess :{"returnCode":"000000","returnMsg":null,"logBizData":null,"processResult":true,"responseVo":{"pid":20558,"storeId":75636558,"storeName":"萌食堂-萌食堂","position":"a"},"errT":null,"monitorTrackId":"63538cdf-9a0e-43ab-97cc-f07f206b331a","timestamp":"1602760384786","globalTicket":"028a14a862e24880a932500510928b33","successForMornitor":true}
10-15 19:13:04.272 17572 17610 D xm      : Receive :EDSZ;
10-15 19:13:04.286 17625 17625 D xm      : (BLOCK_OP)@START
10-15 19:13:04.286 17625 17625 D xm      : try to open /dev/ttymxc0(43)
10-15 19:13:04.286 17625 17625 D xm      : (BLOCK_OP)@END 0
10-15 19:13:04.290 17572 17572 I weightfood: MainPresent: getPidInfo onSuccess : PidInfo(pid=20558, storeId=75636558, storeName=萌食堂-萌食堂, position=a)
10-15 19:13:04.296 17572 17572 I weightfood: MainPresent: getConfigInfo...
10-15 19:13:04.300 17572 17572 I weightfood: HttpUtil: post =====> isUseLongTimeConnect:true http://tc.iot.weimobqa.com/device/weight/withDishes/query {"weightId":"1419b209dab4544a","pid":"20558","storeId":"75636558"}  
10-15 19:13:04.314 17572 17580 W System  : A resource failed to call close. 
10-15 19:13:04.349 17572 17610 D xm      : @timeout_op subprocess status: 0
10-15 19:13:04.350 17572 17610 I xm      : (RFID)open /dev/ttymxc0(43)
10-15 19:13:04.350 17572 17610 D xm      : start @JNI_CALL_END
10-15 19:13:04.350 17572 17610 I weightfood: JniControl: isstarted =  0  thread:jni-thread
10-15 19:13:04.351 17572 17627 D xm      : @TIMEOUT approach: 50, away: 1000
10-15 19:13:04.386  3017  3588 D SurfaceFlinger: duplicate layer name: changing com.xiaomeng.weightfood/com.xiaomeng.weightfood.activity.MainActivity to com.xiaomeng.weightfood/com.xiaomeng.weightfood.activity.MainActivity#1
10-15 19:13:04.454 17572 17629 D AlarmPingSender: Register alarmreceiver to MqttServiceMqttService.pingSender.1419b209dab4544a
10-15 19:13:04.456 17572 17629 D AlarmPingSender: Schedule next alarm at 1602760444456
10-15 19:13:04.456 14667 14724 I chatty  : uid=10087(com.xiaomeng.weightfoodpay) expire 3 lines
10-15 19:13:04.457 17572 17629 D AlarmPingSender: Alarm scheule using setExactAndAllowWhileIdle, next: 60000
10-15 19:13:04.504 17572 17572 I weightfood: MqttControl:   callback connectComplete false ssl://mqtt-tc.iot.weimobqa.com:8883
10-15 19:13:04.506 17572 17613 I weightfood: MqttControl: setState :2
10-15 19:13:04.513 17572 17613 I weightfood: MqttControl: thread:420 mqtt public topic:device/reportStatus/weight/1419b209dab4544a msg:AliveData(deviceId=1419b209dab4544a, pid=20558, storeId=75636558, position=a, report_status=0, report_time=1602760384512, version_code=1, version_name=1.0.1-qa)  
10-15 19:13:04.516 17572 17572 I weightfood: CustomResponseHandler: onSuccess :{"returnCode":"000000","returnMsg":null,"logBizData":null,"processResult":true,"responseVo":{"pid":20558,"storeId":75636558,"dishesId":780200918558,"dishesName":"菜品价格","unitType":101,"unitTypeCount":50,"unitName":"g","buyPrice":6.00,"storeName":"萌食堂-萌食堂"},"errT":null,"monitorTrackId":"562374e6-05b1-4c00-9c39-00d62b291d3d","timestamp":"1602760385183","globalTicket":"77d5b6d040ea4213b1664c0781dd2f35","successForMornitor":true}
10-15 19:13:04.520 17572 17572 I weightfood: MainPresent: onSuccess : FoodInfo(dishesId=780200918558, dishesName=菜品价格, unitName=g, unitTypeCount=50, unitType=101, storeName=萌食堂-萌食堂, buyPrice=6.0, isBind=false)
10-15 19:13:04.525 14667 14667 I chatty  : uid=10087(com.xiaomeng.weightfoodpay) expire 27 lines
10-15 19:13:04.527 17572 17572 I weightfood: : 收到事件 NotifyData(type=17, data=null, time=0)
10-15 19:13:04.527 17572 17572 I weightfood: setNetState isOnline:true
10-15 19:13:04.528 17572 17572 I weightfood: OrderService: onStartCommand: net
10-15 19:13:04.529 17572 17572 I weightfood: notifyMqttState online:true
10-15 19:13:04.529 17572 17614 I weightfood: MSG_MQTT_STATE mMqttOnline:true
10-15 19:13:04.530 14667 14714 I chatty  : uid=10087(com.xiaomeng.weightfoodpay) expire 3 lines
10-15 19:13:04.569 17572 17572 I weightfood: MqttControl: subscribe: onSuccess 
10-15 19:13:04.570 17572 17572 I weightfood: MqttControl: subscribe: onSuccess 
10-15 19:13:04.761  3023  3570 W APM_AudioPolicyManager: getOutputForDevice() could not find output for stream 1, sampling rate 48000, format 0x1, channels 0x3, flags 0x4
10-15 19:13:04.761  3023  3570 E AudioFlinger: createTrack() getOutputForAttr() return error -38 or invalid output handle
10-15 19:13:04.762  3135  3248 E IAudioFlinger: createTrack returned error -38
10-15 19:13:04.763  3135  3248 E AudioTrack: AudioFlinger could not create track, status: -38 output 1712346480
10-15 19:13:04.763  3135  3248 E SoundPool: Error creating AudioTrack
10-15 19:13:04.763  3135  3248 D AudioTrack: no metrics gathered, track status=-38
10-15 19:13:04.834  3135  3225 I WindowManager: Ignoring HOME; event canceled.
10-15 19:13:05.438 17572 17627 D xm      : @BLOB 0x3a 0x52 0x4e 0x45 0x54 0x2b 0x30 0x30 0x30 0x30 0x30 0x30 0x3b
10-15 19:13:05.438 17572 17627 D xm      : @lp7522_weight 0
10-15 19:13:05.439 17572 17627 D xm      : @notify_weight 1-th send '171@0'
10-15 19:13:05.624  3023  3570 W APM_AudioPolicyManager: getOutputForDevice() could not find output for stream 1, sampling rate 48000, format 0x1, channels 0x3, flags 0x4
10-15 19:13:05.624  3023  3570 E AudioFlinger: createTrack() getOutputForAttr() return error -38 or invalid output handle
10-15 19:13:05.625  3135  3248 E IAudioFlinger: createTrack returned error -38
10-15 19:13:05.625  3135  3248 E AudioTrack: AudioFlinger could not create track, status: -38 output 1712346480
10-15 19:13:05.625  3135  3248 E SoundPool: Error creating AudioTrack
10-15 19:13:05.625  3135  3248 D AudioTrack: no metrics gathered, track status=-38
10-15 19:13:05.651 14667 14726 I chatty  : uid=10087(com.xiaomeng.weightfoodpay) expire 6 lines
10-15 19:13:05.655 17572 17629 D AlarmPingSender: Unregister alarmreceiver to MqttService1419b209dab4544a
10-15 19:13:05.672 17572 17629 D AlarmPingSender: Schedule next alarm at 1602760385771
10-15 19:13:05.672 17572 17629 D AlarmPingSender: Alarm scheule using setExactAndAllowWhileIdle, next: 100
10-15 19:13:05.675 17572 17572 I weightfood: MqttControl:   callback connectionLost 已断开连接 (32109) - java.io.EOFException
10-15 19:13:05.676 17572 17613 I weightfood: MqttControl: setState :3
10-15 19:13:05.679 17572 17572 I weightfood: OrderService: onStartCommand: net
10-15 19:13:05.679 17572 17572 I weightfood: notifyMqttState online:false
10-15 19:13:05.680 17572 17572 I weightfood: : 收到事件 NotifyData(type=9, data=null, time=0)
10-15 19:13:05.680 17572 17572 I weightfood: setNetState isOnline:false
10-15 19:13:05.681 17572 17614 I weightfood: MSG_MQTT_STATE mMqttOnline:false
10-15 19:13:05.695  3299  3299 V StatusBar: mStatusBarWindow: com.android.systemui.statusbar.phone.StatusBarWindowView{344be9d V.ED..... ........ 0,0-600,24} canPanelBeCollapsed(): false
10-15 19:13:05.701  3299  3299 I vol.Events: writeEvent dismiss_dialog volume_controller
10-15 19:13:05.718  3135 13176 I ActivityManager: START u0 {act=android.intent.action.MAIN cat=[android.intent.category.HOME] flg=0x10000000 cmp=com.android.launcher3/.Launcher (has extras)} from uid 10021
10-15 19:13:05.758  3017  3057 D SurfaceFlinger: duplicate layer name: changing com.xiaomeng.weightfood/com.xiaomeng.weightfood.activity.MainActivity to com.xiaomeng.weightfood/com.xiaomeng.weightfood.activity.MainActivity#2
10-15 19:13:06.052 17572 17614 I weightfood: OrderControl: mMqttOnline:false , net: true
10-15 19:13:06.198  3017  3057 W SurfaceFlinger: Attempting to set client state on removed layer: com.xiaomeng.weightfood/com.xiaomeng.weightfood.activity.MainActivity#0
10-15 19:13:06.198  3017  3057 W SurfaceFlinger: Attempting to destroy on removed layer: com.xiaomeng.weightfood/com.xiaomeng.weightfood.activity.MainActivity#0
10-15 19:13:06.201  3017  3588 W SurfaceFlinger: Attempting to set client state on removed layer: com.xiaomeng.weightfood/com.xiaomeng.weightfood.activity.MainActivity#0
10-15 19:13:06.201  3017  3588 W SurfaceFlinger: Attempting to destroy on removed layer: com.xiaomeng.weightfood/com.xiaomeng.weightfood.activity.MainActivity#0
10-15 19:13:06.216  3017  3063 W SurfaceFlinger: Attempting to set client state on removed layer: com.xiaomeng.weightfood/com.xiaomeng.weightfood.activity.MainActivity#1
10-15 19:13:06.217  3017  3063 W SurfaceFlinger: Attempting to destroy on removed layer: com.xiaomeng.weightfood/com.xiaomeng.weightfood.activity.MainActivity#1
10-15 19:13:06.439  3135  4163 I ConfigStore: android::hardware::configstore::V1_0::ISurfaceFlingerConfigs::hasWideColorDisplay retrieved: 0
10-15 19:13:06.439  3135  4163 I ConfigStore: android::hardware::configstore::V1_0::ISurfaceFlingerConfigs::hasHDRDisplay retrieved: 0
10-15 19:13:06.439  3135  4163 I OpenGLRenderer: Initialized EGL, version 1.4
10-15 19:13:06.439  3135  4163 D OpenGLRenderer: Swap behavior 2
10-15 19:13:06.481  3017  3063 W SurfaceFlinger: Attempting to set client state on removed layer: Dim Layer for - Task=53#0
10-15 19:13:06.482  3017  3063 W SurfaceFlinger: Attempting to destroy on removed layer: Dim Layer for - Task=53#0
10-15 19:13:06.511 17572 17627 D xm      : @BLOB 0x3a 0x52 0x4e 0x45 0x54 0x2b 0x30 0x30 0x30 0x30 0x30 0x30 0x3b
10-15 19:13:06.511 17572 17627 D xm      : @lp7522_weight 0
10-15 19:13:06.511 17572 17627 D xm      : @notify_weight 2-th send '171@0'
10-15 19:13:06.774 17572 17631 D AlarmPingSender: Register alarmreceiver to MqttServiceMqttService.pingSender.1419b209dab4544a
10-15 19:13:06.782 17572 17631 D AlarmPingSender: Schedule next alarm at 1602760446782
10-15 19:13:06.782 17572 17631 D AlarmPingSender: Alarm scheule using setExactAndAllowWhileIdle, next: 60000
10-15 19:13:06.791 17572 17572 I weightfood: MqttControl:   callback connectComplete true ssl://mqtt-tc.iot.weimobqa.com:8883
10-15 19:13:06.793 17572 17613 I weightfood: MqttControl: setState :2
10-15 19:13:06.799 17572 17572 I weightfood: OrderService: onStartCommand: net
10-15 19:13:06.800 17572 17572 I weightfood: notifyMqttState online:true
10-15 19:13:06.803 17572 17614 I weightfood: MSG_MQTT_STATE mMqttOnline:true
10-15 19:13:06.808 17572 17572 I weightfood: : 收到事件 NotifyData(type=17, data=null, time=0)
10-15 19:13:06.814 17572 17572 I weightfood: setNetState isOnline:true
10-15 19:13:06.839 17572 17572 I weightfood: MainPresent: getPidInfo...
